Archive member included to satisfy reference by file (symbol)

/usr/lib/gcc/arm-none-eabi/4.9.3/../../../arm-none-eabi/lib/armv7-m/libc_nano.a(lib_a-atexit.o)
                              /usr/lib/gcc/arm-none-eabi/4.9.3/../../../arm-none-eabi/lib/armv7-m/crt0.o (atexit)
/usr/lib/gcc/arm-none-eabi/4.9.3/../../../arm-none-eabi/lib/armv7-m/libc_nano.a(lib_a-exit.o)
                              /usr/lib/gcc/arm-none-eabi/4.9.3/../../../arm-none-eabi/lib/armv7-m/crt0.o (exit)
/usr/lib/gcc/arm-none-eabi/4.9.3/../../../arm-none-eabi/lib/armv7-m/libc_nano.a(lib_a-fini.o)
                              /usr/lib/gcc/arm-none-eabi/4.9.3/../../../arm-none-eabi/lib/armv7-m/crt0.o (__libc_fini_array)
/usr/lib/gcc/arm-none-eabi/4.9.3/../../../arm-none-eabi/lib/armv7-m/libc_nano.a(lib_a-impure.o)
                              /usr/lib/gcc/arm-none-eabi/4.9.3/../../../arm-none-eabi/lib/armv7-m/libc_nano.a(lib_a-exit.o) (_global_impure_ptr)
/usr/lib/gcc/arm-none-eabi/4.9.3/../../../arm-none-eabi/lib/armv7-m/libc_nano.a(lib_a-init.o)
                              /usr/lib/gcc/arm-none-eabi/4.9.3/../../../arm-none-eabi/lib/armv7-m/crt0.o (__libc_init_array)
/usr/lib/gcc/arm-none-eabi/4.9.3/../../../arm-none-eabi/lib/armv7-m/libc_nano.a(lib_a-memcpy.o)
                              obj/constManager.o (memcpy)
/usr/lib/gcc/arm-none-eabi/4.9.3/../../../arm-none-eabi/lib/armv7-m/libc_nano.a(lib_a-memset.o)
                              /usr/lib/gcc/arm-none-eabi/4.9.3/../../../arm-none-eabi/lib/armv7-m/crt0.o (memset)
/usr/lib/gcc/arm-none-eabi/4.9.3/../../../arm-none-eabi/lib/armv7-m/libc_nano.a(lib_a-__atexit.o)
                              /usr/lib/gcc/arm-none-eabi/4.9.3/../../../arm-none-eabi/lib/armv7-m/libc_nano.a(lib_a-atexit.o) (__register_exitproc)
/usr/lib/gcc/arm-none-eabi/4.9.3/../../../arm-none-eabi/lib/armv7-m/libc_nano.a(lib_a-__call_atexit.o)
                              /usr/lib/gcc/arm-none-eabi/4.9.3/../../../arm-none-eabi/lib/armv7-m/libc_nano.a(lib_a-__atexit.o) (__call_exitprocs)

Discarded input sections

 .text          0x0000000000000000        0x0 /usr/lib/gcc/arm-none-eabi/4.9.3/armv7-m/crti.o
 .data          0x0000000000000000        0x0 /usr/lib/gcc/arm-none-eabi/4.9.3/armv7-m/crti.o
 .bss           0x0000000000000000        0x0 /usr/lib/gcc/arm-none-eabi/4.9.3/armv7-m/crti.o
 .data          0x0000000000000000        0x4 /usr/lib/gcc/arm-none-eabi/4.9.3/armv7-m/crtbegin.o
 .text          0x0000000000000000       0x68 /usr/lib/gcc/arm-none-eabi/4.9.3/../../../arm-none-eabi/lib/armv7-m/crt0.o
 .data          0x0000000000000000        0x0 /usr/lib/gcc/arm-none-eabi/4.9.3/../../../arm-none-eabi/lib/armv7-m/crt0.o
 .bss           0x0000000000000000        0x0 /usr/lib/gcc/arm-none-eabi/4.9.3/../../../arm-none-eabi/lib/armv7-m/crt0.o
 .ARM.extab     0x0000000000000000        0x0 /usr/lib/gcc/arm-none-eabi/4.9.3/../../../arm-none-eabi/lib/armv7-m/crt0.o
 .ARM.exidx     0x0000000000000000        0x8 /usr/lib/gcc/arm-none-eabi/4.9.3/../../../arm-none-eabi/lib/armv7-m/crt0.o
 .debug_line    0x0000000000000000       0x7b /usr/lib/gcc/arm-none-eabi/4.9.3/../../../arm-none-eabi/lib/armv7-m/crt0.o
 .debug_info    0x0000000000000000       0xa8 /usr/lib/gcc/arm-none-eabi/4.9.3/../../../arm-none-eabi/lib/armv7-m/crt0.o
 .debug_abbrev  0x0000000000000000       0x14 /usr/lib/gcc/arm-none-eabi/4.9.3/../../../arm-none-eabi/lib/armv7-m/crt0.o
 .debug_aranges
                0x0000000000000000       0x20 /usr/lib/gcc/arm-none-eabi/4.9.3/../../../arm-none-eabi/lib/armv7-m/crt0.o
 .ARM.attributes
                0x0000000000000000       0x1b /usr/lib/gcc/arm-none-eabi/4.9.3/../../../arm-none-eabi/lib/armv7-m/crt0.o
 .group         0x0000000000000000        0x8 obj/system_stm32f1xx.o
 .group         0x0000000000000000        0x8 obj/system_stm32f1xx.o
 .group         0x0000000000000000        0x8 obj/system_stm32f1xx.o
 .group         0x0000000000000000        0x8 obj/system_stm32f1xx.o
 .group         0x0000000000000000        0x8 obj/system_stm32f1xx.o
 .group         0x0000000000000000        0x8 obj/system_stm32f1xx.o
 .group         0x0000000000000000        0x8 obj/system_stm32f1xx.o
 .group         0x0000000000000000        0x8 obj/system_stm32f1xx.o
 .group         0x0000000000000000        0x8 obj/system_stm32f1xx.o
 .group         0x0000000000000000        0x8 obj/system_stm32f1xx.o
 .group         0x0000000000000000        0x8 obj/system_stm32f1xx.o
 .group         0x0000000000000000        0x8 obj/system_stm32f1xx.o
 .group         0x0000000000000000        0x8 obj/system_stm32f1xx.o
 .text          0x0000000000000000        0x0 obj/system_stm32f1xx.o
 .data          0x0000000000000000        0x0 obj/system_stm32f1xx.o
 .bss           0x0000000000000000        0x0 obj/system_stm32f1xx.o
 .text.SystemCoreClockUpdate
                0x0000000000000000       0x94 obj/system_stm32f1xx.o
 .group         0x0000000000000000        0x8 obj/msp.o
 .group         0x0000000000000000        0x8 obj/msp.o
[...]
Memory Configuration

Name             Origin             Length             Attributes
FLASH            0x0000000008000000 0x000000000001fc00 xr
RAM              0x0000000020000000 0x0000000000005000 xrw
*default*        0x0000000000000000 0xffffffffffffffff

Linker script and memory map

LOAD /usr/lib/gcc/arm-none-eabi/4.9.3/armv7-m/crti.o
LOAD /usr/lib/gcc/arm-none-eabi/4.9.3/armv7-m/crtbegin.o
LOAD /usr/lib/gcc/arm-none-eabi/4.9.3/../../../arm-none-eabi/lib/armv7-m/crt0.o
LOAD obj/system_stm32f1xx.o
LOAD obj/msp.o
LOAD obj/deviceDefinition.o
LOAD obj/constManager.o
LOAD obj/app.o
LOAD obj/stm32f1xx_it.o
LOAD obj/assert.o
LOAD obj/stm32f1xx_hal_hcd.o
LOAD obj/stm32f1xx_hal_sram.o
LOAD obj/stm32f1xx_hal_rcc.o
LOAD obj/stm32f1xx_hal_nor.o
LOAD obj/stm32f1xx_hal_flash.o
LOAD obj/stm32f1xx_hal_rtc_ex.o
LOAD obj/stm32f1xx_hal_crc.o
LOAD obj/stm32f1xx_hal_usart.o
LOAD obj/stm32f1xx_hal_dac_ex.o
LOAD obj/stm32f1xx_hal_pcd.o
LOAD obj/stm32f1xx_ll_sdmmc.o
LOAD obj/stm32f1xx_hal_irda.o
LOAD obj/stm32f1xx_hal_wwdg.o
LOAD obj/stm32f1xx_hal_rtc.o
LOAD obj/stm32f1xx_hal_pwr.o
LOAD obj/stm32f1xx_ll_fsmc.o
LOAD obj/stm32f1xx_ll_usb.o
LOAD obj/stm32f1xx_hal_smartcard.o
LOAD obj/stm32f1xx_hal_uart.o
LOAD obj/stm32f1xx_hal_tim.o
LOAD obj/stm32f1xx_hal_pcd_ex.o
LOAD obj/stm32f1xx_hal_adc.o
LOAD obj/stm32f1xx_hal.o
LOAD obj/stm32f1xx_hal_gpio.o
LOAD obj/stm32f1xx_hal_spi.o
LOAD obj/stm32f1xx_hal_pccard.o
LOAD obj/stm32f1xx_hal_rcc_ex.o
LOAD obj/stm32f1xx_hal_cec.o
LOAD obj/stm32f1xx_hal_cortex.o
LOAD obj/stm32f1xx_hal_i2c.o
LOAD obj/stm32f1xx_hal_tim_ex.o
LOAD obj/stm32f1xx_hal_adc_ex.o
LOAD obj/stm32f1xx_hal_spi_ex.o
LOAD obj/stm32f1xx_hal_dma.o
LOAD obj/stm32f1xx_hal_iwdg.o
LOAD obj/stm32f1xx_hal_gpio_ex.o
LOAD obj/stm32f1xx_hal_flash_ex.o
LOAD obj/stm32f1xx_hal_dac.o
LOAD obj/stm32f1xx_hal_can.o
LOAD obj/stm32f1xx_hal_nand.o
LOAD obj/stm32f1xx_hal_sd.o
LOAD obj/stm32f1xx_hal_i2s.o
LOAD obj/stm32f1xx_hal_eth.o
LOAD obj/MW_I2C.o
LOAD obj/MW_TIM.o
LOAD obj/MW_flash.o
LOAD obj/MW_ENCODER.o
LOAD obj/MW_USART.o
LOAD obj/MW_GPIO.o
LOAD obj/message.o
LOAD obj/xprintf.o
LOAD obj/DD_RC.o
LOAD obj/DD_ENCODER.o
LOAD obj/DD_SV.o
LOAD obj/DD_MD.o
LOAD obj/DD_AB.o
LOAD obj/DD_Gene.o
LOAD obj/SystemTaskManager.o
LOAD obj/startup.o
START GROUP
LOAD /usr/lib/gcc/arm-none-eabi/4.9.3/armv7-m/libgcc.a
END GROUP
START GROUP
LOAD /usr/lib/gcc/arm-none-eabi/4.9.3/armv7-m/libgcc.a
LOAD /usr/lib/gcc/arm-none-eabi/4.9.3/../../../arm-none-eabi/lib/armv7-m/libc_nano.a
END GROUP
START GROUP
LOAD /usr/lib/gcc/arm-none-eabi/4.9.3/armv7-m/libgcc.a
LOAD /usr/lib/gcc/arm-none-eabi/4.9.3/../../../arm-none-eabi/lib/armv7-m/libc_nano.a
END GROUP
LOAD /usr/lib/gcc/arm-none-eabi/4.9.3/armv7-m/crtend.o
LOAD /usr/lib/gcc/arm-none-eabi/4.9.3/armv7-m/crtn.o
                0x0000000020005000                _estack = 0x20005000
                0x0000000000000200                _Min_Heap_Size = 0x200
                0x0000000000000400                _Min_Stack_Size = 0x400

.isr_vector     0x0000000008000000      0x10c
                0x0000000008000000                . = ALIGN (0x4)
 *(.isr_vector)
 .isr_vector    0x0000000008000000      0x10c obj/startup.o
                0x0000000008000000                g_pfnVectors
                0x000000000800010c                . = ALIGN (0x4)

.text           0x000000000800010c     0x4418
                0x000000000800010c                . = ALIGN (0x4)
 *(.text)
 .text          0x000000000800010c       0xa4 /usr/lib/gcc/arm-none-eabi/4.9.3/armv7-m/crtbegin.o
 *(.text*)
 .text.SystemInit
                0x00000000080001b0       0x4c obj/system_stm32f1xx.o
                0x00000000080001b0                SystemInit
 .text.HAL_MspInit
                0x00000000080001fc       0x7c obj/msp.o
                0x00000000080001fc                HAL_MspInit
 .text.HAL_I2C_MspInit
                0x0000000008000278       0x9c obj/msp.o
                0x0000000008000278                HAL_I2C_MspInit
 .text.HAL_UART_MspInit
                0x0000000008000314      0x1f8 obj/msp.o
                0x0000000008000314                HAL_UART_MspInit
 .text.reloadDefault
                0x000000000800050c       0x18 obj/constManager.o
 .text.load     0x0000000008000524       0x40 obj/constManager.o
 .text.interval_10ms
                0x0000000008000564       0x38 obj/constManager.o
 .text.wait     0x000000000800059c       0x14 obj/constManager.o
 .text.ad_const_elementPrint
                0x00000000080005b0       0x28 obj/constManager.o
 .text.adjustPrint
                0x00000000080005d8      0x170 obj/constManager.o
 .text.RC_adjust_Zero
                0x0000000008000748      0x1fc obj/constManager.o
 .text.RC_adjust
                0x0000000008000944       0x10 obj/constManager.o
 .text.saveData
                0x0000000008000954       0x1c obj/constManager.o
 .text.save     0x0000000008000970       0x28 obj/constManager.o
 .text.ad_keyTask
                0x0000000008000998      0x278 obj/constManager.o
 .text.adjust   0x0000000008000c10      0x158 obj/constManager.o
 .text.ad_init  0x0000000008000d68        0xc obj/constManager.o
                0x0000000008000d68                ad_init
 .text.ad_main  0x0000000008000d74        0x8 obj/constManager.o
                0x0000000008000d74                ad_main
 .text.appInit  0x0000000008000d7c        0xc obj/app.o
                0x0000000008000d7c                appInit
 .text.appTask  0x0000000008000d88       0x60 obj/app.o
                0x0000000008000d88                appTask
 .text.NMI_Handler
                0x0000000008000de8        0x4 obj/stm32f1xx_it.o
                0x0000000008000de8                NMI_Handler
 .text.HardFault_Handler
                0x0000000008000dec        0x4 obj/stm32f1xx_it.o
                0x0000000008000dec                HardFault_Handler
 .text.MemManage_Handler
                0x0000000008000df0        0x4 obj/stm32f1xx_it.o
                0x0000000008000df0                MemManage_Handler
 .text.BusFault_Handler
                0x0000000008000df4        0x4 obj/stm32f1xx_it.o
                0x0000000008000df4                BusFault_Handler
 .text.UsageFault_Handler
                0x0000000008000df8        0x4 obj/stm32f1xx_it.o
                0x0000000008000df8                UsageFault_Handler
 .text.SVC_Handler
                0x0000000008000dfc        0x4 obj/stm32f1xx_it.o
                0x0000000008000dfc                SVC_Handler
 .text.DebugMon_Handler
                0x0000000008000e00        0x4 obj/stm32f1xx_it.o
                0x0000000008000e00                DebugMon_Handler
 .text.PendSV_Handler
                0x0000000008000e04        0x4 obj/stm32f1xx_it.o
                0x0000000008000e04                PendSV_Handler
 .text.SysTick_Handler
                0x0000000008000e08       0x18 obj/stm32f1xx_it.o
                0x0000000008000e08                SysTick_Handler
 .text.DMA1_Channel7_IRQHandler
                0x0000000008000e20       0x10 obj/stm32f1xx_it.o
                0x0000000008000e20                DMA1_Channel7_IRQHandler
 .text.DMA1_Channel3_IRQHandler
                0x0000000008000e30       0x10 obj/stm32f1xx_it.o
                0x0000000008000e30                DMA1_Channel3_IRQHandler
 .text.USART3_IRQHandler
                0x0000000008000e40       0x10 obj/stm32f1xx_it.o
                0x0000000008000e40                USART3_IRQHandler
 .text.USART2_IRQHandler
                0x0000000008000e50       0x10 obj/stm32f1xx_it.o
                0x0000000008000e50                USART2_IRQHandler
 .text.assert_failed
                0x0000000008000e60        0x4 obj/assert.o
                0x0000000008000e60                assert_failed
 .text.HAL_RCC_OscConfig
                0x0000000008000e64      0x718 obj/stm32f1xx_hal_rcc.o
                0x0000000008000e64                HAL_RCC_OscConfig
 .text.HAL_RCC_GetSysClockFreq
                0x000000000800157c       0x90 obj/stm32f1xx_hal_rcc.o
                0x000000000800157c                HAL_RCC_GetSysClockFreq
 .text.HAL_RCC_ClockConfig
                0x000000000800160c      0x2a4 obj/stm32f1xx_hal_rcc.o
                0x000000000800160c                HAL_RCC_ClockConfig
 .text.HAL_RCC_GetHCLKFreq
                0x00000000080018b0        0xc obj/stm32f1xx_hal_rcc.o
                0x00000000080018b0                HAL_RCC_GetHCLKFreq
 .text.HAL_RCC_GetPCLK1Freq
                0x00000000080018bc       0x2c obj/stm32f1xx_hal_rcc.o
                0x00000000080018bc                HAL_RCC_GetPCLK1Freq
 .text.HAL_RCC_GetPCLK2Freq
                0x00000000080018e8       0x2c obj/stm32f1xx_hal_rcc.o
                0x00000000080018e8                HAL_RCC_GetPCLK2Freq
 .text.FLASH_Program_HalfWord
                0x0000000008001914       0x1c obj/stm32f1xx_hal_flash.o
 .text.FLASH_SetErrorCode
                0x0000000008001930       0x58 obj/stm32f1xx_hal_flash.o
 .text.HAL_FLASH_Unlock
                0x0000000008001988       0x28 obj/stm32f1xx_hal_flash.o
                0x0000000008001988                HAL_FLASH_Unlock
 .text.HAL_FLASH_Lock
                0x00000000080019b0       0x14 obj/stm32f1xx_hal_flash.o
                0x00000000080019b0                HAL_FLASH_Lock
 .text.FLASH_WaitForLastOperation
                0x00000000080019c4       0x70 obj/stm32f1xx_hal_flash.o
                0x00000000080019c4                FLASH_WaitForLastOperation
 .text.HAL_FLASH_Program
                0x0000000008001a34      0x100 obj/stm32f1xx_hal_flash.o
                0x0000000008001a34                HAL_FLASH_Program
 .text.UART_Transmit_IT
                0x0000000008001b34       0x6c obj/stm32f1xx_hal_uart.o
 .text.UART_SetConfig
                0x0000000008001ba0      0x228 obj/stm32f1xx_hal_uart.o
 .text.HAL_UART_Init
                0x0000000008001dc8       0xf8 obj/stm32f1xx_hal_uart.o
                0x0000000008001dc8                HAL_UART_Init
 .text.HAL_UART_Transmit_DMA
                0x0000000008001ec0       0xa0 obj/stm32f1xx_hal_uart.o
                0x0000000008001ec0                HAL_UART_Transmit_DMA
 .text.HAL_UART_Receive_DMA
                0x0000000008001f60       0x98 obj/stm32f1xx_hal_uart.o
                0x0000000008001f60                HAL_UART_Receive_DMA
 .text.UART_DMATransmitCplt
                0x0000000008001ff8       0x30 obj/stm32f1xx_hal_uart.o
 .text.UART_EndTransmit_IT
                0x0000000008002028       0x2c obj/stm32f1xx_hal_uart.o
 .text.HAL_UART_TxHalfCpltCallback
                0x0000000008002054        0x4 obj/stm32f1xx_hal_uart.o
                0x0000000008002054                HAL_UART_TxHalfCpltCallback
 .text.UART_DMATxHalfCplt
                0x0000000008002058        0xc obj/stm32f1xx_hal_uart.o
 .text.UART_DMAReceiveCplt
                0x0000000008002064       0x3c obj/stm32f1xx_hal_uart.o
 .text.UART_Receive_IT
                0x00000000080020a0       0xb4 obj/stm32f1xx_hal_uart.o
 .text.HAL_UART_RxHalfCpltCallback
                0x0000000008002154        0x4 obj/stm32f1xx_hal_uart.o
                0x0000000008002154                HAL_UART_RxHalfCpltCallback
 .text.UART_DMARxHalfCplt
                0x0000000008002158        0xc obj/stm32f1xx_hal_uart.o
 .text.HAL_UART_ErrorCallback
                0x0000000008002164        0x4 obj/stm32f1xx_hal_uart.o
                0x0000000008002164                HAL_UART_ErrorCallback
 .text.UART_DMAError
                0x0000000008002168       0x20 obj/stm32f1xx_hal_uart.o
 .text.HAL_UART_IRQHandler
                0x0000000008002188       0xc4 obj/stm32f1xx_hal_uart.o
                0x0000000008002188                HAL_UART_IRQHandler
 .text.HAL_TIM_PeriodElapsedCallback
                0x000000000800224c        0x4 obj/stm32f1xx_hal_tim.o
                0x000000000800224c                HAL_TIM_PeriodElapsedCallback
 .text.HAL_TIM_OC_DelayElapsedCallback
                0x0000000008002250        0x4 obj/stm32f1xx_hal_tim.o
                0x0000000008002250                HAL_TIM_OC_DelayElapsedCallback
 .text.HAL_TIM_IC_CaptureCallback
                0x0000000008002254        0x4 obj/stm32f1xx_hal_tim.o
                0x0000000008002254                HAL_TIM_IC_CaptureCallback
 .text.HAL_TIM_PWM_PulseFinishedCallback
                0x0000000008002258        0x4 obj/stm32f1xx_hal_tim.o
                0x0000000008002258                HAL_TIM_PWM_PulseFinishedCallback
 .text.HAL_TIM_TriggerCallback
                0x000000000800225c        0x4 obj/stm32f1xx_hal_tim.o
                0x000000000800225c                HAL_TIM_TriggerCallback
 .text.HAL_TIM_IRQHandler
                0x0000000008002260      0x174 obj/stm32f1xx_hal_tim.o
                0x0000000008002260                HAL_TIM_IRQHandler
 .text.HAL_InitTick
                0x00000000080023d4       0x28 obj/stm32f1xx_hal.o
                0x00000000080023d4                HAL_InitTick
 .text.HAL_Init
                0x00000000080023fc       0x24 obj/stm32f1xx_hal.o
                0x00000000080023fc                HAL_Init
 .text.HAL_IncTick
                0x0000000008002420       0x10 obj/stm32f1xx_hal.o
                0x0000000008002420                HAL_IncTick
 .text.HAL_GetTick
                0x0000000008002430        0xc obj/stm32f1xx_hal.o
                0x0000000008002430                HAL_GetTick
 .text.HAL_Delay
                0x000000000800243c       0x1c obj/stm32f1xx_hal.o
                0x000000000800243c                HAL_Delay
 .text.HAL_GPIO_Init
                0x0000000008002458      0x2f8 obj/stm32f1xx_hal_gpio.o
                0x0000000008002458                HAL_GPIO_Init
 .text.HAL_GPIO_WritePin
                0x0000000008002750       0x34 obj/stm32f1xx_hal_gpio.o
                0x0000000008002750                HAL_GPIO_WritePin
 .text.HAL_RCCEx_PeriphCLKConfig
                0x0000000008002784      0x19c obj/stm32f1xx_hal_rcc_ex.o
                0x0000000008002784                HAL_RCCEx_PeriphCLKConfig
 .text.HAL_NVIC_SetPriorityGrouping
                0x0000000008002920       0x3c obj/stm32f1xx_hal_cortex.o
                0x0000000008002920                HAL_NVIC_SetPriorityGrouping
 .text.HAL_NVIC_SetPriority
                0x000000000800295c       0x84 obj/stm32f1xx_hal_cortex.o
                0x000000000800295c                HAL_NVIC_SetPriority
 .text.HAL_NVIC_EnableIRQ
                0x00000000080029e0       0x28 obj/stm32f1xx_hal_cortex.o
                0x00000000080029e0                HAL_NVIC_EnableIRQ
 .text.HAL_SYSTICK_Config
                0x0000000008002a08       0x2c obj/stm32f1xx_hal_cortex.o
                0x0000000008002a08                HAL_SYSTICK_Config
 .text.HAL_SYSTICK_CLKSourceConfig
                0x0000000008002a34       0x38 obj/stm32f1xx_hal_cortex.o
                0x0000000008002a34                HAL_SYSTICK_CLKSourceConfig
 .text.HAL_SYSTICK_Callback
                0x0000000008002a6c        0x4 obj/stm32f1xx_hal_cortex.o
                0x0000000008002a6c                HAL_SYSTICK_Callback
 .text.HAL_SYSTICK_IRQHandler
                0x0000000008002a70        0x8 obj/stm32f1xx_hal_cortex.o
                0x0000000008002a70                HAL_SYSTICK_IRQHandler
 .text.I2C_Configure_Speed
                0x0000000008002a78       0x4c obj/stm32f1xx_hal_i2c.o
 .text.I2C_IsAcknowledgeFailed
                0x0000000008002ac4       0x2c obj/stm32f1xx_hal_i2c.o
 .text.I2C_WaitOnFlagUntilTimeout
                0x0000000008002af0       0xcc obj/stm32f1xx_hal_i2c.o
 .text.I2C_WaitOnMasterAddressFlagUntilTimeout
                0x0000000008002bbc       0x94 obj/stm32f1xx_hal_i2c.o
 .text.I2C_MasterRequestWrite
                0x0000000008002c50       0x8c obj/stm32f1xx_hal_i2c.o
 .text.I2C_WaitOnTXEFlagUntilTimeout
                0x0000000008002cdc       0x54 obj/stm32f1xx_hal_i2c.o
 .text.I2C_WaitOnBTFFlagUntilTimeout
                0x0000000008002d30       0x54 obj/stm32f1xx_hal_i2c.o
 .text.HAL_I2C_Init
                0x0000000008002d84      0x178 obj/stm32f1xx_hal_i2c.o
                0x0000000008002d84                HAL_I2C_Init
 .text.HAL_I2C_Master_Transmit
                0x0000000008002efc      0x12c obj/stm32f1xx_hal_i2c.o
                0x0000000008002efc                HAL_I2C_Master_Transmit
 .text.HAL_TIMEx_CommutationCallback
                0x0000000008003028        0x4 obj/stm32f1xx_hal_tim_ex.o
                0x0000000008003028                HAL_TIMEx_CommutationCallback
 .text.HAL_TIMEx_BreakCallback
                0x000000000800302c        0x4 obj/stm32f1xx_hal_tim_ex.o
                0x000000000800302c                HAL_TIMEx_BreakCallback
 .text.DMA_SetConfig
                0x0000000008003030       0x24 obj/stm32f1xx_hal_dma.o
 .text.HAL_DMA_Init
                0x0000000008003054      0x124 obj/stm32f1xx_hal_dma.o
                0x0000000008003054                HAL_DMA_Init
 .text.HAL_DMA_Start_IT
                0x0000000008003178       0x7c obj/stm32f1xx_hal_dma.o
                0x0000000008003178                HAL_DMA_Start_IT
 .text.HAL_DMA_IRQHandler
                0x00000000080031f4      0x270 obj/stm32f1xx_hal_dma.o
                0x00000000080031f4                HAL_DMA_IRQHandler
 .text.FLASH_MassErase
                0x0000000008003464       0x38 obj/stm32f1xx_hal_flash_ex.o
 .text.FLASH_PageErase
                0x000000000800349c       0x24 obj/stm32f1xx_hal_flash_ex.o
                0x000000000800349c                FLASH_PageErase
 .text.HAL_FLASHEx_Erase
                0x00000000080034c0      0x180 obj/stm32f1xx_hal_flash_ex.o
                0x00000000080034c0                HAL_FLASHEx_Erase
 .text.MW_SetI2CClockSpeed
                0x0000000008003640       0x24 obj/MW_I2C.o
                0x0000000008003640                MW_SetI2CClockSpeed
 .text.MW_I2CInit
                0x0000000008003664       0x1c obj/MW_I2C.o
                0x0000000008003664                MW_I2CInit
 .text.MW_I2C1Transmit
                0x0000000008003680       0x28 obj/MW_I2C.o
                0x0000000008003680                MW_I2C1Transmit
 .text.TIM1_UP_IRQHandler
                0x00000000080036a8       0x10 obj/MW_TIM.o
                0x00000000080036a8                TIM1_UP_IRQHandler
 .text.TIM2_IRQHandler
                0x00000000080036b8       0x10 obj/MW_TIM.o
                0x00000000080036b8                TIM2_IRQHandler
 .text.MW_flashUnlock
                0x00000000080036c8       0x10 obj/MW_flash.o
 .text.MW_flashElase
                0x00000000080036d8       0x4c obj/MW_flash.o
 .text.MW_flashLock
                0x0000000008003724       0x10 obj/MW_flash.o
 .text.MW_flashWrite
                0x0000000008003734       0x54 obj/MW_flash.o
                0x0000000008003734                MW_flashWrite
 .text.MW_USARTSetBaudRate
                0x0000000008003788       0x24 obj/MW_USART.o
                0x0000000008003788                MW_USARTSetBaudRate
 .text.MW_USARTInit
                0x00000000080037ac       0x1c obj/MW_USART.o
                0x00000000080037ac                MW_USARTInit
 .text.MW_USART2Transmit
                0x00000000080037c8       0x20 obj/MW_USART.o
                0x00000000080037c8                MW_USART2Transmit
 .text.MW_USART3ReceiveMult
                0x00000000080037e8       0x1c obj/MW_USART.o
                0x00000000080037e8                MW_USART3ReceiveMult
 .text.MW_SetGPIOPin
                0x0000000008003804        0xc obj/MW_GPIO.o
                0x0000000008003804                MW_SetGPIOPin
 .text.MW_SetGPIOMode
                0x0000000008003810        0xc obj/MW_GPIO.o
                0x0000000008003810                MW_SetGPIOMode
 .text.MW_SetGPIOPull
                0x000000000800381c        0xc obj/MW_GPIO.o
                0x000000000800381c                MW_SetGPIOPull
 .text.MW_SetGPIOSpeed
                0x0000000008003828        0xc obj/MW_GPIO.o
                0x0000000008003828                MW_SetGPIOSpeed
 .text.MW_GPIOInit
                0x0000000008003834       0x2c obj/MW_GPIO.o
                0x0000000008003834                MW_GPIOInit
 .text.MW_GPIOWrite
                0x0000000008003860       0x2c obj/MW_GPIO.o
                0x0000000008003860                MW_GPIOWrite
 .text._xprintf
                0x000000000800388c       0x1c obj/message.o
 .text.MW_waitForMessageTransitionComplete
                0x00000000080038a8       0x34 obj/message.o
                0x00000000080038a8                MW_waitForMessageTransitionComplete
 .text.flush    0x00000000080038dc       0x40 obj/message.o
                0x00000000080038dc                flush
 .text.MW_printf
                0x000000000800391c       0x40 obj/message.o
                0x000000000800391c                MW_printf
 .text._msg     0x000000000800395c       0x4c obj/message.o
                0x000000000800395c                _msg
 .text.MW_messageTransitionCompletedCallBack
                0x00000000080039a8        0xc obj/message.o
                0x00000000080039a8                MW_messageTransitionCompletedCallBack
 .text.xputc    0x00000000080039b4       0x34 obj/xprintf.o
                0x00000000080039b4                xputc
 .text.xputs    0x00000000080039e8       0x14 obj/xprintf.o
                0x00000000080039e8                xputs
 .text.xvprintf
                0x00000000080039fc      0x1f4 obj/xprintf.o
                0x00000000080039fc                xvprintf
 .text.DD_RCInit
                0x0000000008003bf0       0x5c obj/DD_RC.o
                0x0000000008003bf0                DD_RCInit
 .text.DD_RCTask
                0x0000000008003c4c       0x74 obj/DD_RC.o
                0x0000000008003c4c                DD_RCTask
 .text.DD_RCGetLX
                0x0000000008003cc0       0x2c obj/DD_RC.o
                0x0000000008003cc0                DD_RCGetLX
 .text.DD_RCGetLY
                0x0000000008003cec       0x2c obj/DD_RC.o
                0x0000000008003cec                DD_RCGetLY
 .text.DD_RCGetRX
                0x0000000008003d18       0x2c obj/DD_RC.o
                0x0000000008003d18                DD_RCGetRX
 .text.DD_RCGetRY
                0x0000000008003d44       0x2c obj/DD_RC.o
                0x0000000008003d44                DD_RCGetRY
 .text.DD_RCPrint
                0x0000000008003d70      0x218 obj/DD_RC.o
                0x0000000008003d70                DD_RCPrint
 .text.DD_send2MD
                0x0000000008003f88       0x58 obj/DD_MD.o
                0x0000000008003f88                DD_send2MD
 .text.DD_MDHandPrint
                0x0000000008003fe0       0x5c obj/DD_MD.o
                0x0000000008003fe0                DD_MDHandPrint
 .text.DD_send2AB
                0x000000000800403c       0x20 obj/DD_AB.o
                0x000000000800403c                DD_send2AB
 .text.DD_ABHandPrint
                0x000000000800405c       0x14 obj/DD_AB.o
                0x000000000800405c                DD_ABHandPrint
 .text.DD_I2CSend
                0x0000000008004070        0x8 obj/DD_Gene.o
                0x0000000008004070                DD_I2CSend
 .text.DD_doTasks
                0x0000000008004078       0x44 obj/DD_Gene.o
                0x0000000008004078                DD_doTasks
 .text.DD_print
                0x00000000080040bc       0x38 obj/DD_Gene.o
                0x00000000080040bc                DD_print
 .text.DD_initialize
                0x00000000080040f4       0x20 obj/DD_Gene.o
                0x00000000080040f4                DD_initialize
 .text.SY_I2CConnTest
                0x0000000008004114        0x4 obj/SystemTaskManager.o
 .text.SY_clockInit
                0x0000000008004118       0xc8 obj/SystemTaskManager.o
 .text.SY_GPIOInit
                0x00000000080041e0       0xb0 obj/SystemTaskManager.o
 .text.SY_init  0x0000000008004290       0x88 obj/SystemTaskManager.o
 .text.SY_doAppTasks
                0x0000000008004318        0x8 obj/SystemTaskManager.o
 .text.SY_doDevDriverTasks
                0x0000000008004320        0x8 obj/SystemTaskManager.o
 .text.main     0x0000000008004328      0x118 obj/SystemTaskManager.o
                0x0000000008004328                main
 .text.HAL_UART_RxCpltCallback
                0x0000000008004440       0x14 obj/SystemTaskManager.o
                0x0000000008004440                HAL_UART_RxCpltCallback
 .text.HAL_UART_TxCpltCallback
                0x0000000008004454        0x8 obj/SystemTaskManager.o
                0x0000000008004454                HAL_UART_TxCpltCallback
 .text.Reset_Handler
                0x000000000800445c       0x48 obj/startup.o
                0x000000000800445c                Reset_Handler
 .text.Default_Handler
                0x00000000080044a4        0x2 obj/startup.o
                0x00000000080044a4                RTC_Alarm_IRQHandler
                0x00000000080044a4                EXTI2_IRQHandler
                0x00000000080044a4                TIM1_CC_IRQHandler
                0x00000000080044a4                PVD_IRQHandler
                0x00000000080044a4                EXTI3_IRQHandler
                0x00000000080044a4                EXTI0_IRQHandler
                0x00000000080044a4                I2C2_EV_IRQHandler
                0x00000000080044a4                ADC1_2_IRQHandler
                0x00000000080044a4                SPI1_IRQHandler
                0x00000000080044a4                TAMPER_IRQHandler
                0x00000000080044a4                DMA1_Channel4_IRQHandler
                0x00000000080044a4                RTC_IRQHandler
                0x00000000080044a4                CAN1_RX1_IRQHandler
                0x00000000080044a4                TIM4_IRQHandler
                0x00000000080044a4                I2C1_EV_IRQHandler
                0x00000000080044a4                DMA1_Channel6_IRQHandler
                0x00000000080044a4                TIM3_IRQHandler
                0x00000000080044a4                RCC_IRQHandler
                0x00000000080044a4                TIM1_TRG_COM_IRQHandler
                0x00000000080044a4                DMA1_Channel1_IRQHandler
                0x00000000080044a4                Default_Handler
                0x00000000080044a4                EXTI15_10_IRQHandler
                0x00000000080044a4                EXTI9_5_IRQHandler
                0x00000000080044a4                SPI2_IRQHandler
                0x00000000080044a4                DMA1_Channel5_IRQHandler
                0x00000000080044a4                EXTI4_IRQHandler
                0x00000000080044a4                USB_LP_CAN1_RX0_IRQHandler
                0x00000000080044a4                USB_HP_CAN1_TX_IRQHandler
                0x00000000080044a4                WWDG_IRQHandler
                0x00000000080044a4                TIM1_BRK_IRQHandler
                0x00000000080044a4                EXTI1_IRQHandler
                0x00000000080044a4                I2C2_ER_IRQHandler
                0x00000000080044a4                DMA1_Channel2_IRQHandler
                0x00000000080044a4                CAN1_SCE_IRQHandler
                0x00000000080044a4                FLASH_IRQHandler
                0x00000000080044a4                USART1_IRQHandler
                0x00000000080044a4                I2C1_ER_IRQHandler
                0x00000000080044a4                USBWakeUp_IRQHandler
 *fill*         0x00000000080044a6        0x2 
 .text.__libc_init_array
                0x00000000080044a8       0x4c /usr/lib/gcc/arm-none-eabi/4.9.3/../../../arm-none-eabi/lib/armv7-m/libc_nano.a(lib_a-init.o)
                0x00000000080044a8                __libc_init_array
 .text.memcpy   0x00000000080044f4       0x16 /usr/lib/gcc/arm-none-eabi/4.9.3/../../../arm-none-eabi/lib/armv7-m/libc_nano.a(lib_a-memcpy.o)
                0x00000000080044f4                memcpy
 *(.glue_7)
 .glue_7        0x000000000800450a        0x0 linker stubs
 *(.glue_7t)
 .glue_7t       0x000000000800450a        0x0 linker stubs
 *(.eh_frame)
 *fill*         0x000000000800450a        0x2 
 .eh_frame      0x000000000800450c        0x0 /usr/lib/gcc/arm-none-eabi/4.9.3/armv7-m/crtbegin.o
 *(.init)
 .init          0x000000000800450c        0x4 /usr/lib/gcc/arm-none-eabi/4.9.3/armv7-m/crti.o
                0x000000000800450c                _init
 .init          0x0000000008004510        0x8 /usr/lib/gcc/arm-none-eabi/4.9.3/armv7-m/crtn.o
 *(.fini)
 .fini          0x0000000008004518        0x4 /usr/lib/gcc/arm-none-eabi/4.9.3/armv7-m/crti.o
                0x0000000008004518                _fini
 .fini          0x000000000800451c        0x8 /usr/lib/gcc/arm-none-eabi/4.9.3/armv7-m/crtn.o
                0x0000000008004524                . = ALIGN (0x4)
                0x0000000008004524                _etext = .

.vfp11_veneer   0x0000000008004524        0x0
 .vfp11_veneer  0x0000000008004524        0x0 linker stubs

.v4_bx          0x0000000008004524        0x0
 .v4_bx         0x0000000008004524        0x0 linker stubs

.iplt           0x0000000008004524        0x0
 .iplt          0x0000000008004524        0x0 /usr/lib/gcc/arm-none-eabi/4.9.3/armv7-m/crtbegin.o

.rodata         0x0000000008004524      0x9dc
                0x0000000008004524                . = ALIGN (0x4)
 *(.rodata)
 .rodata        0x0000000008004524       0x12 obj/stm32f1xx_hal_rcc.o
 *(.rodata*)
 *fill*         0x0000000008004536        0x2 
 .rodata.AHBPrescTable
                0x0000000008004538       0x10 obj/system_stm32f1xx.o
                0x0000000008004538                AHBPrescTable
 .rodata.APBPrescTable
                0x0000000008004548        0x8 obj/system_stm32f1xx.o
                0x0000000008004548                APBPrescTable
 .rodata.__FUNCTION__.7855
                0x0000000008004550        0xb obj/constManager.o
 *fill*         0x000000000800455b        0x1 
 .rodata.__FUNCTION__.7865
                0x000000000800455c        0xf obj/constManager.o
 *fill*         0x000000000800456b        0x1 
 .rodata.defaultad
                0x000000000800456c      0x144 obj/constManager.o
 .rodata.str1.4
                0x00000000080046b0      0x39e obj/constManager.o
                                        0x3a6 (size before relaxing)
 *fill*         0x0000000008004a4e        0x2 
 .rodata.str1.4
                0x0000000008004a50       0x35 obj/stm32f1xx_hal_rcc.o
 *fill*         0x0000000008004a85        0x3 
 .rodata.str1.4
                0x0000000008004a88       0x37 obj/stm32f1xx_hal_flash.o
 *fill*         0x0000000008004abf        0x1 
 .rodata.str1.4
                0x0000000008004ac0       0x36 obj/stm32f1xx_hal_uart.o
 *fill*         0x0000000008004af6        0x2 
 .rodata.str1.4
                0x0000000008004af8       0x36 obj/stm32f1xx_hal_gpio.o
 *fill*         0x0000000008004b2e        0x2 
 .rodata.str1.4
                0x0000000008004b30       0x38 obj/stm32f1xx_hal_rcc_ex.o
 .rodata.str1.4
                0x0000000008004b68       0x38 obj/stm32f1xx_hal_cortex.o
 .rodata.str1.4
                0x0000000008004ba0       0x35 obj/stm32f1xx_hal_i2c.o
 *fill*         0x0000000008004bd5        0x3 
 .rodata.str1.4
                0x0000000008004bd8       0x35 obj/stm32f1xx_hal_dma.o
 *fill*         0x0000000008004c0d        0x3 
 .rodata.str1.4
                0x0000000008004c10       0x3a obj/stm32f1xx_hal_flash_ex.o
 *fill*         0x0000000008004c4a        0x2 
 .rodata.i2cid  0x0000000008004c4c        0x8 obj/MW_I2C.o
 .rodata.str1.4
                0x0000000008004c54       0x26 obj/MW_I2C.o
 *fill*         0x0000000008004c7a        0x2 
 .rodata.uartid
                0x0000000008004c7c        0xc obj/MW_USART.o
 .rodata.str1.4
                0x0000000008004c88       0x29 obj/MW_USART.o
 *fill*         0x0000000008004cb1        0x3 
 .rodata.gpioid
                0x0000000008004cb4       0x10 obj/MW_GPIO.o
 .rodata.str1.4
                0x0000000008004cc4       0x28 obj/MW_GPIO.o
 .rodata.str1.4
                0x0000000008004cec       0x10 obj/message.o
                                         0x12 (size before relaxing)
 .rodata.str1.4
                0x0000000008004cfc       0x95 obj/DD_RC.o
                                         0x99 (size before relaxing)
 *fill*         0x0000000008004d91        0x3 
 .rodata.str1.4
                0x0000000008004d94       0x3d obj/DD_MD.o
                                         0x41 (size before relaxing)
 *fill*         0x0000000008004dd1        0x3 
 .rodata.__FUNCTION__.7783
                0x0000000008004dd4        0xb obj/DD_MD.o
 *fill*         0x0000000008004ddf        0x1 
 .rodata.str1.4
                0x0000000008004de0       0x10 obj/DD_AB.o
 .rodata.__FUNCTION__.7913
                0x0000000008004df0        0x8 obj/SystemTaskManager.o
 .rodata.__FUNCTION__.7920
                0x0000000008004df8        0xd obj/SystemTaskManager.o
 *fill*         0x0000000008004e05        0x3 
 .rodata.str1.4
                0x0000000008004e08       0xf0 obj/SystemTaskManager.o
                                        0x100 (size before relaxing)
 .rodata.__FUNCTION__.7892
                0x0000000008004ef8        0x5 obj/SystemTaskManager.o
                0x0000000008004f00                . = ALIGN (0x4)
 *fill*         0x0000000008004efd        0x3 

.rel.dyn        0x0000000008004f00        0x0
 .rel.iplt      0x0000000008004f00        0x0 /usr/lib/gcc/arm-none-eabi/4.9.3/armv7-m/crtbegin.o

.ARM.extab
 *(.ARM.extab* .gnu.linkonce.armextab.*)

.ARM            0x0000000008004f00        0x0
                0x0000000008004f00                __exidx_start = .
 *(.ARM.exidx*)
                0x0000000008004f00                __exidx_end = .

.preinit_array  0x0000000008004f00        0x0
                0x0000000008004f00                PROVIDE (__preinit_array_start, .)
 *(.preinit_array*)
                0x0000000008004f00                PROVIDE (__preinit_array_end, .)

.init_array     0x0000000008004f00        0x4
                0x0000000008004f00                PROVIDE (__init_array_start, .)
 *(SORT(.init_array.*))
 *(.init_array*)
 .init_array    0x0000000008004f00        0x4 /usr/lib/gcc/arm-none-eabi/4.9.3/armv7-m/crtbegin.o
                0x0000000008004f04                PROVIDE (__init_array_end, .)

.fini_array     0x0000000008004f04        0x4
                0x0000000008004f04                PROVIDE (__fini_array_start, .)
 *(SORT(.fini_array.*))
 *(.fini_array*)
 .fini_array    0x0000000008004f04        0x4 /usr/lib/gcc/arm-none-eabi/4.9.3/armv7-m/crtbegin.o
                0x0000000008004f08                PROVIDE (__fini_array_end, .)
                0x0000000008004f08                _sidata = LOADADDR (.data)

.data           0x0000000020000000      0x1c0 load address 0x0000000008004f08
                0x0000000020000000                . = ALIGN (0x4)
                0x0000000020000000                _sdata = .
 *(.data)
 *(.data*)
 .data.SystemCoreClock
                0x0000000020000000        0x4 obj/system_stm32f1xx.o
                0x0000000020000000                SystemCoreClock
 .data.g_ab_h   0x0000000020000004        0x2 obj/deviceDefinition.o
                0x0000000020000004                g_ab_h
 *fill*         0x0000000020000006        0x2 
 .data.g_md_h   0x0000000020000008        0xc obj/deviceDefinition.o
                0x0000000020000008                g_md_h
 .data.editlist
                0x0000000020000014       0x24 obj/constManager.o
                0x0000000020000014                editlist
 .data.hi2c1    0x0000000020000038       0x3c obj/MW_I2C.o
 .data.hi2c2    0x0000000020000074       0x3c obj/MW_I2C.o
 .data.htim1    0x00000000200000b0       0x3c obj/MW_TIM.o
 .data.huart1   0x00000000200000ec       0x40 obj/MW_USART.o
                0x00000000200000ec                huart1
 .data.huart2   0x000000002000012c       0x40 obj/MW_USART.o
                0x000000002000012c                huart2
 .data.huart3   0x000000002000016c       0x40 obj/MW_USART.o
                0x000000002000016c                huart3
 .data.had_completed
                0x00000000200001ac        0x1 obj/message.o
 *fill*         0x00000000200001ad        0x3 
 .data.is_not_avaiable
                0x00000000200001b0        0x4 obj/DD_RC.o
 .data.g_rc_data
                0x00000000200001b4        0x8 obj/SystemTaskManager.o
                0x00000000200001b4                g_rc_data
 .data.g_led_mode
                0x00000000200001bc        0x1 obj/SystemTaskManager.o
                0x00000000200001bc                g_led_mode
                0x00000000200001c0                . = ALIGN (0x4)
 *fill*         0x00000000200001bd        0x3 
                0x00000000200001c0                _edata = .

.jcr            0x00000000200001c0        0x0 load address 0x00000000080050c8
 .jcr           0x00000000200001c0        0x0 /usr/lib/gcc/arm-none-eabi/4.9.3/armv7-m/crtbegin.o

.tm_clone_table
                0x00000000200001c0        0x0 load address 0x00000000080050c8
 .tm_clone_table
                0x00000000200001c0        0x0 /usr/lib/gcc/arm-none-eabi/4.9.3/armv7-m/crtbegin.o
 .tm_clone_table
                0x00000000200001c0        0x0 /usr/lib/gcc/arm-none-eabi/4.9.3/armv7-m/crtend.o

.igot.plt       0x00000000200001c0        0x0 load address 0x00000000080050c8
 .igot.plt      0x00000000200001c0        0x0 /usr/lib/gcc/arm-none-eabi/4.9.3/armv7-m/crtbegin.o
                0x00000000200001c0                . = ALIGN (0x4)

.bss            0x00000000200001c0      0x680 load address 0x00000000080050c8
                0x00000000200001c0                _sbss = .
                0x00000000200001c0                __bss_start__ = _sbss
 *(.bss)
 .bss           0x00000000200001c0       0x1c /usr/lib/gcc/arm-none-eabi/4.9.3/armv7-m/crtbegin.o
 *(.bss*)
 .bss.hdma_tx.7309
                0x00000000200001dc       0x38 obj/msp.o
 .bss.hdma_rx.7313
                0x0000000020000214       0x38 obj/msp.o
 .bss.g_c_data  0x000000002000024c       0x48 obj/constManager.o
                0x000000002000024c                g_c_data
 .bss.g_adjust  0x0000000020000294      0x144 obj/constManager.o
                0x0000000020000294                g_adjust
 .bss.mode      0x00000000200003d8        0x1 obj/constManager.o
 *fill*         0x00000000200003d9        0x3 
 .bss.select.7848
                0x00000000200003dc        0x4 obj/constManager.o
 .bss.pFlash    0x00000000200003e0       0x20 obj/stm32f1xx_hal_flash.o
                0x00000000200003e0                pFlash
 .bss.uwTick    0x0000000020000400        0x4 obj/stm32f1xx_hal.o
 .bss.elase_hand
                0x0000000020000404       0x10 obj/MW_flash.o
 .bss.GPIO_InitStruct
                0x0000000020000414       0x10 obj/MW_GPIO.o
 .bss.buff      0x0000000020000424      0x400 obj/message.o
 .bss.outptr    0x0000000020000824        0x4 obj/xprintf.o
                0x0000000020000824                outptr
 .bss.xfunc_out
                0x0000000020000828        0x4 obj/xprintf.o
                0x0000000020000828                xfunc_out
 .bss.correct   0x000000002000082c        0x8 obj/DD_RC.o
 .bss.rc_rcv    0x0000000020000834        0x8 obj/SystemTaskManager.o
 .bss.g_SY_system_counter
                0x000000002000083c        0x4 obj/SystemTaskManager.o
                0x000000002000083c                g_SY_system_counter
 *(COMMON)
                0x0000000020000840                . = ALIGN (0x4)
                0x0000000020000840                _ebss = .
                0x0000000020000840                __bss_end__ = _ebss

._user_heap_stack
                0x0000000020000840      0x600 load address 0x00000000080050c8
                0x0000000020000840                . = ALIGN (0x8)
                [!provide]                        PROVIDE (end, .)
                [!provide]                        PROVIDE (_end, .)
                0x0000000020000a40                . = (. + _Min_Heap_Size)
 *fill*         0x0000000020000840      0x200 
                0x0000000020000e40                . = (. + _Min_Stack_Size)
 *fill*         0x0000000020000a40      0x400 
                0x0000000020000e40                . = ALIGN (0x8)

/DISCARD/
 libc.a(*)
 libm.a(*)
 libgcc.a(*)

.ARM.attributes
                0x0000000000000000       0x29
 *(.ARM.attributes)
 .ARM.attributes
                0x0000000000000000       0x1d /usr/lib/gcc/arm-none-eabi/4.9.3/armv7-m/crti.o
 .ARM.attributes
                0x000000000000001d       0x2d /usr/lib/gcc/arm-none-eabi/4.9.3/armv7-m/crtbegin.o
 .ARM.attributes
                0x000000000000004a       0x33 obj/system_stm32f1xx.o
 .ARM.attributes
                0x000000000000007d       0x33 obj/msp.o
 .ARM.attributes
                0x00000000000000b0       0x33 obj/deviceDefinition.o
 .ARM.attributes
                0x00000000000000e3       0x33 obj/constManager.o
 .ARM.attributes
                0x0000000000000116       0x33 obj/app.o
 .ARM.attributes
                0x0000000000000149       0x33 obj/stm32f1xx_it.o
 .ARM.attributes
                0x000000000000017c       0x33 obj/assert.o
 .ARM.attributes
                0x00000000000001af       0x33 obj/stm32f1xx_hal_rcc.o
 .ARM.attributes
                0x00000000000001e2       0x33 obj/stm32f1xx_hal_flash.o
 .ARM.attributes
                0x0000000000000215       0x33 obj/stm32f1xx_hal_uart.o
 .ARM.attributes
                0x0000000000000248       0x33 obj/stm32f1xx_hal_tim.o
 .ARM.attributes
                0x000000000000027b       0x33 obj/stm32f1xx_hal.o
 .ARM.attributes
                0x00000000000002ae       0x33 obj/stm32f1xx_hal_gpio.o
 .ARM.attributes
                0x00000000000002e1       0x33 obj/stm32f1xx_hal_rcc_ex.o
 .ARM.attributes
                0x0000000000000314       0x33 obj/stm32f1xx_hal_cortex.o
 .ARM.attributes
                0x0000000000000347       0x33 obj/stm32f1xx_hal_i2c.o
 .ARM.attributes
                0x000000000000037a       0x33 obj/stm32f1xx_hal_tim_ex.o
 .ARM.attributes
                0x00000000000003ad       0x33 obj/stm32f1xx_hal_dma.o
 .ARM.attributes
                0x00000000000003e0       0x33 obj/stm32f1xx_hal_flash_ex.o
 .ARM.attributes
                0x0000000000000413       0x33 obj/MW_I2C.o
 .ARM.attributes
                0x0000000000000446       0x33 obj/MW_TIM.o
 .ARM.attributes
                0x0000000000000479       0x33 obj/MW_flash.o
 .ARM.attributes
                0x00000000000004ac       0x33 obj/MW_USART.o
 .ARM.attributes
                0x00000000000004df       0x33 obj/MW_GPIO.o
 .ARM.attributes
                0x0000000000000512       0x33 obj/message.o
 .ARM.attributes
                0x0000000000000545       0x33 obj/xprintf.o
 .ARM.attributes
                0x0000000000000578       0x33 obj/DD_RC.o
 .ARM.attributes
                0x00000000000005ab       0x33 obj/DD_MD.o
 .ARM.attributes
                0x00000000000005de       0x33 obj/DD_AB.o
 .ARM.attributes
                0x0000000000000611       0x33 obj/DD_Gene.o
 .ARM.attributes
                0x0000000000000644       0x33 obj/SystemTaskManager.o
 .ARM.attributes
                0x0000000000000677       0x21 obj/startup.o
 .ARM.attributes
                0x0000000000000698       0x2d /usr/lib/gcc/arm-none-eabi/4.9.3/../../../arm-none-eabi/lib/armv7-m/libc_nano.a(lib_a-init.o)
 .ARM.attributes
                0x00000000000006c5       0x2d /usr/lib/gcc/arm-none-eabi/4.9.3/../../../arm-none-eabi/lib/armv7-m/libc_nano.a(lib_a-memcpy.o)
 .ARM.attributes
                0x00000000000006f2       0x2d /usr/lib/gcc/arm-none-eabi/4.9.3/armv7-m/crtend.o
 .ARM.attributes
                0x000000000000071f       0x1d /usr/lib/gcc/arm-none-eabi/4.9.3/armv7-m/crtn.o
OUTPUT(bin/Test.elf elf32-littlearm)

.comment        0x0000000000000000       0x70
 .comment       0x0000000000000000       0x38 /usr/lib/gcc/arm-none-eabi/4.9.3/armv7-m/crtbegin.o
                                         0x39 (size before relaxing)
 .comment       0x0000000000000038       0x39 obj/system_stm32f1xx.o
 .comment       0x0000000000000038       0x39 obj/msp.o
 .comment       0x0000000000000038       0x39 obj/deviceDefinition.o
 .comment       0x0000000000000038       0x39 obj/constManager.o
 .comment       0x0000000000000038       0x39 obj/app.o
 .comment       0x0000000000000038       0x39 obj/stm32f1xx_it.o
 .comment       0x0000000000000038       0x39 obj/assert.o
 .comment       0x0000000000000038       0x39 obj/stm32f1xx_hal_rcc.o
 .comment       0x0000000000000038       0x39 obj/stm32f1xx_hal_flash.o
 .comment       0x0000000000000038       0x39 obj/stm32f1xx_hal_uart.o
 .comment       0x0000000000000038       0x39 obj/stm32f1xx_hal_tim.o
 .comment       0x0000000000000038       0x39 obj/stm32f1xx_hal.o
 .comment       0x0000000000000038       0x39 obj/stm32f1xx_hal_gpio.o
 .comment       0x0000000000000038       0x39 obj/stm32f1xx_hal_rcc_ex.o
 .comment       0x0000000000000038       0x39 obj/stm32f1xx_hal_cortex.o
 .comment       0x0000000000000038       0x39 obj/stm32f1xx_hal_i2c.o
 .comment       0x0000000000000038       0x39 obj/stm32f1xx_hal_tim_ex.o
 .comment       0x0000000000000038       0x39 obj/stm32f1xx_hal_dma.o
 .comment       0x0000000000000038       0x39 obj/stm32f1xx_hal_flash_ex.o
 .comment       0x0000000000000038       0x39 obj/MW_I2C.o
 .comment       0x0000000000000038       0x39 obj/MW_TIM.o
 .comment       0x0000000000000038       0x39 obj/MW_flash.o
 .comment       0x0000000000000038       0x39 obj/MW_USART.o
 .comment       0x0000000000000038       0x39 obj/MW_GPIO.o
 .comment       0x0000000000000038       0x39 obj/message.o
 .comment       0x0000000000000038       0x39 obj/xprintf.o
 .comment       0x0000000000000038       0x39 obj/DD_RC.o
 .comment       0x0000000000000038       0x39 obj/DD_MD.o
 .comment       0x0000000000000038       0x39 obj/DD_AB.o
 .comment       0x0000000000000038       0x39 obj/DD_Gene.o
 .comment       0x0000000000000038       0x39 obj/SystemTaskManager.o
 .comment       0x0000000000000038       0x38 /usr/lib/gcc/arm-none-eabi/4.9.3/../../../arm-none-eabi/lib/armv7-m/libc_nano.a(lib_a-init.o)
                                         0x39 (size before relaxing)
 .comment       0x0000000000000070       0x39 /usr/lib/gcc/arm-none-eabi/4.9.3/../../../arm-none-eabi/lib/armv7-m/libc_nano.a(lib_a-memcpy.o)
 .comment       0x0000000000000070       0x39 /usr/lib/gcc/arm-none-eabi/4.9.3/armv7-m/crtend.o

.debug_info     0x0000000000000000    0x17ad7
 .debug_info    0x0000000000000000      0x3bf obj/system_stm32f1xx.o
 .debug_info    0x00000000000003bf     0x1a57 obj/msp.o
 .debug_info    0x0000000000001e16      0x19b obj/deviceDefinition.o
 .debug_info    0x0000000000001fb1     0x102d obj/constManager.o
 .debug_info    0x0000000000002fde      0x17b obj/app.o
 .debug_info    0x0000000000003159      0x602 obj/stm32f1xx_it.o
 .debug_info    0x000000000000375b      0x107 obj/assert.o
 .debug_info    0x0000000000003862     0x162b obj/stm32f1xx_hal_rcc.o
 .debug_info    0x0000000000004e8d      0x6ad obj/stm32f1xx_hal_flash.o
 .debug_info    0x000000000000553a     0x13f1 obj/stm32f1xx_hal_uart.o
 .debug_info    0x000000000000692b     0x434c obj/stm32f1xx_hal_tim.o
 .debug_info    0x000000000000ac77      0x6b4 obj/stm32f1xx_hal.o
 .debug_info    0x000000000000b32b      0x818 obj/stm32f1xx_hal_gpio.o
 .debug_info    0x000000000000bb43      0x637 obj/stm32f1xx_hal_rcc_ex.o
 .debug_info    0x000000000000c17a      0xd01 obj/stm32f1xx_hal_cortex.o
 .debug_info    0x000000000000ce7b     0x2caa obj/stm32f1xx_hal_i2c.o
 .debug_info    0x000000000000fb25     0x17ef obj/stm32f1xx_hal_tim_ex.o
 .debug_info    0x0000000000011314      0x790 obj/stm32f1xx_hal_dma.o
 .debug_info    0x0000000000011aa4      0xc8a obj/stm32f1xx_hal_flash_ex.o
 .debug_info    0x000000000001272e      0x7f4 obj/MW_I2C.o
 .debug_info    0x0000000000012f22      0xb3e obj/MW_TIM.o
 .debug_info    0x0000000000013a60      0x383 obj/MW_flash.o
 .debug_info    0x0000000000013de3      0x8a2 obj/MW_USART.o
 .debug_info    0x0000000000014685      0x503 obj/MW_GPIO.o
 .debug_info    0x0000000000014b88      0x3d5 obj/message.o
 .debug_info    0x0000000000014f5d      0x710 obj/xprintf.o
 .debug_info    0x000000000001566d      0x798 obj/DD_RC.o
 .debug_info    0x0000000000015e05      0x314 obj/DD_MD.o
 .debug_info    0x0000000000016119      0x1d0 obj/DD_AB.o
 .debug_info    0x00000000000162e9      0x41c obj/DD_Gene.o
 .debug_info    0x0000000000016705     0x11c9 obj/SystemTaskManager.o
 .debug_info    0x00000000000178ce      0x105 /usr/lib/gcc/arm-none-eabi/4.9.3/../../../arm-none-eabi/lib/armv7-m/libc_nano.a(lib_a-init.o)
 .debug_info    0x00000000000179d3      0x104 /usr/lib/gcc/arm-none-eabi/4.9.3/../../../arm-none-eabi/lib/armv7-m/libc_nano.a(lib_a-memcpy.o)

.debug_abbrev   0x0000000000000000     0x3c63
 .debug_abbrev  0x0000000000000000      0x123 obj/system_stm32f1xx.o
 .debug_abbrev  0x0000000000000123      0x221 obj/msp.o
 .debug_abbrev  0x0000000000000344       0xb2 obj/deviceDefinition.o
 .debug_abbrev  0x00000000000003f6      0x2c1 obj/constManager.o
 .debug_abbrev  0x00000000000006b7       0xe5 obj/app.o
 .debug_abbrev  0x000000000000079c      0x15d obj/stm32f1xx_it.o
 .debug_abbrev  0x00000000000008f9       0x84 obj/assert.o
 .debug_abbrev  0x000000000000097d      0x2c9 obj/stm32f1xx_hal_rcc.o
 .debug_abbrev  0x0000000000000c46      0x240 obj/stm32f1xx_hal_flash.o
 .debug_abbrev  0x0000000000000e86      0x263 obj/stm32f1xx_hal_uart.o
 .debug_abbrev  0x00000000000010e9      0x24e obj/stm32f1xx_hal_tim.o
 .debug_abbrev  0x0000000000001337      0x258 obj/stm32f1xx_hal.o
 .debug_abbrev  0x000000000000158f      0x209 obj/stm32f1xx_hal_gpio.o
 .debug_abbrev  0x0000000000001798      0x25e obj/stm32f1xx_hal_rcc_ex.o
 .debug_abbrev  0x00000000000019f6      0x2ac obj/stm32f1xx_hal_cortex.o
 .debug_abbrev  0x0000000000001ca2      0x241 obj/stm32f1xx_hal_i2c.o
 .debug_abbrev  0x0000000000001ee3      0x22c obj/stm32f1xx_hal_tim_ex.o
 .debug_abbrev  0x000000000000210f      0x212 obj/stm32f1xx_hal_dma.o
 .debug_abbrev  0x0000000000002321      0x2a2 obj/stm32f1xx_hal_flash_ex.o
 .debug_abbrev  0x00000000000025c3      0x1c4 obj/MW_I2C.o
 .debug_abbrev  0x0000000000002787      0x1e6 obj/MW_TIM.o
 .debug_abbrev  0x000000000000296d      0x196 obj/MW_flash.o
 .debug_abbrev  0x0000000000002b03      0x1e4 obj/MW_USART.o
 .debug_abbrev  0x0000000000002ce7      0x1d2 obj/MW_GPIO.o
 .debug_abbrev  0x0000000000002eb9      0x1b8 obj/message.o
 .debug_abbrev  0x0000000000003071      0x223 obj/xprintf.o
 .debug_abbrev  0x0000000000003294      0x181 obj/DD_RC.o
 .debug_abbrev  0x0000000000003415      0x19d obj/DD_MD.o
 .debug_abbrev  0x00000000000035b2      0x13c obj/DD_AB.o
 .debug_abbrev  0x00000000000036ee      0x19a obj/DD_Gene.o
 .debug_abbrev  0x0000000000003888      0x27d obj/SystemTaskManager.o
 .debug_abbrev  0x0000000000003b05       0xba /usr/lib/gcc/arm-none-eabi/4.9.3/../../../arm-none-eabi/lib/armv7-m/libc_nano.a(lib_a-init.o)
 .debug_abbrev  0x0000000000003bbf       0xa4 /usr/lib/gcc/arm-none-eabi/4.9.3/../../../arm-none-eabi/lib/armv7-m/libc_nano.a(lib_a-memcpy.o)

.debug_loc      0x0000000000000000     0xb42d
 .debug_loc     0x0000000000000000       0xe4 obj/system_stm32f1xx.o
 .debug_loc     0x00000000000000e4      0x2aa obj/msp.o
 .debug_loc     0x000000000000038e      0x2c2 obj/constManager.o
 .debug_loc     0x0000000000000650      0xde3 obj/stm32f1xx_hal_rcc.o
 .debug_loc     0x0000000000001433      0x282 obj/stm32f1xx_hal_flash.o
 .debug_loc     0x00000000000016b5      0xf92 obj/stm32f1xx_hal_uart.o
 .debug_loc     0x0000000000002647     0x2794 obj/stm32f1xx_hal_tim.o
 .debug_loc     0x0000000000004ddb       0x7d obj/stm32f1xx_hal.o
 .debug_loc     0x0000000000004e58      0x499 obj/stm32f1xx_hal_gpio.o
 .debug_loc     0x00000000000052f1      0x432 obj/stm32f1xx_hal_rcc_ex.o
 .debug_loc     0x0000000000005723      0x5a3 obj/stm32f1xx_hal_cortex.o
 .debug_loc     0x0000000000005cc6     0x264d obj/stm32f1xx_hal_i2c.o
 .debug_loc     0x0000000000008313      0xbe1 obj/stm32f1xx_hal_tim_ex.o
 .debug_loc     0x0000000000008ef4      0x41d obj/stm32f1xx_hal_dma.o
 .debug_loc     0x0000000000009311      0x6d5 obj/stm32f1xx_hal_flash_ex.o
 .debug_loc     0x00000000000099e6      0x226 obj/MW_I2C.o
 .debug_loc     0x0000000000009c0c      0x29f obj/MW_TIM.o
 .debug_loc     0x0000000000009eab      0x176 obj/MW_flash.o
 .debug_loc     0x000000000000a021      0x1ad obj/MW_USART.o
 .debug_loc     0x000000000000a1ce      0x113 obj/MW_GPIO.o
 .debug_loc     0x000000000000a2e1       0xa5 obj/message.o
 .debug_loc     0x000000000000a386      0x97c obj/xprintf.o
 .debug_loc     0x000000000000ad02      0x354 obj/DD_RC.o
 .debug_loc     0x000000000000b056       0x6b obj/DD_MD.o
 .debug_loc     0x000000000000b0c1       0x4d obj/DD_AB.o
 .debug_loc     0x000000000000b10e      0x156 obj/DD_Gene.o
 .debug_loc     0x000000000000b264       0xfa obj/SystemTaskManager.o
 .debug_loc     0x000000000000b35e       0x48 /usr/lib/gcc/arm-none-eabi/4.9.3/../../../arm-none-eabi/lib/armv7-m/libc_nano.a(lib_a-init.o)
 .debug_loc     0x000000000000b3a6       0x87 /usr/lib/gcc/arm-none-eabi/4.9.3/../../../arm-none-eabi/lib/armv7-m/libc_nano.a(lib_a-memcpy.o)

.debug_aranges  0x0000000000000000     0x11e8
 .debug_aranges
                0x0000000000000000       0x28 obj/system_stm32f1xx.o
 .debug_aranges
                0x0000000000000028       0x88 obj/msp.o
 .debug_aranges
                0x00000000000000b0       0x18 obj/deviceDefinition.o
 .debug_aranges
                0x00000000000000c8       0x88 obj/constManager.o
 .debug_aranges
                0x0000000000000150       0x28 obj/app.o
 .debug_aranges
                0x0000000000000178       0x80 obj/stm32f1xx_it.o
 .debug_aranges
                0x00000000000001f8       0x20 obj/assert.o
 .debug_aranges
                0x0000000000000218       0x88 obj/stm32f1xx_hal_rcc.o
 .debug_aranges
                0x00000000000002a0       0x88 obj/stm32f1xx_hal_flash.o
 .debug_aranges
                0x0000000000000328      0x150 obj/stm32f1xx_hal_uart.o
 .debug_aranges
                0x0000000000000478      0x368 obj/stm32f1xx_hal_tim.o
 .debug_aranges
                0x00000000000007e0       0xb0 obj/stm32f1xx_hal.o
 .debug_aranges
                0x0000000000000890       0x58 obj/stm32f1xx_hal_gpio.o
 .debug_aranges
                0x00000000000008e8       0x30 obj/stm32f1xx_hal_rcc_ex.o
 .debug_aranges
                0x0000000000000918       0x90 obj/stm32f1xx_hal_cortex.o
 .debug_aranges
                0x00000000000009a8      0x218 obj/stm32f1xx_hal_i2c.o
 .debug_aranges
                0x0000000000000bc0      0x138 obj/stm32f1xx_hal_tim_ex.o
 .debug_aranges
                0x0000000000000cf8       0x68 obj/stm32f1xx_hal_dma.o
 .debug_aranges
                0x0000000000000d60       0x98 obj/stm32f1xx_hal_flash_ex.o
 .debug_aranges
                0x0000000000000df8       0x48 obj/MW_I2C.o
 .debug_aranges
                0x0000000000000e40       0x80 obj/MW_TIM.o
 .debug_aranges
                0x0000000000000ec0       0x38 obj/MW_flash.o
 .debug_aranges
                0x0000000000000ef8       0x60 obj/MW_USART.o
 .debug_aranges
                0x0000000000000f58       0x58 obj/MW_GPIO.o
 .debug_aranges
                0x0000000000000fb0       0x48 obj/message.o
 .debug_aranges
                0x0000000000000ff8       0x70 obj/xprintf.o
 .debug_aranges
                0x0000000000001068       0x50 obj/DD_RC.o
 .debug_aranges
                0x00000000000010b8       0x28 obj/DD_MD.o
 .debug_aranges
                0x00000000000010e0       0x28 obj/DD_AB.o
 .debug_aranges
                0x0000000000001108       0x40 obj/DD_Gene.o
 .debug_aranges
                0x0000000000001148       0x60 obj/SystemTaskManager.o
 .debug_aranges
                0x00000000000011a8       0x20 /usr/lib/gcc/arm-none-eabi/4.9.3/../../../arm-none-eabi/lib/armv7-m/libc_nano.a(lib_a-init.o)
 .debug_aranges
                0x00000000000011c8       0x20 /usr/lib/gcc/arm-none-eabi/4.9.3/../../../arm-none-eabi/lib/armv7-m/libc_nano.a(lib_a-memcpy.o)

.debug_ranges   0x0000000000000000      0xfe8
 .debug_ranges  0x0000000000000000       0x18 obj/system_stm32f1xx.o
 .debug_ranges  0x0000000000000018       0x78 obj/msp.o
 .debug_ranges  0x0000000000000090       0x78 obj/constManager.o
 .debug_ranges  0x0000000000000108       0x18 obj/app.o
 .debug_ranges  0x0000000000000120       0x70 obj/stm32f1xx_it.o
 .debug_ranges  0x0000000000000190       0x10 obj/assert.o
 .debug_ranges  0x00000000000001a0       0x78 obj/stm32f1xx_hal_rcc.o
 .debug_ranges  0x0000000000000218       0x78 obj/stm32f1xx_hal_flash.o
 .debug_ranges  0x0000000000000290      0x140 obj/stm32f1xx_hal_uart.o
 .debug_ranges  0x00000000000003d0      0x358 obj/stm32f1xx_hal_tim.o
 .debug_ranges  0x0000000000000728       0xa0 obj/stm32f1xx_hal.o
 .debug_ranges  0x00000000000007c8       0x48 obj/stm32f1xx_hal_gpio.o
 .debug_ranges  0x0000000000000810       0x20 obj/stm32f1xx_hal_rcc_ex.o
 .debug_ranges  0x0000000000000830       0x80 obj/stm32f1xx_hal_cortex.o
 .debug_ranges  0x00000000000008b0      0x208 obj/stm32f1xx_hal_i2c.o
 .debug_ranges  0x0000000000000ab8      0x128 obj/stm32f1xx_hal_tim_ex.o
 .debug_ranges  0x0000000000000be0       0x58 obj/stm32f1xx_hal_dma.o
 .debug_ranges  0x0000000000000c38       0x88 obj/stm32f1xx_hal_flash_ex.o
 .debug_ranges  0x0000000000000cc0       0x38 obj/MW_I2C.o
 .debug_ranges  0x0000000000000cf8       0x70 obj/MW_TIM.o
 .debug_ranges  0x0000000000000d68       0x40 obj/MW_flash.o
 .debug_ranges  0x0000000000000da8       0x50 obj/MW_USART.o
 .debug_ranges  0x0000000000000df8       0x48 obj/MW_GPIO.o
 .debug_ranges  0x0000000000000e40       0x38 obj/message.o
 .debug_ranges  0x0000000000000e78       0x60 obj/xprintf.o
 .debug_ranges  0x0000000000000ed8       0x40 obj/DD_RC.o
 .debug_ranges  0x0000000000000f18       0x18 obj/DD_MD.o
 .debug_ranges  0x0000000000000f30       0x18 obj/DD_AB.o
 .debug_ranges  0x0000000000000f48       0x30 obj/DD_Gene.o
 .debug_ranges  0x0000000000000f78       0x50 obj/SystemTaskManager.o
 .debug_ranges  0x0000000000000fc8       0x10 /usr/lib/gcc/arm-none-eabi/4.9.3/../../../arm-none-eabi/lib/armv7-m/libc_nano.a(lib_a-init.o)
 .debug_ranges  0x0000000000000fd8       0x10 /usr/lib/gcc/arm-none-eabi/4.9.3/../../../arm-none-eabi/lib/armv7-m/libc_nano.a(lib_a-memcpy.o)

.debug_macro    0x0000000000000000    0x149a7
 .debug_macro   0x0000000000000000       0xc2 obj/system_stm32f1xx.o
 .debug_macro   0x00000000000000c2      0x8d4 obj/system_stm32f1xx.o
 .debug_macro   0x0000000000000996       0x2e obj/system_stm32f1xx.o
 .debug_macro   0x00000000000009c4       0x22 obj/system_stm32f1xx.o
 .debug_macro   0x00000000000009e6       0x22 obj/system_stm32f1xx.o
 .debug_macro   0x0000000000000a08       0x44 obj/system_stm32f1xx.o
 .debug_macro   0x0000000000000a4c       0xe3 obj/system_stm32f1xx.o
 .debug_macro   0x0000000000000b2f       0x22 obj/system_stm32f1xx.o
 .debug_macro   0x0000000000000b51      0x1df obj/system_stm32f1xx.o
 .debug_macro   0x0000000000000d30       0x34 obj/system_stm32f1xx.o
 .debug_macro   0x0000000000000d64       0x34 obj/system_stm32f1xx.o
 .debug_macro   0x0000000000000d98      0xb8e obj/system_stm32f1xx.o
 .debug_macro   0x0000000000001926     0x69eb obj/system_stm32f1xx.o
 .debug_macro   0x0000000000008311       0x43 obj/system_stm32f1xx.o
 .debug_macro   0x0000000000008354      0x29c obj/msp.o
 .debug_macro   0x00000000000085f0      0x1b1 obj/msp.o
 .debug_macro   0x00000000000087a1     0x3383 obj/msp.o
 .debug_macro   0x000000000000bb24       0x58 obj/msp.o
 .debug_macro   0x000000000000bb7c       0x35 obj/msp.o
 .debug_macro   0x000000000000bbb1       0x9c obj/msp.o
 .debug_macro   0x000000000000bc4d       0x16 obj/msp.o
 .debug_macro   0x000000000000bc63       0x97 obj/msp.o
 .debug_macro   0x000000000000bcfa      0x29d obj/msp.o
 .debug_macro   0x000000000000bf97       0xef obj/msp.o
 .debug_macro   0x000000000000c086       0x10 obj/msp.o
 .debug_macro   0x000000000000c096       0x52 obj/msp.o
 .debug_macro   0x000000000000c0e8       0x16 obj/msp.o
 .debug_macro   0x000000000000c0fe       0x43 obj/msp.o
 .debug_macro   0x000000000000c141      0x180 obj/msp.o
 .debug_macro   0x000000000000c2c1       0x10 obj/msp.o
 .debug_macro   0x000000000000c2d1       0x22 obj/msp.o
 .debug_macro   0x000000000000c2f3       0xbe obj/msp.o
 .debug_macro   0x000000000000c3b1       0x16 obj/msp.o
 .debug_macro   0x000000000000c3c7      0x197 obj/msp.o
 .debug_macro   0x000000000000c55e       0x57 obj/msp.o
 .debug_macro   0x000000000000c5b5      0x778 obj/msp.o
 .debug_macro   0x000000000000cd2d      0x28b obj/msp.o
 .debug_macro   0x000000000000cfb8      0x141 obj/msp.o
 .debug_macro   0x000000000000d0f9      0x197 obj/msp.o
 .debug_macro   0x000000000000d290      0x1ae obj/msp.o
 .debug_macro   0x000000000000d43e       0x2d obj/msp.o
 .debug_macro   0x000000000000d46b       0x3c obj/msp.o
 .debug_macro   0x000000000000d4a7       0x57 obj/msp.o
 .debug_macro   0x000000000000d4fe      0x46a obj/msp.o
 .debug_macro   0x000000000000d968      0x1b5 obj/msp.o
 .debug_macro   0x000000000000db1d       0x8c obj/msp.o
 .debug_macro   0x000000000000dba9      0x242 obj/msp.o
 .debug_macro   0x000000000000ddeb      0x225 obj/msp.o
 .debug_macro   0x000000000000e010       0x99 obj/msp.o
 .debug_macro   0x000000000000e0a9      0x143 obj/msp.o
 .debug_macro   0x000000000000e1ec      0x1f4 obj/msp.o
 .debug_macro   0x000000000000e3e0      0x83e obj/msp.o
 .debug_macro   0x000000000000ec1e       0x11 obj/msp.o
 .debug_macro   0x000000000000ec2f      0x256 obj/msp.o
 .debug_macro   0x000000000000ee85       0x7c obj/msp.o
 .debug_macro   0x000000000000ef01      0x34d obj/deviceDefinition.o
 .debug_macro   0x000000000000f24e       0x2e obj/deviceDefinition.o
 .debug_macro   0x000000000000f27c       0x10 obj/deviceDefinition.o
 .debug_macro   0x000000000000f28c       0x10 obj/deviceDefinition.o
 .debug_macro   0x000000000000f29c       0x40 obj/deviceDefinition.o
 .debug_macro   0x000000000000f2dc       0x28 obj/deviceDefinition.o
 .debug_macro   0x000000000000f304       0x3a obj/deviceDefinition.o
 .debug_macro   0x000000000000f33e       0x16 obj/deviceDefinition.o
 .debug_macro   0x000000000000f354       0x35 obj/deviceDefinition.o
 .debug_macro   0x000000000000f389       0x16 obj/deviceDefinition.o
 .debug_macro   0x000000000000f39f       0x29 obj/deviceDefinition.o
 .debug_macro   0x000000000000f3c8       0x16 obj/deviceDefinition.o
 .debug_macro   0x000000000000f3de       0x2e obj/deviceDefinition.o
 .debug_macro   0x000000000000f40c      0x319 obj/constManager.o
 .debug_macro   0x000000000000f725       0x4a obj/constManager.o
 .debug_macro   0x000000000000f76f       0xac obj/constManager.o
 .debug_macro   0x000000000000f81b       0x22 obj/constManager.o
 .debug_macro   0x000000000000f83d       0x10 obj/constManager.o
 .debug_macro   0x000000000000f84d       0xe8 obj/constManager.o
 .debug_macro   0x000000000000f935       0x16 obj/constManager.o
 .debug_macro   0x000000000000f94b       0x28 obj/constManager.o
 .debug_macro   0x000000000000f973       0x34 obj/constManager.o
 .debug_macro   0x000000000000f9a7      0x369 obj/app.o
 .debug_macro   0x000000000000fd10      0x2c7 obj/stm32f1xx_it.o
 .debug_macro   0x000000000000ffd7       0x10 obj/stm32f1xx_it.o
 .debug_macro   0x000000000000ffe7      0x29c obj/assert.o
 .debug_macro   0x0000000000010283      0x2c0 obj/stm32f1xx_hal_rcc.o
 .debug_macro   0x0000000000010543      0x29c obj/stm32f1xx_hal_flash.o
 .debug_macro   0x00000000000107df      0x29d obj/stm32f1xx_hal_uart.o
 .debug_macro   0x0000000000010a7c      0x29d obj/stm32f1xx_hal_tim.o
 .debug_macro   0x0000000000010d19      0x2c0 obj/stm32f1xx_hal.o
 .debug_macro   0x0000000000010fd9      0x30c obj/stm32f1xx_hal_gpio.o
 .debug_macro   0x00000000000112e5      0x29c obj/stm32f1xx_hal_rcc_ex.o
 .debug_macro   0x0000000000011581      0x29c obj/stm32f1xx_hal_cortex.o
 .debug_macro   0x000000000001181d      0x2b2 obj/stm32f1xx_hal_i2c.o
 .debug_macro   0x0000000000011acf      0x29c obj/stm32f1xx_hal_tim_ex.o
 .debug_macro   0x0000000000011d6b      0x2a2 obj/stm32f1xx_hal_dma.o
 .debug_macro   0x000000000001200d      0x2ae obj/stm32f1xx_hal_flash_ex.o
 .debug_macro   0x00000000000122bb      0x2e0 obj/MW_I2C.o
 .debug_macro   0x000000000001259b      0x2df obj/MW_TIM.o
 .debug_macro   0x000000000001287a       0x16 obj/MW_TIM.o
 .debug_macro   0x0000000000012890      0x2da obj/MW_flash.o
 .debug_macro   0x0000000000012b6a      0x2e0 obj/MW_USART.o
 .debug_macro   0x0000000000012e4a      0x2ab obj/MW_GPIO.o
 .debug_macro   0x00000000000130f5       0x22 obj/MW_GPIO.o
 .debug_macro   0x0000000000013117      0x31e obj/message.o
 .debug_macro   0x0000000000013435       0x22 obj/message.o
 .debug_macro   0x0000000000013457       0x58 obj/message.o
 .debug_macro   0x00000000000134af       0x22 obj/message.o
 .debug_macro   0x00000000000134d1      0x2ba obj/xprintf.o
 .debug_macro   0x000000000001378b      0x30d obj/DD_RC.o
 .debug_macro   0x0000000000013a98      0x10e obj/DD_RC.o
 .debug_macro   0x0000000000013ba6       0x7f obj/DD_RC.o
 .debug_macro   0x0000000000013c25       0x1c obj/DD_RC.o
 .debug_macro   0x0000000000013c41      0x33e obj/DD_MD.o
 .debug_macro   0x0000000000013f7f      0x33e obj/DD_AB.o
 .debug_macro   0x00000000000142bd      0x347 obj/DD_Gene.o
 .debug_macro   0x0000000000014604       0x10 obj/DD_Gene.o
 .debug_macro   0x0000000000014614      0x35b obj/SystemTaskManager.o
 .debug_macro   0x000000000001496f       0x10 obj/SystemTaskManager.o
 .debug_macro   0x000000000001497f       0x28 obj/SystemTaskManager.o

.debug_line     0x0000000000000000    0x1214e
 .debug_line    0x0000000000000000      0x222 obj/system_stm32f1xx.o
 .debug_line    0x0000000000000222      0x6dc obj/msp.o
 .debug_line    0x00000000000008fe      0x7d4 obj/deviceDefinition.o
 .debug_line    0x00000000000010d2      0x91b obj/constManager.o
 .debug_line    0x00000000000019ed      0x882 obj/app.o
 .debug_line    0x000000000000226f      0x714 obj/stm32f1xx_it.o
 .debug_line    0x0000000000002983      0x553 obj/assert.o
 .debug_line    0x0000000000002ed6      0xbc0 obj/stm32f1xx_hal_rcc.o
 .debug_line    0x0000000000003a96      0x79f obj/stm32f1xx_hal_flash.o
 .debug_line    0x0000000000004235      0xd0f obj/stm32f1xx_hal_uart.o
 .debug_line    0x0000000000004f44     0x23d9 obj/stm32f1xx_hal_tim.o
 .debug_line    0x000000000000731d      0x6c5 obj/stm32f1xx_hal.o
 .debug_line    0x00000000000079e2      0x7ff obj/stm32f1xx_hal_gpio.o
 .debug_line    0x00000000000081e1      0x6bf obj/stm32f1xx_hal_rcc_ex.o
 .debug_line    0x00000000000088a0      0x733 obj/stm32f1xx_hal_cortex.o
 .debug_line    0x0000000000008fd3     0x1592 obj/stm32f1xx_hal_i2c.o
 .debug_line    0x000000000000a565      0xe97 obj/stm32f1xx_hal_tim_ex.o
 .debug_line    0x000000000000b3fc      0x9e9 obj/stm32f1xx_hal_dma.o
 .debug_line    0x000000000000bde5      0x8d7 obj/stm32f1xx_hal_flash_ex.o
 .debug_line    0x000000000000c6bc      0x635 obj/MW_I2C.o
 .debug_line    0x000000000000ccf1      0x6fa obj/MW_TIM.o
 .debug_line    0x000000000000d3eb      0x635 obj/MW_flash.o
 .debug_line    0x000000000000da20      0x679 obj/MW_USART.o
 .debug_line    0x000000000000e099      0x62b obj/MW_GPIO.o
 .debug_line    0x000000000000e6c4      0x744 obj/message.o
 .debug_line    0x000000000000ee08      0x81e obj/xprintf.o
 .debug_line    0x000000000000f626      0x7f4 obj/DD_RC.o
 .debug_line    0x000000000000fe1a      0x7bb obj/DD_MD.o
 .debug_line    0x00000000000105d5      0x7ae obj/DD_AB.o
 .debug_line    0x0000000000010d83      0x875 obj/DD_Gene.o
 .debug_line    0x00000000000115f8      0x9b2 obj/SystemTaskManager.o
 .debug_line    0x0000000000011faa       0xb7 /usr/lib/gcc/arm-none-eabi/4.9.3/../../../arm-none-eabi/lib/armv7-m/libc_nano.a(lib_a-init.o)
 .debug_line    0x0000000000012061       0xed /usr/lib/gcc/arm-none-eabi/4.9.3/../../../arm-none-eabi/lib/armv7-m/libc_nano.a(lib_a-memcpy.o)

.debug_str      0x0000000000000000    0x6a587
 .debug_str     0x0000000000000000    0x2d525 obj/system_stm32f1xx.o
                                      0x2d767 (size before relaxing)
 .debug_str     0x000000000002d525    0x37d0d obj/msp.o
                                      0x65645 (size before relaxing)
 .debug_str     0x0000000000065232      0x51b obj/deviceDefinition.o
                                      0x64c67 (size before relaxing)
 .debug_str     0x000000000006574d      0xccc obj/constManager.o
                                      0x65694 (size before relaxing)
 .debug_str     0x0000000000066419       0x5e obj/app.o
                                      0x65104 (size before relaxing)
 .debug_str     0x0000000000066477      0x1cb obj/stm32f1xx_it.o
                                      0x64d95 (size before relaxing)
 .debug_str     0x0000000000066642       0x24 obj/assert.o
                                      0x64770 (size before relaxing)
 .debug_str     0x0000000000066666      0x41d obj/stm32f1xx_hal_rcc.o
                                      0x64cbc (size before relaxing)
 .debug_str     0x0000000000066a83      0x2a8 obj/stm32f1xx_hal_flash.o
                                      0x64aea (size before relaxing)
 .debug_str     0x0000000000066d2b      0x380 obj/stm32f1xx_hal_uart.o
                                      0x64f3f (size before relaxing)
 .debug_str     0x00000000000670ab      0xcb2 obj/stm32f1xx_hal_tim.o
                                      0x658e4 (size before relaxing)
 .debug_str     0x0000000000067d5d      0x253 obj/stm32f1xx_hal.o
                                      0x64e6a (size before relaxing)
 .debug_str     0x0000000000067fb0      0x3d6 obj/stm32f1xx_hal_gpio.o
                                      0x64c63 (size before relaxing)
 .debug_str     0x0000000000068386      0x128 obj/stm32f1xx_hal_rcc_ex.o
                                      0x6498f (size before relaxing)
 .debug_str     0x00000000000684ae      0x207 obj/stm32f1xx_hal_cortex.o
                                      0x64e6c (size before relaxing)
 .debug_str     0x00000000000686b5      0x6c1 obj/stm32f1xx_hal_i2c.o
                                      0x652a3 (size before relaxing)
 .debug_str     0x0000000000068d76      0x4a9 obj/stm32f1xx_hal_tim_ex.o
                                      0x6517e (size before relaxing)
 .debug_str     0x000000000006921f      0x12d obj/stm32f1xx_hal_dma.o
                                      0x64aec (size before relaxing)
 .debug_str     0x000000000006934c      0x394 obj/stm32f1xx_hal_flash_ex.o
                                      0x64ce8 (size before relaxing)
 .debug_str     0x00000000000696e0       0xfe obj/MW_I2C.o
                                      0x64d65 (size before relaxing)
 .debug_str     0x00000000000697de      0x29a obj/MW_TIM.o
                                      0x64fbf (size before relaxing)
 .debug_str     0x0000000000069a78       0x72 obj/MW_flash.o
                                      0x64a4f (size before relaxing)
 .debug_str     0x0000000000069aea      0x103 obj/MW_USART.o
                                      0x64daf (size before relaxing)
 .debug_str     0x0000000000069bed      0x1fb obj/MW_GPIO.o
                                      0x64a23 (size before relaxing)
 .debug_str     0x0000000000069de8      0x281 obj/message.o
                                      0x64d8a (size before relaxing)
 .debug_str     0x000000000006a069       0x8a obj/xprintf.o
                                      0x64a5b (size before relaxing)
 .debug_str     0x000000000006a0f3       0xe8 obj/DD_RC.o
                                      0x6504c (size before relaxing)
 .debug_str     0x000000000006a1db       0x52 obj/DD_MD.o
                                      0x64bc5 (size before relaxing)
 .debug_str     0x000000000006a22d       0x3b obj/DD_AB.o
                                      0x64b51 (size before relaxing)
 .debug_str     0x000000000006a268       0x55 obj/DD_Gene.o
                                      0x64cc0 (size before relaxing)
 .debug_str     0x000000000006a2bd       0x97 obj/SystemTaskManager.o
                                      0x65942 (size before relaxing)
 .debug_str     0x000000000006a354      0x18c /usr/lib/gcc/arm-none-eabi/4.9.3/../../../arm-none-eabi/lib/armv7-m/libc_nano.a(lib_a-init.o)
                                        0x231 (size before relaxing)
 .debug_str     0x000000000006a4e0       0xa7 /usr/lib/gcc/arm-none-eabi/4.9.3/../../../arm-none-eabi/lib/armv7-m/libc_nano.a(lib_a-memcpy.o)
                                        0x1e6 (size before relaxing)

.debug_frame    0x0000000000000000     0x30b4
 .debug_frame   0x0000000000000000       0x30 obj/system_stm32f1xx.o
 .debug_frame   0x0000000000000030      0x180 obj/msp.o
 .debug_frame   0x00000000000001b0      0x174 obj/constManager.o
 .debug_frame   0x0000000000000324       0x40 obj/app.o
 .debug_frame   0x0000000000000364      0x108 obj/stm32f1xx_it.o
 .debug_frame   0x000000000000046c       0x20 obj/assert.o
 .debug_frame   0x000000000000048c      0x16c obj/stm32f1xx_hal_rcc.o
 .debug_frame   0x00000000000005f8      0x138 obj/stm32f1xx_hal_flash.o
 .debug_frame   0x0000000000000730      0x39c obj/stm32f1xx_hal_uart.o
 .debug_frame   0x0000000000000acc      0xa88 obj/stm32f1xx_hal_tim.o
 .debug_frame   0x0000000000001554      0x168 obj/stm32f1xx_hal.o
 .debug_frame   0x00000000000016bc       0xf8 obj/stm32f1xx_hal_gpio.o
 .debug_frame   0x00000000000017b4       0x68 obj/stm32f1xx_hal_rcc_ex.o
 .debug_frame   0x000000000000181c      0x144 obj/stm32f1xx_hal_cortex.o
 .debug_frame   0x0000000000001960      0x6e0 obj/stm32f1xx_hal_i2c.o
 .debug_frame   0x0000000000002040      0x3c8 obj/stm32f1xx_hal_tim_ex.o
 .debug_frame   0x0000000000002408      0x124 obj/stm32f1xx_hal_dma.o
 .debug_frame   0x000000000000252c      0x1a4 obj/stm32f1xx_hal_flash_ex.o
 .debug_frame   0x00000000000026d0       0xc4 obj/MW_I2C.o
 .debug_frame   0x0000000000002794      0x164 obj/MW_TIM.o
 .debug_frame   0x00000000000028f8       0x80 obj/MW_flash.o
 .debug_frame   0x0000000000002978       0xf8 obj/MW_USART.o
 .debug_frame   0x0000000000002a70       0xbc obj/MW_GPIO.o
 .debug_frame   0x0000000000002b2c       0xec obj/message.o
 .debug_frame   0x0000000000002c18      0x19c obj/xprintf.o
 .debug_frame   0x0000000000002db4       0xac obj/DD_RC.o
 .debug_frame   0x0000000000002e60       0x48 obj/DD_MD.o
 .debug_frame   0x0000000000002ea8       0x44 obj/DD_AB.o
 .debug_frame   0x0000000000002eec       0x88 obj/DD_Gene.o
 .debug_frame   0x0000000000002f74       0xec obj/SystemTaskManager.o
 .debug_frame   0x0000000000003060       0x2c /usr/lib/gcc/arm-none-eabi/4.9.3/../../../arm-none-eabi/lib/armv7-m/libc_nano.a(lib_a-init.o)
 .debug_frame   0x000000000000308c       0x28 /usr/lib/gcc/arm-none-eabi/4.9.3/../../../arm-none-eabi/lib/armv7-m/libc_nano.a(lib_a-memcpy.o)

Cross Reference Table

Symbol                                            File
ADC1_2_IRQHandler                                 obj/startup.o
ADC_ConversionStop_Disable                        obj/stm32f1xx_hal_adc.o
                                                  obj/stm32f1xx_hal_adc_ex.o
ADC_DMAConvCplt                                   obj/stm32f1xx_hal_adc.o
                                                  obj/stm32f1xx_hal_adc_ex.o
ADC_DMAError                                      obj/stm32f1xx_hal_adc.o
                                                  obj/stm32f1xx_hal_adc_ex.o
ADC_DMAHalfConvCplt                               obj/stm32f1xx_hal_adc.o
                                                  obj/stm32f1xx_hal_adc_ex.o
ADC_Enable                                        obj/stm32f1xx_hal_adc.o
                                                  obj/stm32f1xx_hal_adc_ex.o
AHBPrescTable                                     obj/system_stm32f1xx.o
                                                  obj/stm32f1xx_hal_rcc.o
APBPrescTable                                     obj/system_stm32f1xx.o
                                                  obj/stm32f1xx_hal_rcc.o
BusFault_Handler                                  obj/stm32f1xx_it.o
CAN1_RX1_IRQHandler                               obj/startup.o
CAN1_SCE_IRQHandler                               obj/startup.o
DD_ABHandPrint                                    obj/DD_AB.o
                                                  obj/DD_Gene.o
DD_I2CReceive                                     obj/DD_Gene.o
                                                  obj/DD_SV.o
DD_I2CSend                                        obj/DD_Gene.o
                                                  obj/DD_AB.o
                                                  obj/DD_MD.o
                                                  obj/DD_SV.o
DD_InitEncoder1                                   obj/DD_ENCODER.o
DD_InitEncoder2                                   obj/DD_ENCODER.o
DD_MDHandPrint                                    obj/DD_MD.o
                                                  obj/DD_Gene.o
DD_RCGetLX                                        obj/DD_RC.o
DD_RCGetLY                                        obj/DD_RC.o
DD_RCGetRX                                        obj/DD_RC.o
DD_RCGetRY                                        obj/DD_RC.o
DD_RCInit                                         obj/DD_RC.o
                                                  obj/SystemTaskManager.o
DD_RCPrint                                        obj/DD_RC.o
                                                  obj/SystemTaskManager.o
                                                  obj/constManager.o
DD_RCTask                                         obj/DD_RC.o
                                                  obj/SystemTaskManager.o
DD_doTasks                                        obj/DD_Gene.o
                                                  obj/SystemTaskManager.o
DD_encoder1Get_int32                              obj/DD_ENCODER.o
DD_encoder1update                                 obj/DD_ENCODER.o
DD_encoder2Get_int32                              obj/DD_ENCODER.o
DD_encoder2update                                 obj/DD_ENCODER.o
DD_encoderprint                                   obj/DD_ENCODER.o
DD_initialize                                     obj/DD_Gene.o
                                                  obj/SystemTaskManager.o
DD_print                                          obj/DD_Gene.o
                                                  obj/SystemTaskManager.o
DD_send2AB                                        obj/DD_AB.o
                                                  obj/DD_Gene.o
DD_send2MD                                        obj/DD_MD.o
                                                  obj/DD_Gene.o
DMA1_Channel1_IRQHandler                          obj/startup.o
DMA1_Channel2_IRQHandler                          obj/startup.o
DMA1_Channel3_IRQHandler                          obj/stm32f1xx_it.o
DMA1_Channel4_IRQHandler                          obj/startup.o
DMA1_Channel5_IRQHandler                          obj/startup.o
DMA1_Channel6_IRQHandler                          obj/startup.o
DMA1_Channel7_IRQHandler                          obj/stm32f1xx_it.o
DebugMon_Handler                                  obj/stm32f1xx_it.o
Default_Handler                                   obj/startup.o
EXTI0_IRQHandler                                  obj/startup.o
EXTI15_10_IRQHandler                              obj/startup.o
EXTI1_IRQHandler                                  obj/startup.o
EXTI2_IRQHandler                                  obj/startup.o
EXTI3_IRQHandler                                  obj/startup.o
EXTI4_IRQHandler                                  obj/startup.o
EXTI9_5_IRQHandler                                obj/startup.o
Error_Handler                                     obj/msp.o
FLASH_IRQHandler                                  obj/startup.o
FLASH_PageErase                                   obj/stm32f1xx_hal_flash_ex.o
                                                  obj/stm32f1xx_hal_flash.o
FLASH_WaitForLastOperation                        obj/stm32f1xx_hal_flash.o
                                                  obj/stm32f1xx_hal_flash_ex.o
HAL_ADCEx_Calibration_Start                       obj/stm32f1xx_hal_adc_ex.o
HAL_ADCEx_InjectedConfigChannel                   obj/stm32f1xx_hal_adc_ex.o
HAL_ADCEx_InjectedConvCpltCallback                obj/stm32f1xx_hal_adc_ex.o
                                                  obj/stm32f1xx_hal_adc.o
HAL_ADCEx_InjectedGetValue                        obj/stm32f1xx_hal_adc_ex.o
HAL_ADCEx_InjectedPollForConversion               obj/stm32f1xx_hal_adc_ex.o
HAL_ADCEx_InjectedStart                           obj/stm32f1xx_hal_adc_ex.o
HAL_ADCEx_InjectedStart_IT                        obj/stm32f1xx_hal_adc_ex.o
HAL_ADCEx_InjectedStop                            obj/stm32f1xx_hal_adc_ex.o
HAL_ADCEx_InjectedStop_IT                         obj/stm32f1xx_hal_adc_ex.o
HAL_ADCEx_MultiModeConfigChannel                  obj/stm32f1xx_hal_adc_ex.o
HAL_ADCEx_MultiModeGetValue                       obj/stm32f1xx_hal_adc_ex.o
HAL_ADCEx_MultiModeStart_DMA                      obj/stm32f1xx_hal_adc_ex.o
HAL_ADCEx_MultiModeStop_DMA                       obj/stm32f1xx_hal_adc_ex.o
HAL_ADC_AnalogWDGConfig                           obj/stm32f1xx_hal_adc.o
HAL_ADC_ConfigChannel                             obj/stm32f1xx_hal_adc.o
HAL_ADC_ConvCpltCallback                          obj/stm32f1xx_hal_adc.o
HAL_ADC_ConvHalfCpltCallback                      obj/stm32f1xx_hal_adc.o
HAL_ADC_DeInit                                    obj/stm32f1xx_hal_adc.o
HAL_ADC_ErrorCallback                             obj/stm32f1xx_hal_adc.o
HAL_ADC_GetError                                  obj/stm32f1xx_hal_adc.o
HAL_ADC_GetState                                  obj/stm32f1xx_hal_adc.o
HAL_ADC_GetValue                                  obj/stm32f1xx_hal_adc.o
HAL_ADC_IRQHandler                                obj/stm32f1xx_hal_adc.o
HAL_ADC_Init                                      obj/stm32f1xx_hal_adc.o
HAL_ADC_LevelOutOfWindowCallback                  obj/stm32f1xx_hal_adc.o
HAL_ADC_MspDeInit                                 obj/msp.o
HAL_ADC_MspInit                                   obj/msp.o
HAL_ADC_PollForConversion                         obj/stm32f1xx_hal_adc.o
HAL_ADC_PollForEvent                              obj/stm32f1xx_hal_adc.o
HAL_ADC_Start                                     obj/stm32f1xx_hal_adc.o
HAL_ADC_Start_DMA                                 obj/stm32f1xx_hal_adc.o
HAL_ADC_Start_IT                                  obj/stm32f1xx_hal_adc.o
HAL_ADC_Stop                                      obj/stm32f1xx_hal_adc.o
HAL_ADC_Stop_DMA                                  obj/stm32f1xx_hal_adc.o
HAL_ADC_Stop_IT                                   obj/stm32f1xx_hal_adc.o
HAL_DBGMCU_DisableDBGSleepMode                    obj/stm32f1xx_hal.o
HAL_DBGMCU_DisableDBGStandbyMode                  obj/stm32f1xx_hal.o
HAL_DBGMCU_DisableDBGStopMode                     obj/stm32f1xx_hal.o
HAL_DBGMCU_EnableDBGSleepMode                     obj/stm32f1xx_hal.o
HAL_DBGMCU_EnableDBGStandbyMode                   obj/stm32f1xx_hal.o
HAL_DBGMCU_EnableDBGStopMode                      obj/stm32f1xx_hal.o
HAL_DMA_Abort                                     obj/stm32f1xx_hal_dma.o
                                                  obj/stm32f1xx_hal_adc_ex.o
                                                  obj/stm32f1xx_hal_spi.o
                                                  obj/stm32f1xx_hal_adc.o
                                                  obj/stm32f1xx_hal_tim.o
                                                  obj/stm32f1xx_hal_uart.o
HAL_DMA_DeInit                                    obj/stm32f1xx_hal_dma.o
HAL_DMA_GetError                                  obj/stm32f1xx_hal_dma.o
HAL_DMA_GetState                                  obj/stm32f1xx_hal_dma.o
HAL_DMA_IRQHandler                                obj/stm32f1xx_hal_dma.o
                                                  obj/stm32f1xx_it.o
HAL_DMA_Init                                      obj/stm32f1xx_hal_dma.o
                                                  obj/msp.o
HAL_DMA_PollForTransfer                           obj/stm32f1xx_hal_dma.o
HAL_DMA_Start                                     obj/stm32f1xx_hal_dma.o
HAL_DMA_Start_IT                                  obj/stm32f1xx_hal_dma.o
                                                  obj/stm32f1xx_hal_adc_ex.o
                                                  obj/stm32f1xx_hal_tim_ex.o
                                                  obj/stm32f1xx_hal_i2c.o
                                                  obj/stm32f1xx_hal_spi.o
                                                  obj/stm32f1xx_hal_adc.o
                                                  obj/stm32f1xx_hal_tim.o
                                                  obj/stm32f1xx_hal_uart.o
HAL_DeInit                                        obj/stm32f1xx_hal.o
HAL_Delay                                         obj/stm32f1xx_hal.o
                                                  obj/DD_SV.o
                                                  obj/stm32f1xx_hal_rcc.o
HAL_FLASHEx_Erase                                 obj/stm32f1xx_hal_flash_ex.o
                                                  obj/MW_flash.o
HAL_FLASHEx_Erase_IT                              obj/stm32f1xx_hal_flash_ex.o
HAL_FLASHEx_OBErase                               obj/stm32f1xx_hal_flash_ex.o
HAL_FLASHEx_OBGetConfig                           obj/stm32f1xx_hal_flash_ex.o
HAL_FLASHEx_OBGetUserData                         obj/stm32f1xx_hal_flash_ex.o
HAL_FLASHEx_OBProgram                             obj/stm32f1xx_hal_flash_ex.o
HAL_FLASH_EndOfOperationCallback                  obj/stm32f1xx_hal_flash.o
HAL_FLASH_GetError                                obj/stm32f1xx_hal_flash.o
HAL_FLASH_IRQHandler                              obj/stm32f1xx_hal_flash.o
HAL_FLASH_Lock                                    obj/stm32f1xx_hal_flash.o
                                                  obj/MW_flash.o
HAL_FLASH_OB_Launch                               obj/stm32f1xx_hal_flash.o
HAL_FLASH_OB_Lock                                 obj/stm32f1xx_hal_flash.o
HAL_FLASH_OB_Unlock                               obj/stm32f1xx_hal_flash.o
HAL_FLASH_OperationErrorCallback                  obj/stm32f1xx_hal_flash.o
HAL_FLASH_Program                                 obj/stm32f1xx_hal_flash.o
                                                  obj/MW_flash.o
HAL_FLASH_Program_IT                              obj/stm32f1xx_hal_flash.o
HAL_FLASH_Unlock                                  obj/stm32f1xx_hal_flash.o
                                                  obj/MW_flash.o
HAL_GPIOEx_ConfigEventout                         obj/stm32f1xx_hal_gpio_ex.o
HAL_GPIOEx_DisableEventout                        obj/stm32f1xx_hal_gpio_ex.o
HAL_GPIOEx_EnableEventout                         obj/stm32f1xx_hal_gpio_ex.o
HAL_GPIO_DeInit                                   obj/stm32f1xx_hal_gpio.o
                                                  obj/msp.o
HAL_GPIO_EXTI_Callback                            obj/stm32f1xx_hal_gpio.o
HAL_GPIO_EXTI_IRQHandler                          obj/stm32f1xx_hal_gpio.o
HAL_GPIO_Init                                     obj/stm32f1xx_hal_gpio.o
                                                  obj/MW_GPIO.o
                                                  obj/stm32f1xx_hal_rcc.o
                                                  obj/msp.o
HAL_GPIO_LockPin                                  obj/stm32f1xx_hal_gpio.o
HAL_GPIO_ReadPin                                  obj/stm32f1xx_hal_gpio.o
                                                  obj/MW_GPIO.o
HAL_GPIO_TogglePin                                obj/stm32f1xx_hal_gpio.o
                                                  obj/MW_GPIO.o
HAL_GPIO_WritePin                                 obj/stm32f1xx_hal_gpio.o
                                                  obj/MW_GPIO.o
HAL_GetDEVID                                      obj/stm32f1xx_hal.o
HAL_GetHalVersion                                 obj/stm32f1xx_hal.o
HAL_GetREVID                                      obj/stm32f1xx_hal.o
HAL_GetTick                                       obj/stm32f1xx_hal.o
                                                  obj/stm32f1xx_hal_iwdg.o
                                                  obj/stm32f1xx_hal_dma.o
                                                  obj/stm32f1xx_hal_adc_ex.o
                                                  obj/stm32f1xx_hal_i2c.o
                                                  obj/stm32f1xx_hal_rcc_ex.o
                                                  obj/stm32f1xx_hal_spi.o
                                                  obj/stm32f1xx_hal_adc.o
                                                  obj/stm32f1xx_hal_uart.o
                                                  obj/stm32f1xx_hal_flash.o
                                                  obj/stm32f1xx_hal_rcc.o
HAL_HalfDuplex_EnableReceiver                     obj/stm32f1xx_hal_uart.o
HAL_HalfDuplex_EnableTransmitter                  obj/stm32f1xx_hal_uart.o
HAL_HalfDuplex_Init                               obj/stm32f1xx_hal_uart.o
HAL_I2C_DeInit                                    obj/stm32f1xx_hal_i2c.o
HAL_I2C_ER_IRQHandler                             obj/stm32f1xx_hal_i2c.o
HAL_I2C_EV_IRQHandler                             obj/stm32f1xx_hal_i2c.o
HAL_I2C_ErrorCallback                             obj/stm32f1xx_hal_i2c.o
HAL_I2C_GetError                                  obj/stm32f1xx_hal_i2c.o
HAL_I2C_GetState                                  obj/stm32f1xx_hal_i2c.o
HAL_I2C_Init                                      obj/stm32f1xx_hal_i2c.o
                                                  obj/MW_I2C.o
HAL_I2C_IsDeviceReady                             obj/stm32f1xx_hal_i2c.o
HAL_I2C_MasterRxCpltCallback                      obj/stm32f1xx_hal_i2c.o
HAL_I2C_MasterTxCpltCallback                      obj/stm32f1xx_hal_i2c.o
HAL_I2C_Master_Receive                            obj/stm32f1xx_hal_i2c.o
                                                  obj/MW_I2C.o
HAL_I2C_Master_Receive_DMA                        obj/stm32f1xx_hal_i2c.o
HAL_I2C_Master_Receive_IT                         obj/stm32f1xx_hal_i2c.o
HAL_I2C_Master_Transmit                           obj/stm32f1xx_hal_i2c.o
                                                  obj/MW_I2C.o
HAL_I2C_Master_Transmit_DMA                       obj/stm32f1xx_hal_i2c.o
HAL_I2C_Master_Transmit_IT                        obj/stm32f1xx_hal_i2c.o
HAL_I2C_MemRxCpltCallback                         obj/stm32f1xx_hal_i2c.o
HAL_I2C_MemTxCpltCallback                         obj/stm32f1xx_hal_i2c.o
HAL_I2C_Mem_Read                                  obj/stm32f1xx_hal_i2c.o
HAL_I2C_Mem_Read_DMA                              obj/stm32f1xx_hal_i2c.o
HAL_I2C_Mem_Read_IT                               obj/stm32f1xx_hal_i2c.o
HAL_I2C_Mem_Write                                 obj/stm32f1xx_hal_i2c.o
HAL_I2C_Mem_Write_DMA                             obj/stm32f1xx_hal_i2c.o
HAL_I2C_Mem_Write_IT                              obj/stm32f1xx_hal_i2c.o
HAL_I2C_MspDeInit                                 obj/msp.o
HAL_I2C_MspInit                                   obj/msp.o
HAL_I2C_SlaveRxCpltCallback                       obj/stm32f1xx_hal_i2c.o
HAL_I2C_SlaveTxCpltCallback                       obj/stm32f1xx_hal_i2c.o
HAL_I2C_Slave_Receive                             obj/stm32f1xx_hal_i2c.o
HAL_I2C_Slave_Receive_DMA                         obj/stm32f1xx_hal_i2c.o
HAL_I2C_Slave_Receive_IT                          obj/stm32f1xx_hal_i2c.o
HAL_I2C_Slave_Transmit                            obj/stm32f1xx_hal_i2c.o
HAL_I2C_Slave_Transmit_DMA                        obj/stm32f1xx_hal_i2c.o
HAL_I2C_Slave_Transmit_IT                         obj/stm32f1xx_hal_i2c.o
HAL_IWDG_GetState                                 obj/stm32f1xx_hal_iwdg.o
HAL_IWDG_Init                                     obj/stm32f1xx_hal_iwdg.o
HAL_IWDG_MspInit                                  obj/stm32f1xx_hal_iwdg.o
HAL_IWDG_Refresh                                  obj/stm32f1xx_hal_iwdg.o
HAL_IWDG_Start                                    obj/stm32f1xx_hal_iwdg.o
HAL_IncTick                                       obj/stm32f1xx_hal.o
                                                  obj/stm32f1xx_it.o
HAL_Init                                          obj/stm32f1xx_hal.o
                                                  obj/SystemTaskManager.o
HAL_InitTick                                      obj/stm32f1xx_hal.o
                                                  obj/stm32f1xx_hal_rcc.o
HAL_LIN_Init                                      obj/stm32f1xx_hal_uart.o
HAL_LIN_SendBreak                                 obj/stm32f1xx_hal_uart.o
HAL_MspDeInit                                     obj/stm32f1xx_hal.o
HAL_MspInit                                       obj/msp.o
HAL_MultiProcessor_EnterMuteMode                  obj/stm32f1xx_hal_uart.o
HAL_MultiProcessor_ExitMuteMode                   obj/stm32f1xx_hal_uart.o
HAL_MultiProcessor_Init                           obj/stm32f1xx_hal_uart.o
HAL_NVIC_ClearPendingIRQ                          obj/stm32f1xx_hal_cortex.o
HAL_NVIC_DisableIRQ                               obj/stm32f1xx_hal_cortex.o
                                                  obj/msp.o
HAL_NVIC_EnableIRQ                                obj/stm32f1xx_hal_cortex.o
                                                  obj/msp.o
HAL_NVIC_GetActive                                obj/stm32f1xx_hal_cortex.o
HAL_NVIC_GetPendingIRQ                            obj/stm32f1xx_hal_cortex.o
HAL_NVIC_GetPriority                              obj/stm32f1xx_hal_cortex.o
HAL_NVIC_GetPriorityGrouping                      obj/stm32f1xx_hal_cortex.o
HAL_NVIC_SetPendingIRQ                            obj/stm32f1xx_hal_cortex.o
HAL_NVIC_SetPriority                              obj/stm32f1xx_hal_cortex.o
                                                  obj/SystemTaskManager.o
                                                  obj/stm32f1xx_hal.o
                                                  obj/msp.o
HAL_NVIC_SetPriorityGrouping                      obj/stm32f1xx_hal_cortex.o
                                                  obj/stm32f1xx_hal.o
                                                  obj/msp.o
HAL_NVIC_SystemReset                              obj/stm32f1xx_hal_cortex.o
                                                  obj/stm32f1xx_hal_flash.o
HAL_PWR_ConfigPVD                                 obj/stm32f1xx_hal_pwr.o
HAL_PWR_DeInit                                    obj/stm32f1xx_hal_pwr.o
HAL_PWR_DisableBkUpAccess                         obj/stm32f1xx_hal_pwr.o