Archive member included to satisfy reference by file (symbol)

/usr/lib/gcc/arm-none-eabi/4.9.3/../../../arm-none-eabi/lib/armv7-m/libc_nano.a(lib_a-atexit.o)
                              /usr/lib/gcc/arm-none-eabi/4.9.3/../../../arm-none-eabi/lib/armv7-m/crt0.o (atexit)
/usr/lib/gcc/arm-none-eabi/4.9.3/../../../arm-none-eabi/lib/armv7-m/libc_nano.a(lib_a-exit.o)
                              /usr/lib/gcc/arm-none-eabi/4.9.3/../../../arm-none-eabi/lib/armv7-m/crt0.o (exit)
/usr/lib/gcc/arm-none-eabi/4.9.3/../../../arm-none-eabi/lib/armv7-m/libc_nano.a(lib_a-fini.o)
                              /usr/lib/gcc/arm-none-eabi/4.9.3/../../../arm-none-eabi/lib/armv7-m/crt0.o (__libc_fini_array)
/usr/lib/gcc/arm-none-eabi/4.9.3/../../../arm-none-eabi/lib/armv7-m/libc_nano.a(lib_a-impure.o)
                              /usr/lib/gcc/arm-none-eabi/4.9.3/../../../arm-none-eabi/lib/armv7-m/libc_nano.a(lib_a-exit.o) (_global_impure_ptr)
/usr/lib/gcc/arm-none-eabi/4.9.3/../../../arm-none-eabi/lib/armv7-m/libc_nano.a(lib_a-init.o)
                              /usr/lib/gcc/arm-none-eabi/4.9.3/../../../arm-none-eabi/lib/armv7-m/crt0.o (__libc_init_array)
/usr/lib/gcc/arm-none-eabi/4.9.3/../../../arm-none-eabi/lib/armv7-m/libc_nano.a(lib_a-memset.o)
                              /usr/lib/gcc/arm-none-eabi/4.9.3/../../../arm-none-eabi/lib/armv7-m/crt0.o (memset)
/usr/lib/gcc/arm-none-eabi/4.9.3/../../../arm-none-eabi/lib/armv7-m/libc_nano.a(lib_a-printf.o)
                              obj/message.o (printf)
/usr/lib/gcc/arm-none-eabi/4.9.3/../../../arm-none-eabi/lib/armv7-m/libc_nano.a(lib_a-__atexit.o)
                              /usr/lib/gcc/arm-none-eabi/4.9.3/../../../arm-none-eabi/lib/armv7-m/libc_nano.a(lib_a-atexit.o) (__register_exitproc)
/usr/lib/gcc/arm-none-eabi/4.9.3/../../../arm-none-eabi/lib/armv7-m/libc_nano.a(lib_a-__call_atexit.o)
                              /usr/lib/gcc/arm-none-eabi/4.9.3/../../../arm-none-eabi/lib/armv7-m/libc_nano.a(lib_a-__atexit.o) (__call_exitprocs)
/usr/lib/gcc/arm-none-eabi/4.9.3/../../../arm-none-eabi/lib/armv7-m/libc_nano.a(lib_a-findfp.o)
                              /usr/lib/gcc/arm-none-eabi/4.9.3/../../../arm-none-eabi/lib/armv7-m/libc_nano.a(lib_a-printf.o) (__sinit)
/usr/lib/gcc/arm-none-eabi/4.9.3/../../../arm-none-eabi/lib/armv7-m/libc_nano.a(lib_a-fwalk.o)
                              /usr/lib/gcc/arm-none-eabi/4.9.3/../../../arm-none-eabi/lib/armv7-m/libc_nano.a(lib_a-findfp.o) (_fwalk)
/usr/lib/gcc/arm-none-eabi/4.9.3/../../../arm-none-eabi/lib/armv7-m/libc_nano.a(lib_a-nano-mallocr.o)
                              /usr/lib/gcc/arm-none-eabi/4.9.3/../../../arm-none-eabi/lib/armv7-m/libc_nano.a(lib_a-findfp.o) (_malloc_r)
/usr/lib/gcc/arm-none-eabi/4.9.3/../../../arm-none-eabi/lib/armv7-m/libc_nano.a(lib_a-nano-vfprintf.o)
                              /usr/lib/gcc/arm-none-eabi/4.9.3/../../../arm-none-eabi/lib/armv7-m/libc_nano.a(lib_a-printf.o) (_vfprintf_r)
/usr/lib/gcc/arm-none-eabi/4.9.3/../../../arm-none-eabi/lib/armv7-m/libc_nano.a(lib_a-nano-vfprintf_i.o)
                              /usr/lib/gcc/arm-none-eabi/4.9.3/../../../arm-none-eabi/lib/armv7-m/libc_nano.a(lib_a-nano-vfprintf.o) (_printf_i)
/usr/lib/gcc/arm-none-eabi/4.9.3/../../../arm-none-eabi/lib/armv7-m/libc_nano.a(lib_a-sbrkr.o)
                              /usr/lib/gcc/arm-none-eabi/4.9.3/../../../arm-none-eabi/lib/armv7-m/libc_nano.a(lib_a-nano-mallocr.o) (_sbrk_r)
/usr/lib/gcc/arm-none-eabi/4.9.3/../../../arm-none-eabi/lib/armv7-m/libc_nano.a(lib_a-stdio.o)
                              /usr/lib/gcc/arm-none-eabi/4.9.3/../../../arm-none-eabi/lib/armv7-m/libc_nano.a(lib_a-findfp.o) (__sread)
/usr/lib/gcc/arm-none-eabi/4.9.3/../../../arm-none-eabi/lib/armv7-m/libc_nano.a(lib_a-wbuf.o)
                              /usr/lib/gcc/arm-none-eabi/4.9.3/../../../arm-none-eabi/lib/armv7-m/libc_nano.a(lib_a-nano-vfprintf.o) (__swbuf_r)
/usr/lib/gcc/arm-none-eabi/4.9.3/../../../arm-none-eabi/lib/armv7-m/libc_nano.a(lib_a-writer.o)
                              /usr/lib/gcc/arm-none-eabi/4.9.3/../../../arm-none-eabi/lib/armv7-m/libc_nano.a(lib_a-stdio.o) (_write_r)
/usr/lib/gcc/arm-none-eabi/4.9.3/../../../arm-none-eabi/lib/armv7-m/libc_nano.a(lib_a-wsetup.o)
                              /usr/lib/gcc/arm-none-eabi/4.9.3/../../../arm-none-eabi/lib/armv7-m/libc_nano.a(lib_a-nano-vfprintf.o) (__swsetup_r)
/usr/lib/gcc/arm-none-eabi/4.9.3/../../../arm-none-eabi/lib/armv7-m/libc_nano.a(lib_a-closer.o)
                              /usr/lib/gcc/arm-none-eabi/4.9.3/../../../arm-none-eabi/lib/armv7-m/libc_nano.a(lib_a-stdio.o) (_close_r)
/usr/lib/gcc/arm-none-eabi/4.9.3/../../../arm-none-eabi/lib/armv7-m/libc_nano.a(lib_a-fflush.o)
                              /usr/lib/gcc/arm-none-eabi/4.9.3/../../../arm-none-eabi/lib/armv7-m/libc_nano.a(lib_a-findfp.o) (_fflush_r)
/usr/lib/gcc/arm-none-eabi/4.9.3/../../../arm-none-eabi/lib/armv7-m/libc_nano.a(lib_a-fvwrite.o)
[...]
Memory Configuration

Name             Origin             Length             Attributes
FLASH            0x0000000008000000 0x0000000000020000 xr
RAM              0x0000000020000000 0x0000000000005000 xrw
*default*        0x0000000000000000 0xffffffffffffffff

Linker script and memory map

LOAD /usr/lib/gcc/arm-none-eabi/4.9.3/armv7-m/crti.o
LOAD /usr/lib/gcc/arm-none-eabi/4.9.3/armv7-m/crtbegin.o
LOAD /usr/lib/gcc/arm-none-eabi/4.9.3/../../../arm-none-eabi/lib/armv7-m/crt0.o
LOAD obj/system_stm32f1xx.o
LOAD obj/main.o
LOAD obj/stm32f1xx_it.o
LOAD obj/assert.o
LOAD obj/stm32f1xx_hal_hcd.o
LOAD obj/stm32f1xx_hal_sram.o
LOAD obj/stm32f1xx_hal_rcc.o
LOAD obj/stm32f1xx_hal_nor.o
LOAD obj/stm32f1xx_hal_flash.o
LOAD obj/stm32f1xx_hal_rtc_ex.o
LOAD obj/stm32f1xx_hal_crc.o
LOAD obj/stm32f1xx_hal_usart.o
LOAD obj/stm32f1xx_hal_dac_ex.o
LOAD obj/stm32f1xx_hal_pcd.o
LOAD obj/stm32f1xx_ll_sdmmc.o
LOAD obj/stm32f1xx_hal_irda.o
LOAD obj/stm32f1xx_hal_wwdg.o
LOAD obj/stm32f1xx_hal_rtc.o
LOAD obj/stm32f1xx_hal_pwr.o
LOAD obj/stm32f1xx_ll_fsmc.o
LOAD obj/stm32f1xx_ll_usb.o
LOAD obj/stm32f1xx_hal_smartcard.o
LOAD obj/stm32f1xx_hal_uart.o
LOAD obj/stm32f1xx_hal_tim.o
LOAD obj/stm32f1xx_hal_pcd_ex.o
LOAD obj/stm32f1xx_hal_adc.o
LOAD obj/stm32f1xx_hal.o
LOAD obj/stm32f1xx_hal_gpio.o
LOAD obj/stm32f1xx_hal_spi.o
LOAD obj/stm32f1xx_hal_pccard.o
LOAD obj/stm32f1xx_hal_rcc_ex.o
LOAD obj/stm32f1xx_hal_cec.o
LOAD obj/stm32f1xx_hal_cortex.o
LOAD obj/stm32f1xx_hal_i2c.o
LOAD obj/stm32f1xx_hal_tim_ex.o
LOAD obj/stm32f1xx_hal_adc_ex.o
LOAD obj/stm32f1xx_hal_spi_ex.o
LOAD obj/stm32f1xx_hal_dma.o
LOAD obj/stm32f1xx_hal_iwdg.o
LOAD obj/stm32f1xx_hal_gpio_ex.o
LOAD obj/stm32f1xx_hal_flash_ex.o
LOAD obj/stm32f1xx_hal_dac.o
LOAD obj/stm32f1xx_hal_can.o
LOAD obj/stm32f1xx_hal_nand.o
LOAD obj/stm32f1xx_hal_sd.o
LOAD obj/stm32f1xx_hal_msp_template.o
LOAD obj/stm32f1xx_hal_i2s.o
LOAD obj/stm32f1xx_hal_eth.o
LOAD obj/MW_USART.o
LOAD obj/MW_GPIO.o
LOAD obj/message.o
LOAD obj/xprintf.o
LOAD obj/startup.o
START GROUP
LOAD /usr/lib/gcc/arm-none-eabi/4.9.3/armv7-m/libgcc.a
END GROUP
START GROUP
LOAD /usr/lib/gcc/arm-none-eabi/4.9.3/armv7-m/libgcc.a
LOAD /usr/lib/gcc/arm-none-eabi/4.9.3/../../../arm-none-eabi/lib/armv7-m/libc_nano.a
END GROUP
START GROUP
LOAD /usr/lib/gcc/arm-none-eabi/4.9.3/armv7-m/libgcc.a
LOAD /usr/lib/gcc/arm-none-eabi/4.9.3/../../../arm-none-eabi/lib/armv7-m/libc_nano.a
END GROUP
LOAD /usr/lib/gcc/arm-none-eabi/4.9.3/armv7-m/crtend.o
LOAD /usr/lib/gcc/arm-none-eabi/4.9.3/armv7-m/crtn.o
                0x0000000020005000                _estack = 0x20005000
                0x0000000000000400                _Min_Heap_Size = 0x400
                0x0000000000000860                _Min_Stack_Size = 0x860

.isr_vector     0x0000000008000000      0x10c
                0x0000000008000000                . = ALIGN (0x4)
 *(.isr_vector)
 .isr_vector    0x0000000008000000      0x10c obj/startup.o
                0x0000000008000000                g_pfnVectors
                0x000000000800010c                . = ALIGN (0x4)

.text           0x000000000800010c     0x176c
                0x000000000800010c                . = ALIGN (0x4)
 *(.text)
 .text          0x000000000800010c       0xa4 /usr/lib/gcc/arm-none-eabi/4.9.3/armv7-m/crtbegin.o
 *(.text*)
 .text.SystemInit
                0x00000000080001b0       0x4c obj/system_stm32f1xx.o
                0x00000000080001b0                SystemInit
 .text.MW_wait  0x00000000080001fc       0x30 obj/main.o
                0x00000000080001fc                MW_wait
 .text.SystemClock_Config
                0x000000000800022c       0x78 obj/main.o
                0x000000000800022c                SystemClock_Config
 .text.main     0x00000000080002a4       0xbc obj/main.o
                0x00000000080002a4                main
 .text.NMI_Handler
                0x0000000008000360        0x4 obj/stm32f1xx_it.o
                0x0000000008000360                NMI_Handler
 .text.HardFault_Handler
                0x0000000008000364        0x4 obj/stm32f1xx_it.o
                0x0000000008000364                HardFault_Handler
 .text.MemManage_Handler
                0x0000000008000368        0x4 obj/stm32f1xx_it.o
                0x0000000008000368                MemManage_Handler
 .text.BusFault_Handler
                0x000000000800036c        0x4 obj/stm32f1xx_it.o
                0x000000000800036c                BusFault_Handler
 .text.UsageFault_Handler
                0x0000000008000370        0x4 obj/stm32f1xx_it.o
                0x0000000008000370                UsageFault_Handler
 .text.SVC_Handler
                0x0000000008000374        0x4 obj/stm32f1xx_it.o
                0x0000000008000374                SVC_Handler
 .text.DebugMon_Handler
                0x0000000008000378        0x4 obj/stm32f1xx_it.o
                0x0000000008000378                DebugMon_Handler
 .text.PendSV_Handler
                0x000000000800037c        0x4 obj/stm32f1xx_it.o
                0x000000000800037c                PendSV_Handler
 .text.SysTick_Handler
                0x0000000008000380        0xc obj/stm32f1xx_it.o
                0x0000000008000380                SysTick_Handler
 .text.assert_failed
                0x000000000800038c        0x4 obj/assert.o
                0x000000000800038c                assert_failed
 .text.HAL_RCC_OscConfig
                0x0000000008000390      0x718 obj/stm32f1xx_hal_rcc.o
                0x0000000008000390                HAL_RCC_OscConfig
 .text.HAL_RCC_GetSysClockFreq
                0x0000000008000aa8       0x90 obj/stm32f1xx_hal_rcc.o
                0x0000000008000aa8                HAL_RCC_GetSysClockFreq
 .text.HAL_RCC_ClockConfig
                0x0000000008000b38      0x2a4 obj/stm32f1xx_hal_rcc.o
                0x0000000008000b38                HAL_RCC_ClockConfig
 .text.HAL_RCC_GetHCLKFreq
                0x0000000008000ddc        0xc obj/stm32f1xx_hal_rcc.o
                0x0000000008000ddc                HAL_RCC_GetHCLKFreq
 .text.HAL_RCC_GetPCLK1Freq
                0x0000000008000de8       0x2c obj/stm32f1xx_hal_rcc.o
                0x0000000008000de8                HAL_RCC_GetPCLK1Freq
 .text.HAL_RCC_GetPCLK2Freq
                0x0000000008000e14       0x2c obj/stm32f1xx_hal_rcc.o
                0x0000000008000e14                HAL_RCC_GetPCLK2Freq
 .text.USART_SetConfig
                0x0000000008000e40      0x1e8 obj/stm32f1xx_hal_usart.o
 .text.HAL_USART_MspInit
                0x0000000008001028        0x4 obj/stm32f1xx_hal_usart.o
                0x0000000008001028                HAL_USART_MspInit
 .text.HAL_USART_Init
                0x000000000800102c       0x80 obj/stm32f1xx_hal_usart.o
                0x000000000800102c                HAL_USART_Init
 .text.HAL_InitTick
                0x00000000080010ac       0x28 obj/stm32f1xx_hal.o
                0x00000000080010ac                HAL_InitTick
 .text.HAL_Init
                0x00000000080010d4       0x24 obj/stm32f1xx_hal.o
                0x00000000080010d4                HAL_Init
 .text.HAL_IncTick
                0x00000000080010f8       0x10 obj/stm32f1xx_hal.o
                0x00000000080010f8                HAL_IncTick
 .text.HAL_GetTick
                0x0000000008001108        0xc obj/stm32f1xx_hal.o
                0x0000000008001108                HAL_GetTick
 .text.HAL_Delay
                0x0000000008001114       0x1c obj/stm32f1xx_hal.o
                0x0000000008001114                HAL_Delay
 .text.HAL_GPIO_Init
                0x0000000008001130      0x2f8 obj/stm32f1xx_hal_gpio.o
                0x0000000008001130                HAL_GPIO_Init
 .text.HAL_GPIO_WritePin
                0x0000000008001428       0x34 obj/stm32f1xx_hal_gpio.o
                0x0000000008001428                HAL_GPIO_WritePin
 .text.HAL_RCCEx_PeriphCLKConfig
                0x000000000800145c      0x19c obj/stm32f1xx_hal_rcc_ex.o
                0x000000000800145c                HAL_RCCEx_PeriphCLKConfig
 .text.HAL_NVIC_SetPriorityGrouping
                0x00000000080015f8       0x3c obj/stm32f1xx_hal_cortex.o
                0x00000000080015f8                HAL_NVIC_SetPriorityGrouping
 .text.HAL_NVIC_SetPriority
                0x0000000008001634       0x84 obj/stm32f1xx_hal_cortex.o
                0x0000000008001634                HAL_NVIC_SetPriority
 .text.HAL_SYSTICK_Config
                0x00000000080016b8       0x2c obj/stm32f1xx_hal_cortex.o
                0x00000000080016b8                HAL_SYSTICK_Config
 .text.HAL_SYSTICK_CLKSourceConfig
                0x00000000080016e4       0x38 obj/stm32f1xx_hal_cortex.o
                0x00000000080016e4                HAL_SYSTICK_CLKSourceConfig
 .text.HAL_SYSTICK_Callback
                0x000000000800171c        0x4 obj/stm32f1xx_hal_cortex.o
                0x000000000800171c                HAL_SYSTICK_Callback
 .text.HAL_SYSTICK_IRQHandler
                0x0000000008001720        0x8 obj/stm32f1xx_hal_cortex.o
                0x0000000008001720                HAL_SYSTICK_IRQHandler
 .text.HAL_MspInit
                0x0000000008001728        0x4 obj/stm32f1xx_hal_msp_template.o
                0x0000000008001728                HAL_MspInit
 .text.MW_USARTInit
                0x000000000800172c       0x14 obj/MW_USART.o
                0x000000000800172c                MW_USARTInit
 .text.MW_SetGPIOPin
                0x0000000008001740        0xc obj/MW_GPIO.o
                0x0000000008001740                MW_SetGPIOPin
 .text.MW_SetGPIOMode
                0x000000000800174c        0xc obj/MW_GPIO.o
                0x000000000800174c                MW_SetGPIOMode
 .text.MW_SetGPIOPull
                0x0000000008001758        0xc obj/MW_GPIO.o
                0x0000000008001758                MW_SetGPIOPull
 .text.MW_SetGPIOSpeed
                0x0000000008001764        0xc obj/MW_GPIO.o
                0x0000000008001764                MW_SetGPIOSpeed
 .text.MW_GPIOInit
                0x0000000008001770       0x2c obj/MW_GPIO.o
                0x0000000008001770                MW_GPIOInit
 .text.MW_GPIOWrite
                0x000000000800179c       0x2c obj/MW_GPIO.o
                0x000000000800179c                MW_GPIOWrite
 .text.Reset_Handler
                0x00000000080017c8       0x48 obj/startup.o
                0x00000000080017c8                Reset_Handler
 .text.Default_Handler
                0x0000000008001810        0x2 obj/startup.o
                0x0000000008001810                RTC_Alarm_IRQHandler
                0x0000000008001810                EXTI2_IRQHandler
                0x0000000008001810                TIM1_CC_IRQHandler
                0x0000000008001810                PVD_IRQHandler
                0x0000000008001810                EXTI3_IRQHandler
                0x0000000008001810                EXTI0_IRQHandler
                0x0000000008001810                I2C2_EV_IRQHandler
                0x0000000008001810                ADC1_2_IRQHandler
                0x0000000008001810                SPI1_IRQHandler
                0x0000000008001810                TAMPER_IRQHandler
                0x0000000008001810                DMA1_Channel4_IRQHandler
                0x0000000008001810                USART3_IRQHandler
                0x0000000008001810                RTC_IRQHandler
                0x0000000008001810                DMA1_Channel7_IRQHandler
                0x0000000008001810                CAN1_RX1_IRQHandler
                0x0000000008001810                TIM4_IRQHandler
                0x0000000008001810                I2C1_EV_IRQHandler
                0x0000000008001810                DMA1_Channel6_IRQHandler
                0x0000000008001810                TIM3_IRQHandler
                0x0000000008001810                RCC_IRQHandler
                0x0000000008001810                TIM1_TRG_COM_IRQHandler
                0x0000000008001810                DMA1_Channel1_IRQHandler
                0x0000000008001810                Default_Handler
                0x0000000008001810                EXTI15_10_IRQHandler
                0x0000000008001810                EXTI9_5_IRQHandler
                0x0000000008001810                SPI2_IRQHandler
                0x0000000008001810                DMA1_Channel5_IRQHandler
                0x0000000008001810                EXTI4_IRQHandler
                0x0000000008001810                USB_LP_CAN1_RX0_IRQHandler
                0x0000000008001810                USB_HP_CAN1_TX_IRQHandler
                0x0000000008001810                DMA1_Channel3_IRQHandler
                0x0000000008001810                TIM1_UP_IRQHandler
                0x0000000008001810                WWDG_IRQHandler
                0x0000000008001810                TIM2_IRQHandler
                0x0000000008001810                TIM1_BRK_IRQHandler
                0x0000000008001810                EXTI1_IRQHandler
                0x0000000008001810                USART2_IRQHandler
                0x0000000008001810                I2C2_ER_IRQHandler
                0x0000000008001810                DMA1_Channel2_IRQHandler
                0x0000000008001810                CAN1_SCE_IRQHandler
                0x0000000008001810                FLASH_IRQHandler
                0x0000000008001810                USART1_IRQHandler
                0x0000000008001810                I2C1_ER_IRQHandler
                0x0000000008001810                USBWakeUp_IRQHandler
 *fill*         0x0000000008001812        0x2 
 .text.__libc_init_array
                0x0000000008001814       0x4c /usr/lib/gcc/arm-none-eabi/4.9.3/../../../arm-none-eabi/lib/armv7-m/libc_nano.a(lib_a-init.o)
                0x0000000008001814                __libc_init_array
 *(.glue_7)
 .glue_7        0x0000000008001860        0x0 linker stubs
 *(.glue_7t)
 .glue_7t       0x0000000008001860        0x0 linker stubs
 *(.eh_frame)
 .eh_frame      0x0000000008001860        0x0 /usr/lib/gcc/arm-none-eabi/4.9.3/armv7-m/crtbegin.o
 *(.init)
 .init          0x0000000008001860        0x4 /usr/lib/gcc/arm-none-eabi/4.9.3/armv7-m/crti.o
                0x0000000008001860                _init
 .init          0x0000000008001864        0x8 /usr/lib/gcc/arm-none-eabi/4.9.3/armv7-m/crtn.o
 *(.fini)
 .fini          0x000000000800186c        0x4 /usr/lib/gcc/arm-none-eabi/4.9.3/armv7-m/crti.o
                0x000000000800186c                _fini
 .fini          0x0000000008001870        0x8 /usr/lib/gcc/arm-none-eabi/4.9.3/armv7-m/crtn.o
                0x0000000008001878                . = ALIGN (0x4)
                0x0000000008001878                _etext = .

.vfp11_veneer   0x0000000008001878        0x0
 .vfp11_veneer  0x0000000008001878        0x0 linker stubs

.v4_bx          0x0000000008001878        0x0
 .v4_bx         0x0000000008001878        0x0 linker stubs

.iplt           0x0000000008001878        0x0
 .iplt          0x0000000008001878        0x0 /usr/lib/gcc/arm-none-eabi/4.9.3/armv7-m/crtbegin.o

.rodata         0x0000000008001878      0x188
                0x0000000008001878                . = ALIGN (0x4)
 *(.rodata)
 .rodata        0x0000000008001878       0x14 obj/stm32f1xx_hal_rcc.o
 *(.rodata*)
 .rodata.AHBPrescTable
                0x000000000800188c       0x10 obj/system_stm32f1xx.o
                0x000000000800188c                AHBPrescTable
 .rodata.APBPrescTable
                0x000000000800189c        0x8 obj/system_stm32f1xx.o
                0x000000000800189c                APBPrescTable
 .rodata.str1.4
                0x00000000080018a4       0x35 obj/stm32f1xx_hal_rcc.o
                                         0x38 (size before relaxing)
 *fill*         0x00000000080018d9        0x3 
 .rodata.str1.4
                0x00000000080018dc       0x37 obj/stm32f1xx_hal_usart.o
                                         0x38 (size before relaxing)
 *fill*         0x0000000008001913        0x1 
 .rodata.str1.4
                0x0000000008001914       0x36 obj/stm32f1xx_hal_gpio.o
                                         0x38 (size before relaxing)
 *fill*         0x000000000800194a        0x2 
 .rodata.str1.4
                0x000000000800194c       0x38 obj/stm32f1xx_hal_rcc_ex.o
 .rodata.str1.4
                0x0000000008001984       0x38 obj/stm32f1xx_hal_cortex.o
 .rodata.usart_id
                0x00000000080019bc        0xc obj/MW_USART.o
 .rodata.gpioid
                0x00000000080019c8       0x10 obj/MW_GPIO.o
 .rodata.str1.4
                0x00000000080019d8       0x28 obj/MW_GPIO.o
                0x0000000008001a00                . = ALIGN (0x4)

.rel.dyn        0x0000000008001a00        0x0
 .rel.iplt      0x0000000008001a00        0x0 /usr/lib/gcc/arm-none-eabi/4.9.3/armv7-m/crtbegin.o

.ARM.extab
 *(.ARM.extab* .gnu.linkonce.armextab.*)

.ARM            0x0000000008001a00        0x0
                0x0000000008001a00                __exidx_start = .
 *(.ARM.exidx*)
                0x0000000008001a00                __exidx_end = .

.preinit_array  0x0000000008001a00        0x0
                0x0000000008001a00                PROVIDE (__preinit_array_start, .)
 *(.preinit_array*)
                0x0000000008001a00                PROVIDE (__preinit_array_end, .)

.init_array     0x0000000008001a00        0x4
                0x0000000008001a00                PROVIDE (__init_array_start, .)
 *(SORT(.init_array.*))
 *(.init_array*)
 .init_array    0x0000000008001a00        0x4 /usr/lib/gcc/arm-none-eabi/4.9.3/armv7-m/crtbegin.o
                0x0000000008001a04                PROVIDE (__init_array_end, .)

.fini_array     0x0000000008001a04        0x4
                0x0000000008001a04                PROVIDE (__fini_array_start, .)
 *(SORT(.fini_array.*))
 *(.fini_array*)
 .fini_array    0x0000000008001a04        0x4 /usr/lib/gcc/arm-none-eabi/4.9.3/armv7-m/crtbegin.o
                0x0000000008001a08                PROVIDE (__fini_array_end, .)
                0x0000000008001a08                _sidata = LOADADDR (.data)

.data           0x0000000020000000       0xd0 load address 0x0000000008001a08
                0x0000000020000000                . = ALIGN (0x4)
                0x0000000020000000                _sdata = .
 *(.data)
 *(.data*)
 .data.SystemCoreClock
                0x0000000020000000        0x4 obj/system_stm32f1xx.o
                0x0000000020000000                SystemCoreClock
 .data.husart1  0x0000000020000004       0x44 obj/MW_USART.o
 .data.husart2  0x0000000020000048       0x44 obj/MW_USART.o
 .data.husart3  0x000000002000008c       0x44 obj/MW_USART.o
                0x00000000200000d0                . = ALIGN (0x4)
                0x00000000200000d0                _edata = .

.jcr            0x00000000200000d0        0x0 load address 0x0000000008001ad8
 .jcr           0x00000000200000d0        0x0 /usr/lib/gcc/arm-none-eabi/4.9.3/armv7-m/crtbegin.o

.tm_clone_table
                0x00000000200000d0        0x0 load address 0x0000000008001ad8
 .tm_clone_table
                0x00000000200000d0        0x0 /usr/lib/gcc/arm-none-eabi/4.9.3/armv7-m/crtbegin.o
 .tm_clone_table
                0x00000000200000d0        0x0 /usr/lib/gcc/arm-none-eabi/4.9.3/armv7-m/crtend.o

.igot.plt       0x00000000200000d0        0x0 load address 0x0000000008001ad8
 .igot.plt      0x00000000200000d0        0x0 /usr/lib/gcc/arm-none-eabi/4.9.3/armv7-m/crtbegin.o
                0x00000000200000d0                . = ALIGN (0x4)

.bss            0x00000000200000d0       0x30 load address 0x0000000008001ad8
                0x00000000200000d0                _sbss = .
                0x00000000200000d0                __bss_start__ = _sbss
 *(.bss)
 .bss           0x00000000200000d0       0x1c /usr/lib/gcc/arm-none-eabi/4.9.3/armv7-m/crtbegin.o
 *(.bss*)
 .bss.uwTick    0x00000000200000ec        0x4 obj/stm32f1xx_hal.o
 .bss.GPIO_InitStruct
                0x00000000200000f0       0x10 obj/MW_GPIO.o
 *(COMMON)
                0x0000000020000100                . = ALIGN (0x4)
                0x0000000020000100                _ebss = .
                0x0000000020000100                __bss_end__ = _ebss

._user_heap_stack
                0x0000000020000100      0xc60 load address 0x0000000008001ad8
                0x0000000020000100                . = ALIGN (0x8)
                [!provide]                        PROVIDE (end, .)
                [!provide]                        PROVIDE (_end, .)
                0x0000000020000500                . = (. + _Min_Heap_Size)
 *fill*         0x0000000020000100      0x400 
                0x0000000020000d60                . = (. + _Min_Stack_Size)
 *fill*         0x0000000020000500      0x860 
                0x0000000020000d60                . = ALIGN (0x8)

/DISCARD/
 libc.a(*)
 libm.a(*)
 libgcc.a(*)

.ARM.attributes
                0x0000000000000000       0x29
 *(.ARM.attributes)
 .ARM.attributes
                0x0000000000000000       0x1d /usr/lib/gcc/arm-none-eabi/4.9.3/armv7-m/crti.o
 .ARM.attributes
                0x000000000000001d       0x2d /usr/lib/gcc/arm-none-eabi/4.9.3/armv7-m/crtbegin.o
 .ARM.attributes
                0x000000000000004a       0x33 obj/system_stm32f1xx.o
 .ARM.attributes
                0x000000000000007d       0x33 obj/main.o
 .ARM.attributes
                0x00000000000000b0       0x33 obj/stm32f1xx_it.o
 .ARM.attributes
                0x00000000000000e3       0x33 obj/assert.o
 .ARM.attributes
                0x0000000000000116       0x33 obj/stm32f1xx_hal_rcc.o
 .ARM.attributes
                0x0000000000000149       0x33 obj/stm32f1xx_hal_usart.o
 .ARM.attributes
                0x000000000000017c       0x33 obj/stm32f1xx_hal.o
 .ARM.attributes
                0x00000000000001af       0x33 obj/stm32f1xx_hal_gpio.o
 .ARM.attributes
                0x00000000000001e2       0x33 obj/stm32f1xx_hal_rcc_ex.o
 .ARM.attributes
                0x0000000000000215       0x33 obj/stm32f1xx_hal_cortex.o
 .ARM.attributes
                0x0000000000000248       0x33 obj/stm32f1xx_hal_msp_template.o
 .ARM.attributes
                0x000000000000027b       0x33 obj/MW_USART.o
 .ARM.attributes
                0x00000000000002ae       0x33 obj/MW_GPIO.o
 .ARM.attributes
                0x00000000000002e1       0x21 obj/startup.o
 .ARM.attributes
                0x0000000000000302       0x2d /usr/lib/gcc/arm-none-eabi/4.9.3/../../../arm-none-eabi/lib/armv7-m/libc_nano.a(lib_a-init.o)
 .ARM.attributes
                0x000000000000032f       0x2d /usr/lib/gcc/arm-none-eabi/4.9.3/armv7-m/crtend.o
 .ARM.attributes
                0x000000000000035c       0x1d /usr/lib/gcc/arm-none-eabi/4.9.3/armv7-m/crtn.o
OUTPUT(bin/Test.elf elf32-littlearm)

.comment        0x0000000000000000       0x58
 .comment       0x0000000000000000       0x38 /usr/lib/gcc/arm-none-eabi/4.9.3/armv7-m/crtbegin.o
                                         0x39 (size before relaxing)
 .comment       0x0000000000000038       0x39 obj/system_stm32f1xx.o
 .comment       0x0000000000000038       0x39 obj/main.o
 .comment       0x0000000000000038       0x39 obj/stm32f1xx_it.o
 .comment       0x0000000000000038       0x39 obj/assert.o
 .comment       0x0000000000000038       0x39 obj/stm32f1xx_hal_rcc.o
 .comment       0x0000000000000038       0x39 obj/stm32f1xx_hal_usart.o
 .comment       0x0000000000000038       0x39 obj/stm32f1xx_hal.o
 .comment       0x0000000000000038       0x39 obj/stm32f1xx_hal_gpio.o
 .comment       0x0000000000000038       0x39 obj/stm32f1xx_hal_rcc_ex.o
 .comment       0x0000000000000038       0x39 obj/stm32f1xx_hal_cortex.o
 .comment       0x0000000000000038       0x39 obj/stm32f1xx_hal_msp_template.o
 .comment       0x0000000000000038       0x39 obj/MW_USART.o
 .comment       0x0000000000000038       0x39 obj/MW_GPIO.o
 .comment       0x0000000000000038       0x20 /usr/lib/gcc/arm-none-eabi/4.9.3/../../../arm-none-eabi/lib/armv7-m/libc_nano.a(lib_a-init.o)
                                         0x21 (size before relaxing)
 .comment       0x0000000000000058       0x39 /usr/lib/gcc/arm-none-eabi/4.9.3/armv7-m/crtend.o

.debug_info     0x0000000000000000     0x6a0b
 .debug_info    0x0000000000000000      0x3bf obj/system_stm32f1xx.o
 .debug_info    0x00000000000003bf      0x8c5 obj/main.o
 .debug_info    0x0000000000000c84      0x165 obj/stm32f1xx_it.o
 .debug_info    0x0000000000000de9      0x107 obj/assert.o
 .debug_info    0x0000000000000ef0     0x162b obj/stm32f1xx_hal_rcc.o
 .debug_info    0x000000000000251b     0x12e3 obj/stm32f1xx_hal_usart.o
 .debug_info    0x00000000000037fe      0x6b4 obj/stm32f1xx_hal.o
 .debug_info    0x0000000000003eb2      0x818 obj/stm32f1xx_hal_gpio.o
 .debug_info    0x00000000000046ca      0x637 obj/stm32f1xx_hal_rcc_ex.o
 .debug_info    0x0000000000004d01      0xd01 obj/stm32f1xx_hal_cortex.o
 .debug_info    0x0000000000005a02       0xe9 obj/stm32f1xx_hal_msp_template.o
 .debug_info    0x0000000000005aeb      0x918 obj/MW_USART.o
 .debug_info    0x0000000000006403      0x503 obj/MW_GPIO.o
 .debug_info    0x0000000000006906      0x105 /usr/lib/gcc/arm-none-eabi/4.9.3/../../../arm-none-eabi/lib/armv7-m/libc_nano.a(lib_a-init.o)

.debug_abbrev   0x0000000000000000     0x177e
 .debug_abbrev  0x0000000000000000      0x123 obj/system_stm32f1xx.o
 .debug_abbrev  0x0000000000000123      0x1e0 obj/main.o
 .debug_abbrev  0x0000000000000303       0xa0 obj/stm32f1xx_it.o
 .debug_abbrev  0x00000000000003a3       0x84 obj/assert.o
 .debug_abbrev  0x0000000000000427      0x2c9 obj/stm32f1xx_hal_rcc.o
 .debug_abbrev  0x00000000000006f0      0x25a obj/stm32f1xx_hal_usart.o
 .debug_abbrev  0x000000000000094a      0x258 obj/stm32f1xx_hal.o
 .debug_abbrev  0x0000000000000ba2      0x209 obj/stm32f1xx_hal_gpio.o
 .debug_abbrev  0x0000000000000dab      0x25e obj/stm32f1xx_hal_rcc_ex.o
 .debug_abbrev  0x0000000000001009      0x2ac obj/stm32f1xx_hal_cortex.o
 .debug_abbrev  0x00000000000012b5       0x6a obj/stm32f1xx_hal_msp_template.o
 .debug_abbrev  0x000000000000131f      0x1d3 obj/MW_USART.o
 .debug_abbrev  0x00000000000014f2      0x1d2 obj/MW_GPIO.o
 .debug_abbrev  0x00000000000016c4       0xba /usr/lib/gcc/arm-none-eabi/4.9.3/../../../arm-none-eabi/lib/armv7-m/libc_nano.a(lib_a-init.o)

.debug_loc      0x0000000000000000     0x33f4
 .debug_loc     0x0000000000000000       0xe4 obj/system_stm32f1xx.o
 .debug_loc     0x00000000000000e4       0x3d obj/main.o
 .debug_loc     0x0000000000000121      0xde3 obj/stm32f1xx_hal_rcc.o
 .debug_loc     0x0000000000000f04     0x1257 obj/stm32f1xx_hal_usart.o
 .debug_loc     0x000000000000215b       0x7d obj/stm32f1xx_hal.o
 .debug_loc     0x00000000000021d8      0x499 obj/stm32f1xx_hal_gpio.o
 .debug_loc     0x0000000000002671      0x432 obj/stm32f1xx_hal_rcc_ex.o
 .debug_loc     0x0000000000002aa3      0x5a3 obj/stm32f1xx_hal_cortex.o
 .debug_loc     0x0000000000003046      0x247 obj/MW_USART.o
 .debug_loc     0x000000000000328d      0x113 obj/MW_GPIO.o
 .debug_loc     0x00000000000033a0       0x54 /usr/lib/gcc/arm-none-eabi/4.9.3/../../../arm-none-eabi/lib/armv7-m/libc_nano.a(lib_a-init.o)

.debug_aranges  0x0000000000000000      0x598
 .debug_aranges
                0x0000000000000000       0x28 obj/system_stm32f1xx.o
 .debug_aranges
                0x0000000000000028       0x40 obj/main.o
 .debug_aranges
                0x0000000000000068       0x60 obj/stm32f1xx_it.o
 .debug_aranges
                0x00000000000000c8       0x20 obj/assert.o
 .debug_aranges
                0x00000000000000e8       0x88 obj/stm32f1xx_hal_rcc.o
 .debug_aranges
                0x0000000000000170      0x138 obj/stm32f1xx_hal_usart.o
 .debug_aranges
                0x00000000000002a8       0xb0 obj/stm32f1xx_hal.o
 .debug_aranges
                0x0000000000000358       0x58 obj/stm32f1xx_hal_gpio.o
 .debug_aranges
                0x00000000000003b0       0x30 obj/stm32f1xx_hal_rcc_ex.o
 .debug_aranges
                0x00000000000003e0       0x90 obj/stm32f1xx_hal_cortex.o
 .debug_aranges
                0x0000000000000470       0x38 obj/stm32f1xx_hal_msp_template.o
 .debug_aranges
                0x00000000000004a8       0x78 obj/MW_USART.o
 .debug_aranges
                0x0000000000000520       0x58 obj/MW_GPIO.o
 .debug_aranges
                0x0000000000000578       0x20 /usr/lib/gcc/arm-none-eabi/4.9.3/../../../arm-none-eabi/lib/armv7-m/libc_nano.a(lib_a-init.o)

.debug_ranges   0x0000000000000000      0x4b8
 .debug_ranges  0x0000000000000000       0x18 obj/system_stm32f1xx.o
 .debug_ranges  0x0000000000000018       0x30 obj/main.o
 .debug_ranges  0x0000000000000048       0x50 obj/stm32f1xx_it.o
 .debug_ranges  0x0000000000000098       0x10 obj/assert.o
 .debug_ranges  0x00000000000000a8       0x78 obj/stm32f1xx_hal_rcc.o
 .debug_ranges  0x0000000000000120      0x128 obj/stm32f1xx_hal_usart.o
 .debug_ranges  0x0000000000000248       0xa0 obj/stm32f1xx_hal.o
 .debug_ranges  0x00000000000002e8       0x48 obj/stm32f1xx_hal_gpio.o
 .debug_ranges  0x0000000000000330       0x20 obj/stm32f1xx_hal_rcc_ex.o
 .debug_ranges  0x0000000000000350       0x80 obj/stm32f1xx_hal_cortex.o
 .debug_ranges  0x00000000000003d0       0x28 obj/stm32f1xx_hal_msp_template.o
 .debug_ranges  0x00000000000003f8       0x68 obj/MW_USART.o
 .debug_ranges  0x0000000000000460       0x48 obj/MW_GPIO.o
 .debug_ranges  0x00000000000004a8       0x10 /usr/lib/gcc/arm-none-eabi/4.9.3/../../../arm-none-eabi/lib/armv7-m/libc_nano.a(lib_a-init.o)

.debug_macro    0x0000000000000000    0x10bf7
 .debug_macro   0x0000000000000000       0xb9 obj/system_stm32f1xx.o
 .debug_macro   0x00000000000000b9      0x8d4 obj/system_stm32f1xx.o
 .debug_macro   0x000000000000098d       0x2e obj/system_stm32f1xx.o
 .debug_macro   0x00000000000009bb       0x22 obj/system_stm32f1xx.o
 .debug_macro   0x00000000000009dd       0x22 obj/system_stm32f1xx.o
 .debug_macro   0x00000000000009ff       0x44 obj/system_stm32f1xx.o
 .debug_macro   0x0000000000000a43       0x1c obj/system_stm32f1xx.o
 .debug_macro   0x0000000000000a5f      0x1f7 obj/system_stm32f1xx.o
 .debug_macro   0x0000000000000c56       0x34 obj/system_stm32f1xx.o
 .debug_macro   0x0000000000000c8a       0x34 obj/system_stm32f1xx.o
 .debug_macro   0x0000000000000cbe      0xb8e obj/system_stm32f1xx.o
 .debug_macro   0x000000000000184c     0x69eb obj/system_stm32f1xx.o
 .debug_macro   0x0000000000008237       0x43 obj/system_stm32f1xx.o
 .debug_macro   0x000000000000827a      0x2a4 obj/main.o
 .debug_macro   0x000000000000851e      0x1b1 obj/main.o
 .debug_macro   0x00000000000086cf     0x3383 obj/main.o
 .debug_macro   0x000000000000ba52       0x58 obj/main.o
 .debug_macro   0x000000000000baaa       0x35 obj/main.o
 .debug_macro   0x000000000000badf       0x9c obj/main.o
 .debug_macro   0x000000000000bb7b       0x16 obj/main.o
 .debug_macro   0x000000000000bb91       0x97 obj/main.o
 .debug_macro   0x000000000000bc28      0x29d obj/main.o
 .debug_macro   0x000000000000bec5       0xef obj/main.o
 .debug_macro   0x000000000000bfb4       0x10 obj/main.o
 .debug_macro   0x000000000000bfc4       0x52 obj/main.o
 .debug_macro   0x000000000000c016       0x16 obj/main.o
 .debug_macro   0x000000000000c02c       0x43 obj/main.o
 .debug_macro   0x000000000000c06f      0x180 obj/main.o
 .debug_macro   0x000000000000c1ef       0x10 obj/main.o
 .debug_macro   0x000000000000c1ff       0x22 obj/main.o
 .debug_macro   0x000000000000c221       0xbd obj/main.o
 .debug_macro   0x000000000000c2de       0x16 obj/main.o
 .debug_macro   0x000000000000c2f4      0x16d obj/main.o
 .debug_macro   0x000000000000c461       0x57 obj/main.o
 .debug_macro   0x000000000000c4b8      0x778 obj/main.o
 .debug_macro   0x000000000000cc30      0x28b obj/main.o
 .debug_macro   0x000000000000cebb      0x141 obj/main.o
 .debug_macro   0x000000000000cffc      0x197 obj/main.o
 .debug_macro   0x000000000000d193      0x1ae obj/main.o
 .debug_macro   0x000000000000d341       0x2d obj/main.o
 .debug_macro   0x000000000000d36e       0x3c obj/main.o
 .debug_macro   0x000000000000d3aa       0x57 obj/main.o
 .debug_macro   0x000000000000d401      0x46a obj/main.o
 .debug_macro   0x000000000000d86b      0x1b5 obj/main.o
 .debug_macro   0x000000000000da20       0x8c obj/main.o
 .debug_macro   0x000000000000daac      0x242 obj/main.o
 .debug_macro   0x000000000000dcee      0x225 obj/main.o
 .debug_macro   0x000000000000df13       0x99 obj/main.o
 .debug_macro   0x000000000000dfac      0x143 obj/main.o
 .debug_macro   0x000000000000e0ef      0x1f4 obj/main.o
 .debug_macro   0x000000000000e2e3      0x83e obj/main.o
 .debug_macro   0x000000000000eb21       0x11 obj/main.o
 .debug_macro   0x000000000000eb32      0x225 obj/main.o
 .debug_macro   0x000000000000ed57       0x22 obj/main.o
 .debug_macro   0x000000000000ed79       0x10 obj/main.o
 .debug_macro   0x000000000000ed89       0x7c obj/main.o
 .debug_macro   0x000000000000ee05      0x2ae obj/stm32f1xx_it.o
 .debug_macro   0x000000000000f0b3      0x2aa obj/assert.o
 .debug_macro   0x000000000000f35d      0x2c8 obj/stm32f1xx_hal_rcc.o
 .debug_macro   0x000000000000f625      0x2ac obj/stm32f1xx_hal_usart.o
 .debug_macro   0x000000000000f8d1      0x2c8 obj/stm32f1xx_hal.o
 .debug_macro   0x000000000000fb99      0x314 obj/stm32f1xx_hal_gpio.o
 .debug_macro   0x000000000000fead      0x2a4 obj/stm32f1xx_hal_rcc_ex.o
 .debug_macro   0x0000000000010151      0x2a4 obj/stm32f1xx_hal_cortex.o
 .debug_macro   0x00000000000103f5      0x2a4 obj/stm32f1xx_hal_msp_template.o
 .debug_macro   0x0000000000010699      0x2af obj/MW_USART.o
 .debug_macro   0x0000000000010948      0x2af obj/MW_GPIO.o

.debug_line     0x0000000000000000     0x6697
 .debug_line    0x0000000000000000      0x22f obj/system_stm32f1xx.o
 .debug_line    0x000000000000022f      0x702 obj/main.o
 .debug_line    0x0000000000000931      0x6dc obj/stm32f1xx_it.o
 .debug_line    0x000000000000100d      0x631 obj/assert.o
 .debug_line    0x000000000000163e      0xca2 obj/stm32f1xx_hal_rcc.o
 .debug_line    0x00000000000022e0      0xdba obj/stm32f1xx_hal_usart.o
 .debug_line    0x000000000000309a      0x7a7 obj/stm32f1xx_hal.o
 .debug_line    0x0000000000003841      0x8e1 obj/stm32f1xx_hal_gpio.o
 .debug_line    0x0000000000004122      0x7a1 obj/stm32f1xx_hal_rcc_ex.o
 .debug_line    0x00000000000048c3      0x815 obj/stm32f1xx_hal_cortex.o
 .debug_line    0x00000000000050d8      0x690 obj/stm32f1xx_hal_msp_template.o
 .debug_line    0x0000000000005768      0x770 obj/MW_USART.o
 .debug_line    0x0000000000005ed8      0x70d obj/MW_GPIO.o
 .debug_line    0x00000000000065e5       0xb2 /usr/lib/gcc/arm-none-eabi/4.9.3/../../../arm-none-eabi/lib/armv7-m/libc_nano.a(lib_a-init.o)

.debug_str      0x0000000000000000    0x65dcf
 .debug_str     0x0000000000000000    0x2d3f6 obj/system_stm32f1xx.o
                                      0x2d618 (size before relaxing)
 .debug_str     0x000000000002d3f6    0x372b8 obj/main.o
                                      0x64978 (size before relaxing)
 .debug_str     0x00000000000646ae       0xd8 obj/stm32f1xx_it.o
                                      0x643ac (size before relaxing)
 .debug_str     0x0000000000064786       0x33 obj/assert.o
                                      0x64332 (size before relaxing)
 .debug_str     0x00000000000647b9      0x309 obj/stm32f1xx_hal_rcc.o
                                      0x6486f (size before relaxing)
 .debug_str     0x0000000000064ac2      0x68b obj/stm32f1xx_hal_usart.o
                                      0x64ad0 (size before relaxing)
 .debug_str     0x000000000006514d      0x260 obj/stm32f1xx_hal.o
                                      0x64a1d (size before relaxing)
 .debug_str     0x00000000000653ad      0x40a obj/stm32f1xx_hal_gpio.o
                                      0x64816 (size before relaxing)
 .debug_str     0x00000000000657b7       0x9c obj/stm32f1xx_hal_rcc_ex.o
                                      0x64542 (size before relaxing)
 .debug_str     0x0000000000065853      0x243 obj/stm32f1xx_hal_cortex.o
                                      0x64a1f (size before relaxing)
 .debug_str     0x0000000000065a96       0x60 obj/stm32f1xx_hal_msp_template.o
                                      0x6434e (size before relaxing)
 .debug_str     0x0000000000065af6      0x113 obj/MW_USART.o
                                      0x64832 (size before relaxing)
 .debug_str     0x0000000000065c09       0x59 obj/MW_GPIO.o
                                      0x644a2 (size before relaxing)
 .debug_str     0x0000000000065c62      0x16d /usr/lib/gcc/arm-none-eabi/4.9.3/../../../arm-none-eabi/lib/armv7-m/libc_nano.a(lib_a-init.o)
                                        0x206 (size before relaxing)

.debug_frame    0x0000000000000000      0xcc4
 .debug_frame   0x0000000000000000       0x30 obj/system_stm32f1xx.o
 .debug_frame   0x0000000000000030       0x78 obj/main.o
 .debug_frame   0x00000000000000a8       0xa8 obj/stm32f1xx_it.o
 .debug_frame   0x0000000000000150       0x20 obj/assert.o
 .debug_frame   0x0000000000000170      0x16c obj/stm32f1xx_hal_rcc.o
 .debug_frame   0x00000000000002dc      0x348 obj/stm32f1xx_hal_usart.o
 .debug_frame   0x0000000000000624      0x168 obj/stm32f1xx_hal.o
 .debug_frame   0x000000000000078c       0xf8 obj/stm32f1xx_hal_gpio.o
 .debug_frame   0x0000000000000884       0x68 obj/stm32f1xx_hal_rcc_ex.o
 .debug_frame   0x00000000000008ec      0x144 obj/stm32f1xx_hal_cortex.o
 .debug_frame   0x0000000000000a30       0x50 obj/stm32f1xx_hal_msp_template.o
 .debug_frame   0x0000000000000a80      0x15c obj/MW_USART.o
 .debug_frame   0x0000000000000bdc       0xbc obj/MW_GPIO.o
 .debug_frame   0x0000000000000c98       0x2c /usr/lib/gcc/arm-none-eabi/4.9.3/../../../arm-none-eabi/lib/armv7-m/libc_nano.a(lib_a-init.o)

Cross Reference Table

Symbol                                            File
ADC1_2_IRQHandler                                 obj/startup.o
ADC_ConversionStop_Disable                        obj/stm32f1xx_hal_adc.o
                                                  obj/stm32f1xx_hal_adc_ex.o
ADC_DMAConvCplt                                   obj/stm32f1xx_hal_adc.o
                                                  obj/stm32f1xx_hal_adc_ex.o
ADC_DMAError                                      obj/stm32f1xx_hal_adc.o
                                                  obj/stm32f1xx_hal_adc_ex.o
ADC_DMAHalfConvCplt                               obj/stm32f1xx_hal_adc.o
                                                  obj/stm32f1xx_hal_adc_ex.o
ADC_Enable                                        obj/stm32f1xx_hal_adc.o
                                                  obj/stm32f1xx_hal_adc_ex.o
AHBPrescTable                                     obj/system_stm32f1xx.o
                                                  obj/stm32f1xx_hal_rcc.o
APBPrescTable                                     obj/system_stm32f1xx.o
                                                  obj/stm32f1xx_hal_rcc.o
BusFault_Handler                                  obj/stm32f1xx_it.o
CAN1_RX1_IRQHandler                               obj/startup.o
CAN1_SCE_IRQHandler                               obj/startup.o
DMA1_Channel1_IRQHandler                          obj/startup.o
DMA1_Channel2_IRQHandler                          obj/startup.o
DMA1_Channel3_IRQHandler                          obj/startup.o
DMA1_Channel4_IRQHandler                          obj/startup.o
DMA1_Channel5_IRQHandler                          obj/startup.o
DMA1_Channel6_IRQHandler                          obj/startup.o
DMA1_Channel7_IRQHandler                          obj/startup.o
DebugMon_Handler                                  obj/stm32f1xx_it.o
Default_Handler                                   obj/startup.o
EXTI0_IRQHandler                                  obj/startup.o
EXTI15_10_IRQHandler                              obj/startup.o
EXTI1_IRQHandler                                  obj/startup.o
EXTI2_IRQHandler                                  obj/startup.o
EXTI3_IRQHandler                                  obj/startup.o
EXTI4_IRQHandler                                  obj/startup.o
EXTI9_5_IRQHandler                                obj/startup.o
FLASH_IRQHandler                                  obj/startup.o
FLASH_PageErase                                   obj/stm32f1xx_hal_flash_ex.o
                                                  obj/stm32f1xx_hal_flash.o
FLASH_WaitForLastOperation                        obj/stm32f1xx_hal_flash.o
                                                  obj/stm32f1xx_hal_flash_ex.o
HAL_ADCEx_Calibration_Start                       obj/stm32f1xx_hal_adc_ex.o
HAL_ADCEx_InjectedConfigChannel                   obj/stm32f1xx_hal_adc_ex.o
HAL_ADCEx_InjectedConvCpltCallback                obj/stm32f1xx_hal_adc_ex.o
                                                  obj/stm32f1xx_hal_adc.o
HAL_ADCEx_InjectedGetValue                        obj/stm32f1xx_hal_adc_ex.o
HAL_ADCEx_InjectedPollForConversion               obj/stm32f1xx_hal_adc_ex.o
HAL_ADCEx_InjectedStart                           obj/stm32f1xx_hal_adc_ex.o
HAL_ADCEx_InjectedStart_IT                        obj/stm32f1xx_hal_adc_ex.o
HAL_ADCEx_InjectedStop                            obj/stm32f1xx_hal_adc_ex.o
HAL_ADCEx_InjectedStop_IT                         obj/stm32f1xx_hal_adc_ex.o
HAL_ADCEx_MultiModeConfigChannel                  obj/stm32f1xx_hal_adc_ex.o
HAL_ADCEx_MultiModeGetValue                       obj/stm32f1xx_hal_adc_ex.o
HAL_ADCEx_MultiModeStart_DMA                      obj/stm32f1xx_hal_adc_ex.o
HAL_ADCEx_MultiModeStop_DMA                       obj/stm32f1xx_hal_adc_ex.o
HAL_ADC_AnalogWDGConfig                           obj/stm32f1xx_hal_adc.o
HAL_ADC_ConfigChannel                             obj/stm32f1xx_hal_adc.o
HAL_ADC_ConvCpltCallback                          obj/stm32f1xx_hal_adc.o
HAL_ADC_ConvHalfCpltCallback                      obj/stm32f1xx_hal_adc.o
HAL_ADC_DeInit                                    obj/stm32f1xx_hal_adc.o
HAL_ADC_ErrorCallback                             obj/stm32f1xx_hal_adc.o
HAL_ADC_GetError                                  obj/stm32f1xx_hal_adc.o
HAL_ADC_GetState                                  obj/stm32f1xx_hal_adc.o
HAL_ADC_GetValue                                  obj/stm32f1xx_hal_adc.o
HAL_ADC_IRQHandler                                obj/stm32f1xx_hal_adc.o
HAL_ADC_Init                                      obj/stm32f1xx_hal_adc.o
HAL_ADC_LevelOutOfWindowCallback                  obj/stm32f1xx_hal_adc.o
HAL_ADC_MspDeInit                                 obj/stm32f1xx_hal_adc.o
HAL_ADC_MspInit                                   obj/stm32f1xx_hal_adc.o
HAL_ADC_PollForConversion                         obj/stm32f1xx_hal_adc.o
HAL_ADC_PollForEvent                              obj/stm32f1xx_hal_adc.o
HAL_ADC_Start                                     obj/stm32f1xx_hal_adc.o
HAL_ADC_Start_DMA                                 obj/stm32f1xx_hal_adc.o
HAL_ADC_Start_IT                                  obj/stm32f1xx_hal_adc.o
HAL_ADC_Stop                                      obj/stm32f1xx_hal_adc.o
HAL_ADC_Stop_DMA                                  obj/stm32f1xx_hal_adc.o
HAL_ADC_Stop_IT                                   obj/stm32f1xx_hal_adc.o
HAL_DBGMCU_DisableDBGSleepMode                    obj/stm32f1xx_hal.o
HAL_DBGMCU_DisableDBGStandbyMode                  obj/stm32f1xx_hal.o
HAL_DBGMCU_DisableDBGStopMode                     obj/stm32f1xx_hal.o
HAL_DBGMCU_EnableDBGSleepMode                     obj/stm32f1xx_hal.o
HAL_DBGMCU_EnableDBGStandbyMode                   obj/stm32f1xx_hal.o
HAL_DBGMCU_EnableDBGStopMode                      obj/stm32f1xx_hal.o
HAL_DMA_Abort                                     obj/stm32f1xx_hal_dma.o
                                                  obj/stm32f1xx_hal_adc_ex.o
                                                  obj/stm32f1xx_hal_spi.o
                                                  obj/stm32f1xx_hal_adc.o
                                                  obj/stm32f1xx_hal_tim.o
                                                  obj/stm32f1xx_hal_usart.o
HAL_DMA_DeInit                                    obj/stm32f1xx_hal_dma.o
HAL_DMA_GetError                                  obj/stm32f1xx_hal_dma.o
HAL_DMA_GetState                                  obj/stm32f1xx_hal_dma.o
HAL_DMA_IRQHandler                                obj/stm32f1xx_hal_dma.o
HAL_DMA_Init                                      obj/stm32f1xx_hal_dma.o
HAL_DMA_PollForTransfer                           obj/stm32f1xx_hal_dma.o
HAL_DMA_Start                                     obj/stm32f1xx_hal_dma.o
HAL_DMA_Start_IT                                  obj/stm32f1xx_hal_dma.o
                                                  obj/stm32f1xx_hal_adc_ex.o
                                                  obj/stm32f1xx_hal_tim_ex.o
                                                  obj/stm32f1xx_hal_i2c.o
                                                  obj/stm32f1xx_hal_spi.o
                                                  obj/stm32f1xx_hal_adc.o
                                                  obj/stm32f1xx_hal_tim.o
                                                  obj/stm32f1xx_hal_usart.o
HAL_DeInit                                        obj/stm32f1xx_hal.o
HAL_Delay                                         obj/stm32f1xx_hal.o
                                                  obj/stm32f1xx_hal_rcc.o
HAL_FLASHEx_Erase                                 obj/stm32f1xx_hal_flash_ex.o
HAL_FLASHEx_Erase_IT                              obj/stm32f1xx_hal_flash_ex.o
HAL_FLASHEx_OBErase                               obj/stm32f1xx_hal_flash_ex.o
HAL_FLASHEx_OBGetConfig                           obj/stm32f1xx_hal_flash_ex.o
HAL_FLASHEx_OBGetUserData                         obj/stm32f1xx_hal_flash_ex.o
HAL_FLASHEx_OBProgram                             obj/stm32f1xx_hal_flash_ex.o
HAL_FLASH_EndOfOperationCallback                  obj/stm32f1xx_hal_flash.o
HAL_FLASH_GetError                                obj/stm32f1xx_hal_flash.o
HAL_FLASH_IRQHandler                              obj/stm32f1xx_hal_flash.o
HAL_FLASH_Lock                                    obj/stm32f1xx_hal_flash.o
HAL_FLASH_OB_Launch                               obj/stm32f1xx_hal_flash.o
HAL_FLASH_OB_Lock                                 obj/stm32f1xx_hal_flash.o
HAL_FLASH_OB_Unlock                               obj/stm32f1xx_hal_flash.o
HAL_FLASH_OperationErrorCallback                  obj/stm32f1xx_hal_flash.o
HAL_FLASH_Program                                 obj/stm32f1xx_hal_flash.o
HAL_FLASH_Program_IT                              obj/stm32f1xx_hal_flash.o
HAL_FLASH_Unlock                                  obj/stm32f1xx_hal_flash.o
HAL_GPIOEx_ConfigEventout                         obj/stm32f1xx_hal_gpio_ex.o
HAL_GPIOEx_DisableEventout                        obj/stm32f1xx_hal_gpio_ex.o
HAL_GPIOEx_EnableEventout                         obj/stm32f1xx_hal_gpio_ex.o
HAL_GPIO_DeInit                                   obj/stm32f1xx_hal_gpio.o
HAL_GPIO_EXTI_Callback                            obj/stm32f1xx_hal_gpio.o
HAL_GPIO_EXTI_IRQHandler                          obj/stm32f1xx_hal_gpio.o
HAL_GPIO_Init                                     obj/stm32f1xx_hal_gpio.o
                                                  obj/MW_GPIO.o
                                                  obj/stm32f1xx_hal_rcc.o
HAL_GPIO_LockPin                                  obj/stm32f1xx_hal_gpio.o
HAL_GPIO_ReadPin                                  obj/stm32f1xx_hal_gpio.o
                                                  obj/MW_GPIO.o
HAL_GPIO_TogglePin                                obj/stm32f1xx_hal_gpio.o
                                                  obj/MW_GPIO.o
HAL_GPIO_WritePin                                 obj/stm32f1xx_hal_gpio.o
                                                  obj/MW_GPIO.o
HAL_GetDEVID                                      obj/stm32f1xx_hal.o
HAL_GetHalVersion                                 obj/stm32f1xx_hal.o
HAL_GetREVID                                      obj/stm32f1xx_hal.o
HAL_GetTick                                       obj/stm32f1xx_hal.o
                                                  obj/stm32f1xx_hal_iwdg.o
                                                  obj/stm32f1xx_hal_dma.o
                                                  obj/stm32f1xx_hal_adc_ex.o
                                                  obj/stm32f1xx_hal_i2c.o
                                                  obj/stm32f1xx_hal_rcc_ex.o
                                                  obj/stm32f1xx_hal_spi.o
                                                  obj/stm32f1xx_hal_adc.o
                                                  obj/stm32f1xx_hal_usart.o
                                                  obj/stm32f1xx_hal_flash.o
                                                  obj/stm32f1xx_hal_rcc.o
HAL_I2C_DeInit                                    obj/stm32f1xx_hal_i2c.o
HAL_I2C_ER_IRQHandler                             obj/stm32f1xx_hal_i2c.o
HAL_I2C_EV_IRQHandler                             obj/stm32f1xx_hal_i2c.o
HAL_I2C_ErrorCallback                             obj/stm32f1xx_hal_i2c.o
HAL_I2C_GetError                                  obj/stm32f1xx_hal_i2c.o
HAL_I2C_GetState                                  obj/stm32f1xx_hal_i2c.o
HAL_I2C_Init                                      obj/stm32f1xx_hal_i2c.o
HAL_I2C_IsDeviceReady                             obj/stm32f1xx_hal_i2c.o
HAL_I2C_MasterRxCpltCallback                      obj/stm32f1xx_hal_i2c.o
HAL_I2C_MasterTxCpltCallback                      obj/stm32f1xx_hal_i2c.o
HAL_I2C_Master_Receive                            obj/stm32f1xx_hal_i2c.o
HAL_I2C_Master_Receive_DMA                        obj/stm32f1xx_hal_i2c.o
HAL_I2C_Master_Receive_IT                         obj/stm32f1xx_hal_i2c.o
HAL_I2C_Master_Transmit                           obj/stm32f1xx_hal_i2c.o
HAL_I2C_Master_Transmit_DMA                       obj/stm32f1xx_hal_i2c.o
HAL_I2C_Master_Transmit_IT                        obj/stm32f1xx_hal_i2c.o
HAL_I2C_MemRxCpltCallback                         obj/stm32f1xx_hal_i2c.o
HAL_I2C_MemTxCpltCallback                         obj/stm32f1xx_hal_i2c.o
HAL_I2C_Mem_Read                                  obj/stm32f1xx_hal_i2c.o
HAL_I2C_Mem_Read_DMA                              obj/stm32f1xx_hal_i2c.o
HAL_I2C_Mem_Read_IT                               obj/stm32f1xx_hal_i2c.o
HAL_I2C_Mem_Write                                 obj/stm32f1xx_hal_i2c.o
HAL_I2C_Mem_Write_DMA                             obj/stm32f1xx_hal_i2c.o
HAL_I2C_Mem_Write_IT                              obj/stm32f1xx_hal_i2c.o
HAL_I2C_MspDeInit                                 obj/stm32f1xx_hal_i2c.o
HAL_I2C_MspInit                                   obj/stm32f1xx_hal_i2c.o
HAL_I2C_SlaveRxCpltCallback                       obj/stm32f1xx_hal_i2c.o
HAL_I2C_SlaveTxCpltCallback                       obj/stm32f1xx_hal_i2c.o
HAL_I2C_Slave_Receive                             obj/stm32f1xx_hal_i2c.o
HAL_I2C_Slave_Receive_DMA                         obj/stm32f1xx_hal_i2c.o
HAL_I2C_Slave_Receive_IT                          obj/stm32f1xx_hal_i2c.o
HAL_I2C_Slave_Transmit                            obj/stm32f1xx_hal_i2c.o
HAL_I2C_Slave_Transmit_DMA                        obj/stm32f1xx_hal_i2c.o
HAL_I2C_Slave_Transmit_IT                         obj/stm32f1xx_hal_i2c.o
HAL_IWDG_GetState                                 obj/stm32f1xx_hal_iwdg.o
HAL_IWDG_Init                                     obj/stm32f1xx_hal_iwdg.o
HAL_IWDG_MspInit                                  obj/stm32f1xx_hal_iwdg.o
HAL_IWDG_Refresh                                  obj/stm32f1xx_hal_iwdg.o
HAL_IWDG_Start                                    obj/stm32f1xx_hal_iwdg.o
HAL_IncTick                                       obj/stm32f1xx_hal.o
                                                  obj/stm32f1xx_it.o
HAL_Init                                          obj/stm32f1xx_hal.o
                                                  obj/main.o
HAL_InitTick                                      obj/stm32f1xx_hal.o
                                                  obj/stm32f1xx_hal_rcc.o
HAL_MspDeInit                                     obj/stm32f1xx_hal_msp_template.o
                                                  obj/stm32f1xx_hal.o
HAL_MspInit                                       obj/stm32f1xx_hal_msp_template.o
                                                  obj/stm32f1xx_hal.o
HAL_NVIC_ClearPendingIRQ                          obj/stm32f1xx_hal_cortex.o
HAL_NVIC_DisableIRQ                               obj/stm32f1xx_hal_cortex.o
HAL_NVIC_EnableIRQ                                obj/stm32f1xx_hal_cortex.o
HAL_NVIC_GetActive                                obj/stm32f1xx_hal_cortex.o
HAL_NVIC_GetPendingIRQ                            obj/stm32f1xx_hal_cortex.o
HAL_NVIC_GetPriority                              obj/stm32f1xx_hal_cortex.o
HAL_NVIC_GetPriorityGrouping                      obj/stm32f1xx_hal_cortex.o
HAL_NVIC_SetPendingIRQ                            obj/stm32f1xx_hal_cortex.o
HAL_NVIC_SetPriority                              obj/stm32f1xx_hal_cortex.o
                                                  obj/stm32f1xx_hal.o
                                                  obj/main.o
HAL_NVIC_SetPriorityGrouping                      obj/stm32f1xx_hal_cortex.o
                                                  obj/stm32f1xx_hal.o
HAL_NVIC_SystemReset                              obj/stm32f1xx_hal_cortex.o
                                                  obj/stm32f1xx_hal_flash.o
HAL_PPP_MspDeInit                                 obj/stm32f1xx_hal_msp_template.o
HAL_PPP_MspInit                                   obj/stm32f1xx_hal_msp_template.o
HAL_PWR_ConfigPVD                                 obj/stm32f1xx_hal_pwr.o
HAL_PWR_DeInit                                    obj/stm32f1xx_hal_pwr.o
HAL_PWR_DisableBkUpAccess                         obj/stm32f1xx_hal_pwr.o
HAL_PWR_DisablePVD                                obj/stm32f1xx_hal_pwr.o
HAL_PWR_DisableSEVOnPend                          obj/stm32f1xx_hal_pwr.o
HAL_PWR_DisableSleepOnExit                        obj/stm32f1xx_hal_pwr.o
HAL_PWR_DisableWakeUpPin                          obj/stm32f1xx_hal_pwr.o
HAL_PWR_EnableBkUpAccess                          obj/stm32f1xx_hal_pwr.o
HAL_PWR_EnablePVD                                 obj/stm32f1xx_hal_pwr.o
HAL_PWR_EnableSEVOnPend                           obj/stm32f1xx_hal_pwr.o
HAL_PWR_EnableSleepOnExit                         obj/stm32f1xx_hal_pwr.o
HAL_PWR_EnableWakeUpPin                           obj/stm32f1xx_hal_pwr.o
HAL_PWR_EnterSLEEPMode                            obj/stm32f1xx_hal_pwr.o
HAL_PWR_EnterSTANDBYMode                          obj/stm32f1xx_hal_pwr.o
HAL_PWR_EnterSTOPMode                             obj/stm32f1xx_hal_pwr.o
HAL_PWR_PVDCallback                               obj/stm32f1xx_hal_pwr.o
HAL_PWR_PVD_IRQHandler                            obj/stm32f1xx_hal_pwr.o
HAL_RCCEx_GetPeriphCLKConfig                      obj/stm32f1xx_hal_rcc_ex.o
HAL_RCCEx_GetPeriphCLKFreq                        obj/stm32f1xx_hal_rcc_ex.o
                                                  obj/stm32f1xx_hal_adc_ex.o
                                                  obj/stm32f1xx_hal_adc.o
HAL_RCCEx_PeriphCLKConfig                         obj/stm32f1xx_hal_rcc_ex.o
                                                  obj/main.o
HAL_RCC_CSSCallback                               obj/stm32f1xx_hal_rcc.o
HAL_RCC_ClockConfig                               obj/stm32f1xx_hal_rcc.o
                                                  obj/main.o
HAL_RCC_DeInit                                    obj/stm32f1xx_hal_rcc.o
HAL_RCC_DisableCSS                                obj/stm32f1xx_hal_rcc.o
HAL_RCC_EnableCSS                                 obj/stm32f1xx_hal_rcc.o
HAL_RCC_GetClockConfig                            obj/stm32f1xx_hal_rcc.o
HAL_RCC_GetHCLKFreq                               obj/stm32f1xx_hal_rcc.o
                                                  obj/stm32f1xx_hal.o
                                                  obj/main.o
HAL_RCC_GetOscConfig                              obj/stm32f1xx_hal_rcc.o
HAL_RCC_GetPCLK1Freq                              obj/stm32f1xx_hal_rcc.o
                                                  obj/stm32f1xx_hal_i2c.o
                                                  obj/stm32f1xx_hal_usart.o
HAL_RCC_GetPCLK2Freq                              obj/stm32f1xx_hal_rcc.o
                                                  obj/stm32f1xx_hal_rcc_ex.o
                                                  obj/stm32f1xx_hal_usart.o
HAL_RCC_GetSysClockFreq                           obj/stm32f1xx_hal_rcc.o
HAL_RCC_MCOConfig                                 obj/stm32f1xx_hal_rcc.o
HAL_RCC_NMI_IRQHandler                            obj/stm32f1xx_hal_rcc.o
HAL_RCC_OscConfig                                 obj/stm32f1xx_hal_rcc.o
                                                  obj/main.o
HAL_ResumeTick                                    obj/stm32f1xx_hal.o
HAL_SPI_DMAPause                                  obj/stm32f1xx_hal_spi.o
HAL_SPI_DMAResume                                 obj/stm32f1xx_hal_spi.o
HAL_SPI_DMAStop                                   obj/stm32f1xx_hal_spi.o
HAL_SPI_DeInit                                    obj/stm32f1xx_hal_spi.o
HAL_SPI_ErrorCallback                             obj/stm32f1xx_hal_spi.o
HAL_SPI_GetError                                  obj/stm32f1xx_hal_spi.o
HAL_SPI_GetState                                  obj/stm32f1xx_hal_spi.o
HAL_SPI_IRQHandler                                obj/stm32f1xx_hal_spi.o
HAL_SPI_Init                                      obj/stm32f1xx_hal_spi_ex.o
                                                  obj/stm32f1xx_hal_spi.o
HAL_SPI_MspDeInit                                 obj/stm32f1xx_hal_spi.o
HAL_SPI_MspInit                                   obj/stm32f1xx_hal_spi.o
                                                  obj/stm32f1xx_hal_spi_ex.o
HAL_SPI_Receive                                   obj/stm32f1xx_hal_spi.o
HAL_SPI_Receive_DMA                               obj/stm32f1xx_hal_spi.o
HAL_SPI_Receive_IT                                obj/stm32f1xx_hal_spi.o
HAL_SPI_RxCpltCallback                            obj/stm32f1xx_hal_spi.o
HAL_SPI_RxHalfCpltCallback                        obj/stm32f1xx_hal_spi.o
HAL_SPI_Transmit                                  obj/stm32f1xx_hal_spi.o
HAL_SPI_TransmitReceive                           obj/stm32f1xx_hal_spi.o
HAL_SPI_TransmitReceive_DMA                       obj/stm32f1xx_hal_spi.o
HAL_SPI_TransmitReceive_IT                        obj/stm32f1xx_hal_spi.o
HAL_SPI_Transmit_DMA                              obj/stm32f1xx_hal_spi.o
HAL_SPI_Transmit_IT                               obj/stm32f1xx_hal_spi.o
HAL_SPI_TxCpltCallback                            obj/stm32f1xx_hal_spi.o
HAL_SPI_TxHalfCpltCallback                        obj/stm32f1xx_hal_spi.o
HAL_SPI_TxRxCpltCallback                          obj/stm32f1xx_hal_spi.o
HAL_SPI_TxRxHalfCpltCallback                      obj/stm32f1xx_hal_spi.o
HAL_SYSTICK_CLKSourceConfig                       obj/stm32f1xx_hal_cortex.o
                                                  obj/main.o
HAL_SYSTICK_Callback                              obj/stm32f1xx_hal_cortex.o
HAL_SYSTICK_Config                                obj/stm32f1xx_hal_cortex.o
                                                  obj/stm32f1xx_hal.o
                                                  obj/main.o
HAL_SYSTICK_IRQHandler                            obj/stm32f1xx_hal_cortex.o
                                                  obj/stm32f1xx_it.o
HAL_SuspendTick                                   obj/stm32f1xx_hal.o
HAL_TIMEx_BreakCallback                           obj/stm32f1xx_hal_tim_ex.o
                                                  obj/stm32f1xx_hal_tim.o
HAL_TIMEx_CommutationCallback                     obj/stm32f1xx_hal_tim_ex.o
                                                  obj/stm32f1xx_hal_tim.o
HAL_TIMEx_ConfigBreakDeadTime                     obj/stm32f1xx_hal_tim_ex.o
HAL_TIMEx_ConfigCommutationEvent                  obj/stm32f1xx_hal_tim_ex.o
HAL_TIMEx_ConfigCommutationEvent_DMA              obj/stm32f1xx_hal_tim_ex.o
HAL_TIMEx_ConfigCommutationEvent_IT               obj/stm32f1xx_hal_tim_ex.o
HAL_TIMEx_HallSensor_DeInit                       obj/stm32f1xx_hal_tim_ex.o
HAL_TIMEx_HallSensor_GetState                     obj/stm32f1xx_hal_tim_ex.o
HAL_TIMEx_HallSensor_Init                         obj/stm32f1xx_hal_tim_ex.o
HAL_TIMEx_HallSensor_MspDeInit                    obj/stm32f1xx_hal_tim_ex.o
HAL_TIMEx_HallSensor_MspInit                      obj/stm32f1xx_hal_tim_ex.o
HAL_TIMEx_HallSensor_Start                        obj/stm32f1xx_hal_tim_ex.o
HAL_TIMEx_HallSensor_Start_DMA                    obj/stm32f1xx_hal_tim_ex.o
HAL_TIMEx_HallSensor_Start_IT                     obj/stm32f1xx_hal_tim_ex.o
HAL_TIMEx_HallSensor_Stop                         obj/stm32f1xx_hal_tim_ex.o
HAL_TIMEx_HallSensor_Stop_DMA                     obj/stm32f1xx_hal_tim_ex.o
HAL_TIMEx_HallSensor_Stop_IT                      obj/stm32f1xx_hal_tim_ex.o
HAL_TIMEx_MasterConfigSynchronization             obj/stm32f1xx_hal_tim_ex.o
HAL_TIMEx_OCN_Start                               obj/stm32f1xx_hal_tim_ex.o
HAL_TIMEx_OCN_Start_DMA                           obj/stm32f1xx_hal_tim_ex.o
HAL_TIMEx_OCN_Start_IT                            obj/stm32f1xx_hal_tim_ex.o
HAL_TIMEx_OCN_Stop                                obj/stm32f1xx_hal_tim_ex.o
HAL_TIMEx_OCN_Stop_DMA                            obj/stm32f1xx_hal_tim_ex.o
HAL_TIMEx_OCN_Stop_IT                             obj/stm32f1xx_hal_tim_ex.o
HAL_TIMEx_OnePulseN_Start                         obj/stm32f1xx_hal_tim_ex.o
HAL_TIMEx_OnePulseN_Start_IT                      obj/stm32f1xx_hal_tim_ex.o
HAL_TIMEx_OnePulseN_Stop                          obj/stm32f1xx_hal_tim_ex.o
HAL_TIMEx_OnePulseN_Stop_IT                       obj/stm32f1xx_hal_tim_ex.o
HAL_TIMEx_PWMN_Start                              obj/stm32f1xx_hal_tim_ex.o
HAL_TIMEx_PWMN_Start_DMA                          obj/stm32f1xx_hal_tim_ex.o
HAL_TIMEx_PWMN_Start_IT                           obj/stm32f1xx_hal_tim_ex.o
HAL_TIMEx_PWMN_Stop                               obj/stm32f1xx_hal_tim_ex.o
HAL_TIMEx_PWMN_Stop_DMA                           obj/stm32f1xx_hal_tim_ex.o
HAL_TIMEx_PWMN_Stop_IT                            obj/stm32f1xx_hal_tim_ex.o
HAL_TIM_Base_DeInit                               obj/stm32f1xx_hal_tim.o
HAL_TIM_Base_GetState                             obj/stm32f1xx_hal_tim.o
HAL_TIM_Base_Init                                 obj/stm32f1xx_hal_tim.o
HAL_TIM_Base_MspDeInit                            obj/stm32f1xx_hal_tim.o
HAL_TIM_Base_MspInit                              obj/stm32f1xx_hal_tim.o
HAL_TIM_Base_Start                                obj/stm32f1xx_hal_tim.o
HAL_TIM_Base_Start_DMA                            obj/stm32f1xx_hal_tim.o
HAL_TIM_Base_Start_IT                             obj/stm32f1xx_hal_tim.o
HAL_TIM_Base_Stop                                 obj/stm32f1xx_hal_tim.o
HAL_TIM_Base_Stop_DMA                             obj/stm32f1xx_hal_tim.o
HAL_TIM_Base_Stop_IT                              obj/stm32f1xx_hal_tim.o
HAL_TIM_ConfigClockSource                         obj/stm32f1xx_hal_tim.o
HAL_TIM_ConfigOCrefClear                          obj/stm32f1xx_hal_tim.o
HAL_TIM_ConfigTI1Input                            obj/stm32f1xx_hal_tim.o
HAL_TIM_DMABurst_ReadStart                        obj/stm32f1xx_hal_tim.o
HAL_TIM_DMABurst_ReadStop                         obj/stm32f1xx_hal_tim.o
HAL_TIM_DMABurst_WriteStart                       obj/stm32f1xx_hal_tim.o
HAL_TIM_DMABurst_WriteStop                        obj/stm32f1xx_hal_tim.o
HAL_TIM_Encoder_DeInit                            obj/stm32f1xx_hal_tim.o
HAL_TIM_Encoder_GetState                          obj/stm32f1xx_hal_tim.o
HAL_TIM_Encoder_Init                              obj/stm32f1xx_hal_tim.o
HAL_TIM_Encoder_MspDeInit                         obj/stm32f1xx_hal_tim.o
HAL_TIM_Encoder_MspInit                           obj/stm32f1xx_hal_tim.o
HAL_TIM_Encoder_Start                             obj/stm32f1xx_hal_tim.o
HAL_TIM_Encoder_Start_DMA                         obj/stm32f1xx_hal_tim.o
HAL_TIM_Encoder_Start_IT                          obj/stm32f1xx_hal_tim.o
HAL_TIM_Encoder_Stop                              obj/stm32f1xx_hal_tim.o
HAL_TIM_Encoder_Stop_DMA                          obj/stm32f1xx_hal_tim.o
HAL_TIM_Encoder_Stop_IT                           obj/stm32f1xx_hal_tim.o
HAL_TIM_ErrorCallback                             obj/stm32f1xx_hal_tim.o
HAL_TIM_GenerateEvent                             obj/stm32f1xx_hal_tim.o
HAL_TIM_IC_CaptureCallback                        obj/stm32f1xx_hal_tim.o
HAL_TIM_IC_ConfigChannel                          obj/stm32f1xx_hal_tim.o
HAL_TIM_IC_DeInit                                 obj/stm32f1xx_hal_tim.o
HAL_TIM_IC_GetState                               obj/stm32f1xx_hal_tim.o
HAL_TIM_IC_Init                                   obj/stm32f1xx_hal_tim.o
HAL_TIM_IC_MspDeInit                              obj/stm32f1xx_hal_tim.o
HAL_TIM_IC_MspInit                                obj/stm32f1xx_hal_tim.o
HAL_TIM_IC_Start                                  obj/stm32f1xx_hal_tim.o
HAL_TIM_IC_Start_DMA                              obj/stm32f1xx_hal_tim.o
HAL_TIM_IC_Start_IT                               obj/stm32f1xx_hal_tim.o
HAL_TIM_IC_Stop                                   obj/stm32f1xx_hal_tim.o
HAL_TIM_IC_Stop_DMA                               obj/stm32f1xx_hal_tim.o
HAL_TIM_IC_Stop_IT                                obj/stm32f1xx_hal_tim.o
HAL_TIM_IRQHandler                                obj/stm32f1xx_hal_tim.o
HAL_TIM_OC_ConfigChannel                          obj/stm32f1xx_hal_tim.o
HAL_TIM_OC_DeInit                                 obj/stm32f1xx_hal_tim.o
HAL_TIM_OC_DelayElapsedCallback                   obj/stm32f1xx_hal_tim.o
HAL_TIM_OC_GetState                               obj/stm32f1xx_hal_tim.o
HAL_TIM_OC_Init                                   obj/stm32f1xx_hal_tim.o
HAL_TIM_OC_MspDeInit                              obj/stm32f1xx_hal_tim.o
HAL_TIM_OC_MspInit                                obj/stm32f1xx_hal_tim.o
HAL_TIM_OC_Start                                  obj/stm32f1xx_hal_tim.o
HAL_TIM_OC_Start_DMA                              obj/stm32f1xx_hal_tim.o
HAL_TIM_OC_Start_IT                               obj/stm32f1xx_hal_tim.o
HAL_TIM_OC_Stop                                   obj/stm32f1xx_hal_tim.o
HAL_TIM_OC_Stop_DMA                               obj/stm32f1xx_hal_tim.o
HAL_TIM_OC_Stop_IT                                obj/stm32f1xx_hal_tim.o
HAL_TIM_OnePulse_ConfigChannel                    obj/stm32f1xx_hal_tim.o
HAL_TIM_OnePulse_DeInit                           obj/stm32f1xx_hal_tim.o
HAL_TIM_OnePulse_GetState                         obj/stm32f1xx_hal_tim.o
HAL_TIM_OnePulse_Init                             obj/stm32f1xx_hal_tim.o
HAL_TIM_OnePulse_MspDeInit                        obj/stm32f1xx_hal_tim.o
HAL_TIM_OnePulse_MspInit                          obj/stm32f1xx_hal_tim.o
HAL_TIM_OnePulse_Start                            obj/stm32f1xx_hal_tim.o
HAL_TIM_OnePulse_Start_IT                         obj/stm32f1xx_hal_tim.o
HAL_TIM_OnePulse_Stop                             obj/stm32f1xx_hal_tim.o
HAL_TIM_OnePulse_Stop_IT                          obj/stm32f1xx_hal_tim.o
HAL_TIM_PWM_ConfigChannel                         obj/stm32f1xx_hal_tim.o
HAL_TIM_PWM_DeInit                                obj/stm32f1xx_hal_tim.o
HAL_TIM_PWM_GetState                              obj/stm32f1xx_hal_tim.o
HAL_TIM_PWM_Init                                  obj/stm32f1xx_hal_tim.o
HAL_TIM_PWM_MspDeInit                             obj/stm32f1xx_hal_tim.o
HAL_TIM_PWM_MspInit                               obj/stm32f1xx_hal_tim.o
HAL_TIM_PWM_PulseFinishedCallback                 obj/stm32f1xx_hal_tim.o
HAL_TIM_PWM_Start                                 obj/stm32f1xx_hal_tim.o
HAL_TIM_PWM_Start_DMA                             obj/stm32f1xx_hal_tim.o
HAL_TIM_PWM_Start_IT                              obj/stm32f1xx_hal_tim.o
HAL_TIM_PWM_Stop                                  obj/stm32f1xx_hal_tim.o
HAL_TIM_PWM_Stop_DMA                              obj/stm32f1xx_hal_tim.o
HAL_TIM_PWM_Stop_IT                               obj/stm32f1xx_hal_tim.o
HAL_TIM_PeriodElapsedCallback                     obj/stm32f1xx_hal_tim.o
HAL_TIM_ReadCapturedValue                         obj/stm32f1xx_hal_tim.o
HAL_TIM_SlaveConfigSynchronization                obj/stm32f1xx_hal_tim.o
HAL_TIM_SlaveConfigSynchronization_IT             obj/stm32f1xx_hal_tim.o
HAL_TIM_TriggerCallback                           obj/stm32f1xx_hal_tim.o
HAL_USART_DMAPause                                obj/stm32f1xx_hal_usart.o
HAL_USART_DMAResume                               obj/stm32f1xx_hal_usart.o
HAL_USART_DMAStop                                 obj/stm32f1xx_hal_usart.o
HAL_USART_DeInit                                  obj/stm32f1xx_hal_usart.o
HAL_USART_ErrorCallback                           obj/stm32f1xx_hal_usart.o
HAL_USART_GetError                                obj/stm32f1xx_hal_usart.o
HAL_USART_GetState                                obj/stm32f1xx_hal_usart.o
HAL_USART_IRQHandler                              obj/stm32f1xx_hal_usart.o
HAL_USART_Init                                    obj/stm32f1xx_hal_usart.o
                                                  obj/MW_USART.o
HAL_USART_MspDeInit                               obj/stm32f1xx_hal_usart.o
HAL_USART_MspInit                                 obj/stm32f1xx_hal_usart.o
HAL_USART_Receive                                 obj/stm32f1xx_hal_usart.o
                                                  obj/MW_USART.o
HAL_USART_Receive_DMA                             obj/stm32f1xx_hal_usart.o
HAL_USART_Receive_IT                              obj/stm32f1xx_hal_usart.o
HAL_USART_RxCpltCallback                          obj/stm32f1xx_hal_usart.o
HAL_USART_RxHalfCpltCallback                      obj/stm32f1xx_hal_usart.o
HAL_USART_Transmit                                obj/stm32f1xx_hal_usart.o
                                                  obj/MW_USART.o
HAL_USART_TransmitReceive                         obj/stm32f1xx_hal_usart.o
HAL_USART_TransmitReceive_DMA                     obj/stm32f1xx_hal_usart.o
HAL_USART_TransmitReceive_IT                      obj/stm32f1xx_hal_usart.o
HAL_USART_Transmit_DMA                            obj/stm32f1xx_hal_usart.o
HAL_USART_Transmit_IT                             obj/stm32f1xx_hal_usart.o
HAL_USART_TxCpltCallback                          obj/stm32f1xx_hal_usart.o
HAL_USART_TxHalfCpltCallback                      obj/stm32f1xx_hal_usart.o
HAL_USART_TxRxCpltCallback                        obj/stm32f1xx_hal_usart.o
HardFault_Handler                                 obj/stm32f1xx_it.o
I2C1_ER_IRQHandler                                obj/startup.o
I2C1_EV_IRQHandler                                obj/startup.o
I2C2_ER_IRQHandler                                obj/startup.o
I2C2_EV_IRQHandler                                obj/startup.o
MW_GPIOInit                                       obj/MW_GPIO.o
                                                  obj/main.o
MW_GPIORead                                       obj/MW_GPIO.o
MW_GPIOToggle                                     obj/MW_GPIO.o
MW_GPIOWrite                                      obj/MW_GPIO.o
                                                  obj/main.o
MW_SetGPIOMode                                    obj/MW_GPIO.o
                                                  obj/main.o
MW_SetGPIOPin                                     obj/MW_GPIO.o
                                                  obj/main.o
MW_SetGPIOPull                                    obj/MW_GPIO.o
                                                  obj/main.o
MW_SetGPIOSpeed                                   obj/MW_GPIO.o
                                                  obj/main.o
MW_SetUSARTBaudRate                               obj/MW_USART.o
MW_SetUSARTMode                                   obj/MW_USART.o
MW_SetUSARTParity                                 obj/MW_USART.o
MW_SetUSARTStopBits                               obj/MW_USART.o
MW_SetUSARTWordLength                             obj/MW_USART.o
MW_TIM1Hadler                                     obj/main.o
MW_TIM2Hadler                                     obj/main.o
MW_USART1Receive                                  obj/MW_USART.o
MW_USART1Transmit                                 obj/MW_USART.o
MW_USART2Receive                                  obj/MW_USART.o
MW_USART2Transmit                                 obj/MW_USART.o
MW_USART3Receive                                  obj/MW_USART.o
MW_USART3Transmit                                 obj/MW_USART.o
MW_USARTInit                                      obj/MW_USART.o
                                                  obj/main.o
MW_printf                                         obj/message.o
MW_wait                                           obj/main.o
MemManage_Handler                                 obj/stm32f1xx_it.o
NMI_Handler                                       obj/stm32f1xx_it.o
PVD_IRQHandler                                    obj/startup.o
PendSV_Handler                                    obj/stm32f1xx_it.o
RCC_IRQHandler                                    obj/startup.o
RTC_Alarm_IRQHandler                              obj/startup.o
RTC_IRQHandler                                    obj/startup.o
Reset_Handler                                     obj/startup.o
SPI1_IRQHandler                                   obj/startup.o
SPI2_IRQHandler                                   obj/startup.o
SPI_ISCRCErrorValid                               obj/stm32f1xx_hal_spi_ex.o
                                                  obj/stm32f1xx_hal_spi.o
SVC_Handler                                       obj/stm32f1xx_it.o
SysTick_Handler                                   obj/stm32f1xx_it.o
SystemClock_Config                                obj/main.o
SystemCoreClock                                   obj/system_stm32f1xx.o
                                                  obj/stm32f1xx_hal_adc_ex.o
                                                  obj/stm32f1xx_hal_adc.o
                                                  obj/stm32f1xx_hal_rcc.o
SystemCoreClockUpdate                             obj/system_stm32f1xx.o
SystemInit                                        obj/system_stm32f1xx.o
                                                  obj/startup.o
TAMPER_IRQHandler                                 obj/startup.o
TIM1_BRK_IRQHandler                               obj/startup.o
TIM1_CC_IRQHandler                                obj/startup.o
TIM1_TRG_COM_IRQHandler                           obj/startup.o
TIM1_UP_IRQHandler                                obj/startup.o
TIM2_IRQHandler                                   obj/startup.o
TIM3_IRQHandler                                   obj/startup.o
TIM4_IRQHandler                                   obj/startup.o
TIMEx_DMACommutationCplt                          obj/stm32f1xx_hal_tim_ex.o
                                                  obj/stm32f1xx_hal_tim.o
TIM_Base_SetConfig                                obj/stm32f1xx_hal_tim.o
                                                  obj/stm32f1xx_hal_tim_ex.o
TIM_CCxChannelCmd                                 obj/stm32f1xx_hal_tim.o
                                                  obj/stm32f1xx_hal_tim_ex.o
TIM_DMACaptureCplt                                obj/stm32f1xx_hal_tim.o
                                                  obj/stm32f1xx_hal_tim_ex.o
TIM_DMADelayPulseCplt                             obj/stm32f1xx_hal_tim.o
                                                  obj/stm32f1xx_hal_tim_ex.o
TIM_DMAError                                      obj/stm32f1xx_hal_tim.o
                                                  obj/stm32f1xx_hal_tim_ex.o
TIM_OC2_SetConfig                                 obj/stm32f1xx_hal_tim.o
                                                  obj/stm32f1xx_hal_tim_ex.o
TIM_TI1_SetConfig                                 obj/stm32f1xx_hal_tim.o
                                                  obj/stm32f1xx_hal_tim_ex.o
USART1_IRQHandler                                 obj/startup.o
USART2_IRQHandler                                 obj/startup.o
USART3_IRQHandler                                 obj/startup.o
USBWakeUp_IRQHandler                              obj/startup.o
USB_HP_CAN1_TX_IRQHandler                         obj/startup.o
USB_LP_CAN1_RX0_IRQHandler                        obj/startup.o
UsageFault_Handler                                obj/stm32f1xx_it.o
WWDG_IRQHandler                                   obj/startup.o
_ITM_deregisterTMCloneTable                       /usr/lib/gcc/arm-none-eabi/4.9.3/armv7-m/crtbegin.o
_ITM_registerTMCloneTable                         /usr/lib/gcc/arm-none-eabi/4.9.3/armv7-m/crtbegin.o
_Jv_RegisterClasses                               /usr/lib/gcc/arm-none-eabi/4.9.3/armv7-m/crtbegin.o
__TMC_END__                                       /usr/lib/gcc/arm-none-eabi/4.9.3/armv7-m/crtend.o
                                                  /usr/lib/gcc/arm-none-eabi/4.9.3/armv7-m/crtbegin.o
__atexit_dummy                                    /usr/lib/gcc/arm-none-eabi/4.9.3/../../../arm-none-eabi/lib/armv7-m/libc_nano.a(lib_a-__atexit.o)
__bss_end__                                       /usr/lib/gcc/arm-none-eabi/4.9.3/../../../arm-none-eabi/lib/armv7-m/crt0.o
__bss_start__                                     /usr/lib/gcc/arm-none-eabi/4.9.3/../../../arm-none-eabi/lib/armv7-m/crt0.o
__call_exitprocs                                  /usr/lib/gcc/arm-none-eabi/4.9.3/../../../arm-none-eabi/lib/armv7-m/libc_nano.a(lib_a-__call_atexit.o)
                                                  /usr/lib/gcc/arm-none-eabi/4.9.3/../../../arm-none-eabi/lib/armv7-m/libc_nano.a(lib_a-__atexit.o)
                                                  /usr/lib/gcc/arm-none-eabi/4.9.3/../../../arm-none-eabi/lib/armv7-m/libc_nano.a(lib_a-exit.o)
__deregister_frame_info                           /usr/lib/gcc/arm-none-eabi/4.9.3/armv7-m/crtbegin.o
__dso_handle                                      /usr/lib/gcc/arm-none-eabi/4.9.3/armv7-m/crtbegin.o
__fini_array_end                                  /usr/lib/gcc/arm-none-eabi/4.9.3/../../../arm-none-eabi/lib/armv7-m/libc_nano.a(lib_a-fini.o)
__fini_array_start                                /usr/lib/gcc/arm-none-eabi/4.9.3/../../../arm-none-eabi/lib/armv7-m/libc_nano.a(lib_a-fini.o)
__fp_lock_all                                     /usr/lib/gcc/arm-none-eabi/4.9.3/../../../arm-none-eabi/lib/armv7-m/libc_nano.a(lib_a-findfp.o)
__fp_unlock_all                                   /usr/lib/gcc/arm-none-eabi/4.9.3/../../../arm-none-eabi/lib/armv7-m/libc_nano.a(lib_a-findfp.o)
__init_array_end                                  /usr/lib/gcc/arm-none-eabi/4.9.3/../../../arm-none-eabi/lib/armv7-m/libc_nano.a(lib_a-init.o)
__init_array_start                                /usr/lib/gcc/arm-none-eabi/4.9.3/../../../arm-none-eabi/lib/armv7-m/libc_nano.a(lib_a-init.o)
__libc_fini_array                                 /usr/lib/gcc/arm-none-eabi/4.9.3/../../../arm-none-eabi/lib/armv7-m/libc_nano.a(lib_a-fini.o)
                                                  /usr/lib/gcc/arm-none-eabi/4.9.3/../../../arm-none-eabi/lib/armv7-m/crt0.o
__libc_init_array                                 /usr/lib/gcc/arm-none-eabi/4.9.3/../../../arm-none-eabi/lib/armv7-m/libc_nano.a(lib_a-init.o)
                                                  obj/startup.o
                                                  /usr/lib/gcc/arm-none-eabi/4.9.3/../../../arm-none-eabi/lib/armv7-m/crt0.o
__malloc_free_list                                /usr/lib/gcc/arm-none-eabi/4.9.3/../../../arm-none-eabi/lib/armv7-m/libc_nano.a(lib_a-nano-mallocr.o)
                                                  /usr/lib/gcc/arm-none-eabi/4.9.3/../../../arm-none-eabi/lib/armv7-m/libc_nano.a(lib_a-nano-freer.o)
__malloc_sbrk_start                               /usr/lib/gcc/arm-none-eabi/4.9.3/../../../arm-none-eabi/lib/armv7-m/libc_nano.a(lib_a-nano-mallocr.o)
__preinit_array_end                               /usr/lib/gcc/arm-none-eabi/4.9.3/../../../arm-none-eabi/lib/armv7-m/libc_nano.a(lib_a-init.o)
__preinit_array_start                             /usr/lib/gcc/arm-none-eabi/4.9.3/../../../arm-none-eabi/lib/armv7-m/libc_nano.a(lib_a-init.o)
__register_exitproc                               /usr/lib/gcc/arm-none-eabi/4.9.3/../../../arm-none-eabi/lib/armv7-m/libc_nano.a(lib_a-__atexit.o)
                                                  /usr/lib/gcc/arm-none-eabi/4.9.3/../../../arm-none-eabi/lib/armv7-m/libc_nano.a(lib_a-atexit.o)
__register_frame_info                             /usr/lib/gcc/arm-none-eabi/4.9.3/armv7-m/crtbegin.o
__sclose                                          /usr/lib/gcc/arm-none-eabi/4.9.3/../../../arm-none-eabi/lib/armv7-m/libc_nano.a(lib_a-stdio.o)
                                                  /usr/lib/gcc/arm-none-eabi/4.9.3/../../../arm-none-eabi/lib/armv7-m/libc_nano.a(lib_a-findfp.o)
__seofread                                        /usr/lib/gcc/arm-none-eabi/4.9.3/../../../arm-none-eabi/lib/armv7-m/libc_nano.a(lib_a-stdio.o)
__sf_fake_stderr                                  /usr/lib/gcc/arm-none-eabi/4.9.3/../../../arm-none-eabi/lib/armv7-m/libc_nano.a(lib_a-findfp.o)
                                                  /usr/lib/gcc/arm-none-eabi/4.9.3/../../../arm-none-eabi/lib/armv7-m/libc_nano.a(lib_a-fflush.o)
                                                  /usr/lib/gcc/arm-none-eabi/4.9.3/../../../arm-none-eabi/lib/armv7-m/libc_nano.a(lib_a-wsetup.o)
                                                  /usr/lib/gcc/arm-none-eabi/4.9.3/../../../arm-none-eabi/lib/armv7-m/libc_nano.a(lib_a-wbuf.o)
                                                  /usr/lib/gcc/arm-none-eabi/4.9.3/../../../arm-none-eabi/lib/armv7-m/libc_nano.a(lib_a-nano-vfprintf.o)
                                                  /usr/lib/gcc/arm-none-eabi/4.9.3/../../../arm-none-eabi/lib/armv7-m/libc_nano.a(lib_a-impure.o)
__sf_fake_stdin                                   /usr/lib/gcc/arm-none-eabi/4.9.3/../../../arm-none-eabi/lib/armv7-m/libc_nano.a(lib_a-findfp.o)
                                                  /usr/lib/gcc/arm-none-eabi/4.9.3/../../../arm-none-eabi/lib/armv7-m/libc_nano.a(lib_a-fflush.o)
                                                  /usr/lib/gcc/arm-none-eabi/4.9.3/../../../arm-none-eabi/lib/armv7-m/libc_nano.a(lib_a-wsetup.o)
                                                  /usr/lib/gcc/arm-none-eabi/4.9.3/../../../arm-none-eabi/lib/armv7-m/libc_nano.a(lib_a-wbuf.o)
                                                  /usr/lib/gcc/arm-none-eabi/4.9.3/../../../arm-none-eabi/lib/armv7-m/libc_nano.a(lib_a-nano-vfprintf.o)
                                                  /usr/lib/gcc/arm-none-eabi/4.9.3/../../../arm-none-eabi/lib/armv7-m/libc_nano.a(lib_a-impure.o)
__sf_fake_stdout                                  /usr/lib/gcc/arm-none-eabi/4.9.3/../../../arm-none-eabi/lib/armv7-m/libc_nano.a(lib_a-findfp.o)
                                                  /usr/lib/gcc/arm-none-eabi/4.9.3/../../../arm-none-eabi/lib/armv7-m/libc_nano.a(lib_a-fflush.o)
                                                  /usr/lib/gcc/arm-none-eabi/4.9.3/../../../arm-none-eabi/lib/armv7-m/libc_nano.a(lib_a-wsetup.o)
                                                  /usr/lib/gcc/arm-none-eabi/4.9.3/../../../arm-none-eabi/lib/armv7-m/libc_nano.a(lib_a-wbuf.o)
                                                  /usr/lib/gcc/arm-none-eabi/4.9.3/../../../arm-none-eabi/lib/armv7-m/libc_nano.a(lib_a-nano-vfprintf.o)
                                                  /usr/lib/gcc/arm-none-eabi/4.9.3/../../../arm-none-eabi/lib/armv7-m/libc_nano.a(lib_a-impure.o)
__sflush_r                                        /usr/lib/gcc/arm-none-eabi/4.9.3/../../../arm-none-eabi/lib/armv7-m/libc_nano.a(lib_a-fflush.o)
__sfmoreglue                                      /usr/lib/gcc/arm-none-eabi/4.9.3/../../../arm-none-eabi/lib/armv7-m/libc_nano.a(lib_a-findfp.o)
__sfp                                             /usr/lib/gcc/arm-none-eabi/4.9.3/../../../arm-none-eabi/lib/armv7-m/libc_nano.a(lib_a-findfp.o)
__sfp_lock_acquire                                /usr/lib/gcc/arm-none-eabi/4.9.3/../../../arm-none-eabi/lib/armv7-m/libc_nano.a(lib_a-findfp.o)
__sfp_lock_release                                /usr/lib/gcc/arm-none-eabi/4.9.3/../../../arm-none-eabi/lib/armv7-m/libc_nano.a(lib_a-findfp.o)
__sfputs_r                                        /usr/lib/gcc/arm-none-eabi/4.9.3/../../../arm-none-eabi/lib/armv7-m/libc_nano.a(lib_a-nano-vfprintf.o)
__sfvwrite_r                                      /usr/lib/gcc/arm-none-eabi/4.9.3/../../../arm-none-eabi/lib/armv7-m/libc_nano.a(lib_a-fvwrite.o)
                                                  /usr/lib/gcc/arm-none-eabi/4.9.3/../../../arm-none-eabi/lib/armv7-m/libc_nano.a(lib_a-nano-vfprintf.o)
__sinit                                           /usr/lib/gcc/arm-none-eabi/4.9.3/../../../arm-none-eabi/lib/armv7-m/libc_nano.a(lib_a-findfp.o)
                                                  /usr/lib/gcc/arm-none-eabi/4.9.3/../../../arm-none-eabi/lib/armv7-m/libc_nano.a(lib_a-fflush.o)
                                                  /usr/lib/gcc/arm-none-eabi/4.9.3/../../../arm-none-eabi/lib/armv7-m/libc_nano.a(lib_a-wsetup.o)
                                                  /usr/lib/gcc/arm-none-eabi/4.9.3/../../../arm-none-eabi/lib/armv7-m/libc_nano.a(lib_a-wbuf.o)
                                                  /usr/lib/gcc/arm-none-eabi/4.9.3/../../../arm-none-eabi/lib/armv7-m/libc_nano.a(lib_a-nano-vfprintf.o)
                                                  /usr/lib/gcc/arm-none-eabi/4.9.3/../../../arm-none-eabi/lib/armv7-m/libc_nano.a(lib_a-printf.o)
__sinit_lock_acquire                              /usr/lib/gcc/arm-none-eabi/4.9.3/../../../arm-none-eabi/lib/armv7-m/libc_nano.a(lib_a-findfp.o)
__sinit_lock_release                              /usr/lib/gcc/arm-none-eabi/4.9.3/../../../arm-none-eabi/lib/armv7-m/libc_nano.a(lib_a-findfp.o)
__smakebuf_r                                      /usr/lib/gcc/arm-none-eabi/4.9.3/../../../arm-none-eabi/lib/armv7-m/libc_nano.a(lib_a-makebuf.o)
                                                  /usr/lib/gcc/arm-none-eabi/4.9.3/../../../arm-none-eabi/lib/armv7-m/libc_nano.a(lib_a-wsetup.o)
__sprint_r                                        /usr/lib/gcc/arm-none-eabi/4.9.3/../../../arm-none-eabi/lib/armv7-m/libc_nano.a(lib_a-nano-vfprintf.o)
__sread                                           /usr/lib/gcc/arm-none-eabi/4.9.3/../../../arm-none-eabi/lib/armv7-m/libc_nano.a(lib_a-stdio.o)
                                                  /usr/lib/gcc/arm-none-eabi/4.9.3/../../../arm-none-eabi/lib/armv7-m/libc_nano.a(lib_a-findfp.o)
__sseek                                           /usr/lib/gcc/arm-none-eabi/4.9.3/../../../arm-none-eabi/lib/armv7-m/libc_nano.a(lib_a-stdio.o)
                                                  /usr/lib/gcc/arm-none-eabi/4.9.3/../../../arm-none-eabi/lib/armv7-m/libc_nano.a(lib_a-findfp.o)
__stack                                           /usr/lib/gcc/arm-none-eabi/4.9.3/../../../arm-none-eabi/lib/armv7-m/crt0.o
__swbuf                                           /usr/lib/gcc/arm-none-eabi/4.9.3/../../../arm-none-eabi/lib/armv7-m/libc_nano.a(lib_a-wbuf.o)
__swbuf_r                                         /usr/lib/gcc/arm-none-eabi/4.9.3/../../../arm-none-eabi/lib/armv7-m/libc_nano.a(lib_a-wbuf.o)
                                                  /usr/lib/gcc/arm-none-eabi/4.9.3/../../../arm-none-eabi/lib/armv7-m/libc_nano.a(lib_a-nano-vfprintf.o)
__swrite                                          /usr/lib/gcc/arm-none-eabi/4.9.3/../../../arm-none-eabi/lib/armv7-m/libc_nano.a(lib_a-stdio.o)
                                                  /usr/lib/gcc/arm-none-eabi/4.9.3/../../../arm-none-eabi/lib/armv7-m/libc_nano.a(lib_a-findfp.o)
__swsetup_r                                       /usr/lib/gcc/arm-none-eabi/4.9.3/../../../arm-none-eabi/lib/armv7-m/libc_nano.a(lib_a-wsetup.o)
                                                  /usr/lib/gcc/arm-none-eabi/4.9.3/../../../arm-none-eabi/lib/armv7-m/libc_nano.a(lib_a-fvwrite.o)
                                                  /usr/lib/gcc/arm-none-eabi/4.9.3/../../../arm-none-eabi/lib/armv7-m/libc_nano.a(lib_a-wbuf.o)
                                                  /usr/lib/gcc/arm-none-eabi/4.9.3/../../../arm-none-eabi/lib/armv7-m/libc_nano.a(lib_a-nano-vfprintf.o)
_cleanup                                          /usr/lib/gcc/arm-none-eabi/4.9.3/../../../arm-none-eabi/lib/armv7-m/libc_nano.a(lib_a-findfp.o)
_cleanup_r                                        /usr/lib/gcc/arm-none-eabi/4.9.3/../../../arm-none-eabi/lib/armv7-m/libc_nano.a(lib_a-findfp.o)
                                                  /usr/lib/gcc/arm-none-eabi/4.9.3/../../../arm-none-eabi/lib/armv7-m/libc_nano.a(lib_a-makebuf.o)
_close                                            /usr/lib/gcc/arm-none-eabi/4.9.3/../../../arm-none-eabi/lib/armv7-m/libc_nano.a(lib_a-closer.o)
_close_r                                          /usr/lib/gcc/arm-none-eabi/4.9.3/../../../arm-none-eabi/lib/armv7-m/libc_nano.a(lib_a-closer.o)
                                                  /usr/lib/gcc/arm-none-eabi/4.9.3/../../../arm-none-eabi/lib/armv7-m/libc_nano.a(lib_a-stdio.o)
_ebss                                             obj/startup.o
_edata                                            obj/startup.o
_estack                                           obj/startup.o
_exit                                             /usr/lib/gcc/arm-none-eabi/4.9.3/../../../arm-none-eabi/lib/armv7-m/libc_nano.a(lib_a-exit.o)
_fflush_r                                         /usr/lib/gcc/arm-none-eabi/4.9.3/../../../arm-none-eabi/lib/armv7-m/libc_nano.a(lib_a-fflush.o)
                                                  /usr/lib/gcc/arm-none-eabi/4.9.3/../../../arm-none-eabi/lib/armv7-m/libc_nano.a(lib_a-fvwrite.o)
                                                  /usr/lib/gcc/arm-none-eabi/4.9.3/../../../arm-none-eabi/lib/armv7-m/libc_nano.a(lib_a-wbuf.o)
                                                  /usr/lib/gcc/arm-none-eabi/4.9.3/../../../arm-none-eabi/lib/armv7-m/libc_nano.a(lib_a-findfp.o)
_fini                                             /usr/lib/gcc/arm-none-eabi/4.9.3/armv7-m/crti.o
                                                  /usr/lib/gcc/arm-none-eabi/4.9.3/../../../arm-none-eabi/lib/armv7-m/libc_nano.a(lib_a-fini.o)
_free_r                                           /usr/lib/gcc/arm-none-eabi/4.9.3/../../../arm-none-eabi/lib/armv7-m/libc_nano.a(lib_a-nano-freer.o)
                                                  /usr/lib/gcc/arm-none-eabi/4.9.3/../../../arm-none-eabi/lib/armv7-m/libc_nano.a(lib_a-reent.o)
                                                  /usr/lib/gcc/arm-none-eabi/4.9.3/../../../arm-none-eabi/lib/armv7-m/libc_nano.a(lib_a-nano-reallocr.o)
                                                  /usr/lib/gcc/arm-none-eabi/4.9.3/../../../arm-none-eabi/lib/armv7-m/libc_nano.a(lib_a-fvwrite.o)
                                                  /usr/lib/gcc/arm-none-eabi/4.9.3/../../../arm-none-eabi/lib/armv7-m/libc_nano.a(lib_a-fflush.o)
                                                  /usr/lib/gcc/arm-none-eabi/4.9.3/../../../arm-none-eabi/lib/armv7-m/libc_nano.a(lib_a-wsetup.o)
_fstat                                            /usr/lib/gcc/arm-none-eabi/4.9.3/../../../arm-none-eabi/lib/armv7-m/libc_nano.a(lib_a-fstatr.o)
_fstat_r                                          /usr/lib/gcc/arm-none-eabi/4.9.3/../../../arm-none-eabi/lib/armv7-m/libc_nano.a(lib_a-fstatr.o)
                                                  /usr/lib/gcc/arm-none-eabi/4.9.3/../../../arm-none-eabi/lib/armv7-m/libc_nano.a(lib_a-makebuf.o)
_fwalk                                            /usr/lib/gcc/arm-none-eabi/4.9.3/../../../arm-none-eabi/lib/armv7-m/libc_nano.a(lib_a-fwalk.o)
                                                  /usr/lib/gcc/arm-none-eabi/4.9.3/../../../arm-none-eabi/lib/armv7-m/libc_nano.a(lib_a-findfp.o)
_fwalk_reent                                      /usr/lib/gcc/arm-none-eabi/4.9.3/../../../arm-none-eabi/lib/armv7-m/libc_nano.a(lib_a-fwalk.o)
                                                  /usr/lib/gcc/arm-none-eabi/4.9.3/../../../arm-none-eabi/lib/armv7-m/libc_nano.a(lib_a-fflush.o)
                                                  /usr/lib/gcc/arm-none-eabi/4.9.3/../../../arm-none-eabi/lib/armv7-m/libc_nano.a(lib_a-findfp.o)
_global_atexit                                    /usr/lib/gcc/arm-none-eabi/4.9.3/../../../arm-none-eabi/lib/armv7-m/libc_nano.a(lib_a-__call_atexit.o)
                                                  /usr/lib/gcc/arm-none-eabi/4.9.3/../../../arm-none-eabi/lib/armv7-m/libc_nano.a(lib_a-__atexit.o)
_global_impure_ptr                                /usr/lib/gcc/arm-none-eabi/4.9.3/../../../arm-none-eabi/lib/armv7-m/libc_nano.a(lib_a-impure.o)
                                                  /usr/lib/gcc/arm-none-eabi/4.9.3/../../../arm-none-eabi/lib/armv7-m/libc_nano.a(lib_a-fflush.o)
                                                  /usr/lib/gcc/arm-none-eabi/4.9.3/../../../arm-none-eabi/lib/armv7-m/libc_nano.a(lib_a-findfp.o)
                                                  /usr/lib/gcc/arm-none-eabi/4.9.3/../../../arm-none-eabi/lib/armv7-m/libc_nano.a(lib_a-exit.o)
_impure_ptr                                       /usr/lib/gcc/arm-none-eabi/4.9.3/../../../arm-none-eabi/lib/armv7-m/libc_nano.a(lib_a-impure.o)
                                                  /usr/lib/gcc/arm-none-eabi/4.9.3/../../../arm-none-eabi/lib/armv7-m/libc_nano.a(lib_a-reent.o)
                                                  /usr/lib/gcc/arm-none-eabi/4.9.3/../../../arm-none-eabi/lib/armv7-m/libc_nano.a(lib_a-fflush.o)
                                                  /usr/lib/gcc/arm-none-eabi/4.9.3/../../../arm-none-eabi/lib/armv7-m/libc_nano.a(lib_a-wsetup.o)
                                                  /usr/lib/gcc/arm-none-eabi/4.9.3/../../../arm-none-eabi/lib/armv7-m/libc_nano.a(lib_a-wbuf.o)